../Core/Src/ST7735_display.c:29:6:ST7735_SendCommand	16	static
../Core/Src/ST7735_display.c:37:6:ST7735_SendData	16	static
../Core/Src/ST7735_display.c:45:6:ST7735_Reset	8	static
../Core/Src/ST7735_display.c:53:6:ST7735_Init	24	static
../Core/Src/ST7735_display.c:78:6:ST7735_FillScreen	32	static
../Core/Src/ST7735_display.c:100:6:ST7735_Draw_Simple_Pix	40	static
../Core/Src/ST7735_display.c:124:6:ST7735_Display_BMPImage	56	static
../Core/Src/ST7735_display.c:169:6:extract_BMP_Info	16	static
../Core/Src/ST7735_display.c:177:9:Display_BMP_picture	4280	dynamic
../Core/Src/ST7735_display.c:285:6:ST7735_video_display	24	static
../Core/Src/ST7735_display.c:311:9:play_video	10288	static
../Core/Src/ST7735_display.c:376:6:Allocate_video_buffer	16	static
../Core/Src/ST7735_display.c:382:6:Deallocate_video_buffer	16	static
