../Core/Src/lvgl/src/widgets/dropdown/../../core/lv_obj_style_gen.h:124:23:lv_obj_get_style_transform_rotation	24	static
../Core/Src/lvgl/src/widgets/dropdown/../../core/lv_obj_style_gen.h:154:23:lv_obj_get_style_pad_top	24	static
../Core/Src/lvgl/src/widgets/dropdown/../../core/lv_obj_style_gen.h:160:23:lv_obj_get_style_pad_bottom	24	static
../Core/Src/lvgl/src/widgets/dropdown/../../core/lv_obj_style_gen.h:166:23:lv_obj_get_style_pad_left	24	static
../Core/Src/lvgl/src/widgets/dropdown/../../core/lv_obj_style_gen.h:172:23:lv_obj_get_style_pad_right	24	static
../Core/Src/lvgl/src/widgets/dropdown/../../core/lv_obj_style_gen.h:184:23:lv_obj_get_style_pad_column	24	static
../Core/Src/lvgl/src/widgets/dropdown/../../core/lv_obj_style_gen.h:340:23:lv_obj_get_style_border_width	24	static
../Core/Src/lvgl/src/widgets/dropdown/../../core/lv_obj_style_gen.h:550:33:lv_obj_get_style_text_font	24	static
../Core/Src/lvgl/src/widgets/dropdown/../../core/lv_obj_style_gen.h:562:23:lv_obj_get_style_text_line_space	24	static
../Core/Src/lvgl/src/widgets/dropdown/../../core/lv_obj_style_gen.h:688:29:lv_obj_get_style_base_dir	24	static
../Core/Src/lvgl/src/widgets/dropdown/lv_dropdown.c:156:12:lv_dropdown_create	24	static
../Core/Src/lvgl/src/widgets/dropdown/lv_dropdown.c:168:6:lv_dropdown_set_text	24	static
../Core/Src/lvgl/src/widgets/dropdown/lv_dropdown.c:179:6:lv_dropdown_set_options	32	static
../Core/Src/lvgl/src/widgets/dropdown/lv_dropdown.c:226:6:lv_dropdown_set_options_static	24	static
../Core/Src/lvgl/src/widgets/dropdown/lv_dropdown.c:255:6:lv_dropdown_add_option	64	static
../Core/Src/lvgl/src/widgets/dropdown/lv_dropdown.c:327:6:lv_dropdown_clear_options	24	static
../Core/Src/lvgl/src/widgets/dropdown/lv_dropdown.c:344:6:lv_dropdown_set_selected	24	static
../Core/Src/lvgl/src/widgets/dropdown/lv_dropdown.c:361:6:lv_dropdown_set_dir	24	static
../Core/Src/lvgl/src/widgets/dropdown/lv_dropdown.c:373:6:lv_dropdown_set_symbol	24	static
../Core/Src/lvgl/src/widgets/dropdown/lv_dropdown.c:382:6:lv_dropdown_set_selected_highlight	24	static
../Core/Src/lvgl/src/widgets/dropdown/lv_dropdown.c:395:12:lv_dropdown_get_list	24	static
../Core/Src/lvgl/src/widgets/dropdown/lv_dropdown.c:403:14:lv_dropdown_get_text	24	static
../Core/Src/lvgl/src/widgets/dropdown/lv_dropdown.c:411:14:lv_dropdown_get_options	24	static
../Core/Src/lvgl/src/widgets/dropdown/lv_dropdown.c:419:10:lv_dropdown_get_selected	24	static
../Core/Src/lvgl/src/widgets/dropdown/lv_dropdown.c:428:10:lv_dropdown_get_option_count	24	static
../Core/Src/lvgl/src/widgets/dropdown/lv_dropdown.c:437:6:lv_dropdown_get_selected_str	48	static
../Core/Src/lvgl/src/widgets/dropdown/lv_dropdown.c:471:9:lv_dropdown_get_option_index	40	static
../Core/Src/lvgl/src/widgets/dropdown/lv_dropdown.c:495:14:lv_dropdown_get_symbol	24	static
../Core/Src/lvgl/src/widgets/dropdown/lv_dropdown.c:502:6:lv_dropdown_get_selected_highlight	24	static
../Core/Src/lvgl/src/widgets/dropdown/lv_dropdown.c:509:10:lv_dropdown_get_dir	24	static
../Core/Src/lvgl/src/widgets/dropdown/lv_dropdown.c:520:6:lv_dropdown_open	80	static
../Core/Src/lvgl/src/widgets/dropdown/lv_dropdown.c:618:6:lv_dropdown_close	24	static
../Core/Src/lvgl/src/widgets/dropdown/lv_dropdown.c:631:6:lv_dropdown_is_open	24	static
../Core/Src/lvgl/src/widgets/dropdown/lv_dropdown.c:643:19:lv_dropdown_list_create	24	static
../Core/Src/lvgl/src/widgets/dropdown/lv_dropdown.c:651:13:lv_dropdown_constructor	24	static
../Core/Src/lvgl/src/widgets/dropdown/lv_dropdown.c:683:13:lv_dropdown_destructor	24	static
../Core/Src/lvgl/src/widgets/dropdown/lv_dropdown.c:699:13:lv_dropdownlist_constructor	16	static
../Core/Src/lvgl/src/widgets/dropdown/lv_dropdown.c:714:13:lv_dropdownlist_destructor	32	static
../Core/Src/lvgl/src/widgets/dropdown/lv_dropdown.c:723:13:lv_dropdown_event	64	static
../Core/Src/lvgl/src/widgets/dropdown/lv_dropdown.c:826:13:lv_dropdown_list_event	40	static
../Core/Src/lvgl/src/widgets/dropdown/lv_dropdown.c:861:13:draw_main	600	static
../Core/Src/lvgl/src/widgets/dropdown/lv_dropdown.c:997:13:draw_list	80	static
../Core/Src/lvgl/src/widgets/dropdown/lv_dropdown.c:1033:13:draw_box	176	static
../Core/Src/lvgl/src/widgets/dropdown/lv_dropdown.c:1073:13:draw_box_label	216	static
../Core/Src/lvgl/src/widgets/dropdown/lv_dropdown.c:1121:20:btn_release_handler	32	static
../Core/Src/lvgl/src/widgets/dropdown/lv_dropdown.c:1157:20:list_release_handler	56	static
../Core/Src/lvgl/src/widgets/dropdown/lv_dropdown.c:1193:13:list_press_handler	40	static
../Core/Src/lvgl/src/widgets/dropdown/lv_dropdown.c:1208:17:get_id_on_point	48	static
../Core/Src/lvgl/src/widgets/dropdown/lv_dropdown.c:1232:13:position_to_selected	56	static
../Core/Src/lvgl/src/widgets/dropdown/lv_dropdown.c:1252:19:get_label	24	static
