../Core/Src/lvgl/src/themes/simple/../../core/../misc/lv_style.h:531:20:lv_style_set_pad_all	16	static
../Core/Src/lvgl/src/themes/simple/lv_theme_simple.c:77:13:style_init	88	static
../Core/Src/lvgl/src/themes/simple/lv_theme_simple.c:145:14:lv_theme_simple_init	32	static
../Core/Src/lvgl/src/themes/simple/lv_theme_simple.c:173:6:lv_theme_simple_is_inited	16	static
../Core/Src/lvgl/src/themes/simple/lv_theme_simple.c:180:14:lv_theme_simple_get	8	static
../Core/Src/lvgl/src/themes/simple/lv_theme_simple.c:189:6:lv_theme_simple_deinit	24	static
../Core/Src/lvgl/src/themes/simple/lv_theme_simple.c:209:13:theme_apply	24	static
../Core/Src/lvgl/src/themes/simple/lv_theme_simple.c:429:13:style_init_reset	16	static
