../Drivers/STM32H7xx_HAL_Driver/Src/stm32h7xx_hal_ospi.c:350:19:HAL_OSPI_Init	32	static
../Drivers/STM32H7xx_HAL_Driver/Src/stm32h7xx_hal_ospi.c:482:13:HAL_OSPI_MspInit	16	static
../Drivers/STM32H7xx_HAL_Driver/Src/stm32h7xx_hal_ospi.c:497:19:HAL_OSPI_DeInit	24	static
../Drivers/STM32H7xx_HAL_Driver/Src/stm32h7xx_hal_ospi.c:540:13:HAL_OSPI_MspDeInit	16	static
../Drivers/STM32H7xx_HAL_Driver/Src/stm32h7xx_hal_ospi.c:580:6:HAL_OSPI_IRQHandler	32	static
../Drivers/STM32H7xx_HAL_Driver/Src/stm32h7xx_hal_ospi.c:811:19:HAL_OSPI_Command	48	static
../Drivers/STM32H7xx_HAL_Driver/Src/stm32h7xx_hal_ospi.c:943:19:HAL_OSPI_Command_IT	32	static
../Drivers/STM32H7xx_HAL_Driver/Src/stm32h7xx_hal_ospi.c:1033:19:HAL_OSPI_HyperbusCfg	48	static
../Drivers/STM32H7xx_HAL_Driver/Src/stm32h7xx_hal_ospi.c:1080:19:HAL_OSPI_HyperbusCmd	40	static
../Drivers/STM32H7xx_HAL_Driver/Src/stm32h7xx_hal_ospi.c:1142:19:HAL_OSPI_Transmit	48	static
../Drivers/STM32H7xx_HAL_Driver/Src/stm32h7xx_hal_ospi.c:1217:19:HAL_OSPI_Receive	56	static
../Drivers/STM32H7xx_HAL_Driver/Src/stm32h7xx_hal_ospi.c:1310:19:HAL_OSPI_Transmit_IT	24	static
../Drivers/STM32H7xx_HAL_Driver/Src/stm32h7xx_hal_ospi.c:1360:19:HAL_OSPI_Receive_IT	32	static
../Drivers/STM32H7xx_HAL_Driver/Src/stm32h7xx_hal_ospi.c:1433:19:HAL_OSPI_Transmit_DMA	40	static
../Drivers/STM32H7xx_HAL_Driver/Src/stm32h7xx_hal_ospi.c:1537:19:HAL_OSPI_Receive_DMA	48	static
../Drivers/STM32H7xx_HAL_Driver/Src/stm32h7xx_hal_ospi.c:1655:19:HAL_OSPI_AutoPolling	48	static
../Drivers/STM32H7xx_HAL_Driver/Src/stm32h7xx_hal_ospi.c:1733:19:HAL_OSPI_AutoPolling_IT	40	static
../Drivers/STM32H7xx_HAL_Driver/Src/stm32h7xx_hal_ospi.c:1808:19:HAL_OSPI_MemoryMapped	32	static
../Drivers/STM32H7xx_HAL_Driver/Src/stm32h7xx_hal_ospi.c:1861:13:HAL_OSPI_ErrorCallback	16	static
../Drivers/STM32H7xx_HAL_Driver/Src/stm32h7xx_hal_ospi.c:1876:13:HAL_OSPI_AbortCpltCallback	16	static
../Drivers/STM32H7xx_HAL_Driver/Src/stm32h7xx_hal_ospi.c:1891:13:HAL_OSPI_FifoThresholdCallback	16	static
../Drivers/STM32H7xx_HAL_Driver/Src/stm32h7xx_hal_ospi.c:1906:13:HAL_OSPI_CmdCpltCallback	16	static
../Drivers/STM32H7xx_HAL_Driver/Src/stm32h7xx_hal_ospi.c:1921:13:HAL_OSPI_RxCpltCallback	16	static
../Drivers/STM32H7xx_HAL_Driver/Src/stm32h7xx_hal_ospi.c:1936:13:HAL_OSPI_TxCpltCallback	16	static
../Drivers/STM32H7xx_HAL_Driver/Src/stm32h7xx_hal_ospi.c:1951:13:HAL_OSPI_RxHalfCpltCallback	16	static
../Drivers/STM32H7xx_HAL_Driver/Src/stm32h7xx_hal_ospi.c:1966:13:HAL_OSPI_TxHalfCpltCallback	16	static
../Drivers/STM32H7xx_HAL_Driver/Src/stm32h7xx_hal_ospi.c:1981:13:HAL_OSPI_StatusMatchCallback	16	static
../Drivers/STM32H7xx_HAL_Driver/Src/stm32h7xx_hal_ospi.c:1996:13:HAL_OSPI_TimeOutCallback	16	static
../Drivers/STM32H7xx_HAL_Driver/Src/stm32h7xx_hal_ospi.c:2247:19:HAL_OSPI_Abort	40	static
../Drivers/STM32H7xx_HAL_Driver/Src/stm32h7xx_hal_ospi.c:2315:19:HAL_OSPI_Abort_IT	24	static
../Drivers/STM32H7xx_HAL_Driver/Src/stm32h7xx_hal_ospi.c:2393:19:HAL_OSPI_SetFifoThreshold	24	static
../Drivers/STM32H7xx_HAL_Driver/Src/stm32h7xx_hal_ospi.c:2421:10:HAL_OSPI_GetFifoThreshold	16	static
../Drivers/STM32H7xx_HAL_Driver/Src/stm32h7xx_hal_ospi.c:2431:19:HAL_OSPI_SetTimeout	16	static
../Drivers/STM32H7xx_HAL_Driver/Src/stm32h7xx_hal_ospi.c:2442:10:HAL_OSPI_GetError	16	static
../Drivers/STM32H7xx_HAL_Driver/Src/stm32h7xx_hal_ospi.c:2452:10:HAL_OSPI_GetState	16	static
../Drivers/STM32H7xx_HAL_Driver/Src/stm32h7xx_hal_ospi.c:2484:19:HAL_OSPIM_Config	88	static
../Drivers/STM32H7xx_HAL_Driver/Src/stm32h7xx_hal_ospi.c:2739:13:OSPI_DMACplt	24	static
../Drivers/STM32H7xx_HAL_Driver/Src/stm32h7xx_hal_ospi.c:2759:13:OSPI_DMAError	24	static
../Drivers/STM32H7xx_HAL_Driver/Src/stm32h7xx_hal_ospi.c:2795:13:OSPI_DMAAbortOnError	24	static
../Drivers/STM32H7xx_HAL_Driver/Src/stm32h7xx_hal_ospi.c:2830:13:OSPI_DMAAbortCplt	24	static
../Drivers/STM32H7xx_HAL_Driver/Src/stm32h7xx_hal_ospi.c:2887:26:OSPI_WaitFlagStateUntilTimeout	24	static
../Drivers/STM32H7xx_HAL_Driver/Src/stm32h7xx_hal_ospi.c:2914:26:OSPI_ConfigCmd	40	static
../Drivers/STM32H7xx_HAL_Driver/Src/stm32h7xx_hal_ospi.c:3095:26:OSPIM_GetConfig	32	static
