../Core/Src/display.c:39:6:SendCommand	16	static
../Core/Src/display.c:46:6:SendData	16	static
../Core/Src/display.c:53:6:Reset	8	static
../Core/Src/display.c:60:6:writedata	16	static
../Core/Src/display.c:67:6:LCD_Init	24	static
../Core/Src/display.c:108:6:FillScreen	40	static
../Core/Src/display.c:132:6:TFT_AdjustGamma	48	static
../Core/Src/display.c:144:6:Draw_ChunkOfColor	40	static
../Core/Src/display.c:167:6:Draw_PixData	48	static
../Core/Src/display.c:212:17:RGB565_R_B_swap	24	static
../Core/Src/display.c:222:6:Display_BMPImage	64	static
../Core/Src/display.c:269:6:extract_BMP_Info	16	static
../Core/Src/display.c:277:13:Upside_down	16	static
../Core/Src/display.c:289:9:Display_BMP_picture	4280	dynamic
../Core/Src/display.c:378:6:video_display	56	static
../Core/Src/display.c:426:9:play_video	76872	static
../Core/Src/display.c:484:6:Allocate_video_buffer	16	static
../Core/Src/display.c:491:6:Deallocate_video_buffer	16	static
../Core/Src/display.c:497:10:AVI_DataOffset	32	static
../Core/Src/display.c:532:9:AVI_video_display	200	static
