../Core/Src/stm32h7xx_hal_msp.c:64:6:HAL_MspInit	8	static
../Core/Src/stm32h7xx_hal_msp.c:86:6:HAL_DMA2D_MspInit	8	static
../Core/Src/stm32h7xx_hal_msp.c:109:6:HAL_DMA2D_MspDeInit	0	static
../Core/Src/stm32h7xx_hal_msp.c:131:6:HAL_SD_MspInit	240	static
../Core/Src/stm32h7xx_hal_msp.c:195:6:HAL_SD_MspDeInit	8	static
../Core/Src/stm32h7xx_hal_msp.c:233:6:HAL_SPI_MspInit	248	static
../Core/Src/stm32h7xx_hal_msp.c:312:6:HAL_SPI_MspDeInit	8	static
../Core/Src/stm32h7xx_hal_msp.c:349:6:HAL_UART_MspInit	224	static
../Core/Src/stm32h7xx_hal_msp.c:397:6:HAL_UART_MspDeInit	0	static
