../Core/Src/lvgl/src/widgets/arc/../../core/lv_obj_style_gen.h:154:23:lv_obj_get_style_pad_top	24	static
../Core/Src/lvgl/src/widgets/arc/../../core/lv_obj_style_gen.h:160:23:lv_obj_get_style_pad_bottom	24	static
../Core/Src/lvgl/src/widgets/arc/../../core/lv_obj_style_gen.h:166:23:lv_obj_get_style_pad_left	24	static
../Core/Src/lvgl/src/widgets/arc/../../core/lv_obj_style_gen.h:172:23:lv_obj_get_style_pad_right	24	static
../Core/Src/lvgl/src/widgets/arc/../../core/lv_obj_style_gen.h:358:23:lv_obj_get_style_outline_width	24	static
../Core/Src/lvgl/src/widgets/arc/../../core/lv_obj_style_gen.h:382:23:lv_obj_get_style_outline_pad	24	static
../Core/Src/lvgl/src/widgets/arc/../../core/lv_obj_style_gen.h:388:23:lv_obj_get_style_shadow_width	24	static
../Core/Src/lvgl/src/widgets/arc/../../core/lv_obj_style_gen.h:394:23:lv_obj_get_style_shadow_offset_x	24	static
../Core/Src/lvgl/src/widgets/arc/../../core/lv_obj_style_gen.h:400:23:lv_obj_get_style_shadow_offset_y	24	static
../Core/Src/lvgl/src/widgets/arc/../../core/lv_obj_style_gen.h:406:23:lv_obj_get_style_shadow_spread	24	static
../Core/Src/lvgl/src/widgets/arc/../../core/lv_obj_style_gen.h:496:23:lv_obj_get_style_arc_width	24	static
../Core/Src/lvgl/src/widgets/arc/../../core/lv_obj_style_gen.h:502:20:lv_obj_get_style_arc_rounded	24	static
../Core/Src/lvgl/src/widgets/arc/lv_arc.c:74:12:lv_arc_create	24	static
../Core/Src/lvgl/src/widgets/arc/lv_arc.c:94:6:lv_arc_set_start_angle	32	static
../Core/Src/lvgl/src/widgets/arc/lv_arc.c:118:6:lv_arc_set_end_angle	32	static
../Core/Src/lvgl/src/widgets/arc/lv_arc.c:141:6:lv_arc_set_angles	24	static
../Core/Src/lvgl/src/widgets/arc/lv_arc.c:147:6:lv_arc_set_bg_start_angle	32	static
../Core/Src/lvgl/src/widgets/arc/lv_arc.c:169:6:lv_arc_set_bg_end_angle	32	static
../Core/Src/lvgl/src/widgets/arc/lv_arc.c:191:6:lv_arc_set_bg_angles	24	static
../Core/Src/lvgl/src/widgets/arc/lv_arc.c:197:6:lv_arc_set_rotation	24	static
../Core/Src/lvgl/src/widgets/arc/lv_arc.c:210:6:lv_arc_set_mode	32	static
../Core/Src/lvgl/src/widgets/arc/lv_arc.c:239:6:lv_arc_set_value	24	static
../Core/Src/lvgl/src/widgets/arc/lv_arc.c:256:6:lv_arc_set_range	32	static
../Core/Src/lvgl/src/widgets/arc/lv_arc.c:276:6:lv_arc_set_min_value	16	static
../Core/Src/lvgl/src/widgets/arc/lv_arc.c:281:6:lv_arc_set_max_value	16	static
../Core/Src/lvgl/src/widgets/arc/lv_arc.c:286:6:lv_arc_set_change_rate	24	static
../Core/Src/lvgl/src/widgets/arc/lv_arc.c:294:6:lv_arc_set_knob_offset	24	static
../Core/Src/lvgl/src/widgets/arc/lv_arc.c:306:20:lv_arc_get_angle_start	16	static
../Core/Src/lvgl/src/widgets/arc/lv_arc.c:312:20:lv_arc_get_angle_end	16	static
../Core/Src/lvgl/src/widgets/arc/lv_arc.c:318:20:lv_arc_get_bg_angle_start	16	static
../Core/Src/lvgl/src/widgets/arc/lv_arc.c:324:20:lv_arc_get_bg_angle_end	16	static
../Core/Src/lvgl/src/widgets/arc/lv_arc.c:330:9:lv_arc_get_value	16	static
../Core/Src/lvgl/src/widgets/arc/lv_arc.c:336:9:lv_arc_get_min_value	16	static
../Core/Src/lvgl/src/widgets/arc/lv_arc.c:342:9:lv_arc_get_max_value	16	static
../Core/Src/lvgl/src/widgets/arc/lv_arc.c:348:15:lv_arc_get_mode	16	static
../Core/Src/lvgl/src/widgets/arc/lv_arc.c:354:9:lv_arc_get_rotation	16	static
../Core/Src/lvgl/src/widgets/arc/lv_arc.c:360:9:lv_arc_get_knob_offset	16	static
../Core/Src/lvgl/src/widgets/arc/lv_arc.c:370:6:lv_arc_align_obj_to_angle	64	static
../Core/Src/lvgl/src/widgets/arc/lv_arc.c:391:6:lv_arc_rotate_obj_to_angle	64	static
../Core/Src/lvgl/src/widgets/arc/lv_arc.c:422:13:lv_arc_constructor	24	static
../Core/Src/lvgl/src/widgets/arc/lv_arc.c:453:13:lv_arc_event	264	static
../Core/Src/lvgl/src/widgets/arc/lv_arc.c:721:13:lv_arc_draw	240	static
../Core/Src/lvgl/src/widgets/arc/lv_arc.c:775:13:inv_arc_area	88	static
../Core/Src/lvgl/src/widgets/arc/lv_arc.c:808:13:inv_knob_area	48	static
../Core/Src/lvgl/src/widgets/arc/lv_arc.c:826:13:get_center	56	static
../Core/Src/lvgl/src/widgets/arc/lv_arc.c:842:27:get_angle	40	static
../Core/Src/lvgl/src/widgets/arc/lv_arc.c:867:13:get_knob_area	64	static
../Core/Src/lvgl/src/widgets/arc/lv_arc.c:893:13:value_update	56	static
../Core/Src/lvgl/src/widgets/arc/lv_arc.c:938:16:knob_get_extra_size	24	static
../Core/Src/lvgl/src/widgets/arc/lv_arc.c:975:13:lv_arc_angle_within_bg_bounds	32	static
