../Core/Src/lvgl/src/widgets/textarea/../../core/../misc/../font/../draw/../misc/lv_area.h:107:20:lv_area_copy	16	static
../Core/Src/lvgl/src/widgets/textarea/../../core/lv_obj_style_gen.h:154:23:lv_obj_get_style_pad_top	24	static
../Core/Src/lvgl/src/widgets/textarea/../../core/lv_obj_style_gen.h:160:23:lv_obj_get_style_pad_bottom	24	static
../Core/Src/lvgl/src/widgets/textarea/../../core/lv_obj_style_gen.h:166:23:lv_obj_get_style_pad_left	24	static
../Core/Src/lvgl/src/widgets/textarea/../../core/lv_obj_style_gen.h:172:23:lv_obj_get_style_pad_right	24	static
../Core/Src/lvgl/src/widgets/textarea/../../core/lv_obj_style_gen.h:340:23:lv_obj_get_style_border_width	24	static
../Core/Src/lvgl/src/widgets/textarea/../../core/lv_obj_style_gen.h:532:26:lv_obj_get_style_text_color	24	static
../Core/Src/lvgl/src/widgets/textarea/../../core/lv_obj_style_gen.h:550:33:lv_obj_get_style_text_font	24	static
../Core/Src/lvgl/src/widgets/textarea/../../core/lv_obj_style_gen.h:556:23:lv_obj_get_style_text_letter_space	24	static
../Core/Src/lvgl/src/widgets/textarea/../../core/lv_obj_style_gen.h:562:23:lv_obj_get_style_text_line_space	24	static
../Core/Src/lvgl/src/widgets/textarea/../../core/lv_obj_style_gen.h:664:24:lv_obj_get_style_anim_duration	24	static
../Core/Src/lvgl/src/widgets/textarea/lv_textarea.c:186:12:lv_textarea_create	24	static
../Core/Src/lvgl/src/widgets/textarea/lv_textarea.c:198:6:lv_textarea_add_char	64	static
../Core/Src/lvgl/src/widgets/textarea/lv_textarea.c:270:6:lv_textarea_add_text	48	static
../Core/Src/lvgl/src/widgets/textarea/lv_textarea.c:320:6:lv_textarea_delete_char	48	static
../Core/Src/lvgl/src/widgets/textarea/lv_textarea.c:364:6:lv_textarea_delete_char_forward	24	static
../Core/Src/lvgl/src/widgets/textarea/lv_textarea.c:377:6:lv_textarea_set_text	32	static
../Core/Src/lvgl/src/widgets/textarea/lv_textarea.c:423:6:lv_textarea_set_placeholder_text	24	static
../Core/Src/lvgl/src/widgets/textarea/lv_textarea.c:452:6:lv_textarea_set_cursor_pos	32	static
../Core/Src/lvgl/src/widgets/textarea/lv_textarea.c:473:6:lv_textarea_set_cursor_click_pos	24	static
../Core/Src/lvgl/src/widgets/textarea/lv_textarea.c:481:6:lv_textarea_set_password_mode	24	static
../Core/Src/lvgl/src/widgets/textarea/lv_textarea.c:512:6:lv_textarea_set_password_bullet	24	static
../Core/Src/lvgl/src/widgets/textarea/lv_textarea.c:542:6:lv_textarea_set_one_line	32	static
../Core/Src/lvgl/src/widgets/textarea/lv_textarea.c:566:6:lv_textarea_set_accepted_chars	24	static
../Core/Src/lvgl/src/widgets/textarea/lv_textarea.c:575:6:lv_textarea_set_max_length	24	static
../Core/Src/lvgl/src/widgets/textarea/lv_textarea.c:584:6:lv_textarea_set_insert_replace	16	static
../Core/Src/lvgl/src/widgets/textarea/lv_textarea.c:592:6:lv_textarea_set_text_selection	24	static
../Core/Src/lvgl/src/widgets/textarea/lv_textarea.c:608:6:lv_textarea_set_password_show_time	24	static
../Core/Src/lvgl/src/widgets/textarea/lv_textarea.c:617:6:lv_textarea_set_align	16	static
../Core/Src/lvgl/src/widgets/textarea/lv_textarea.c:640:14:lv_textarea_get_text	24	static
../Core/Src/lvgl/src/widgets/textarea/lv_textarea.c:657:14:lv_textarea_get_placeholder_text	24	static
../Core/Src/lvgl/src/widgets/textarea/lv_textarea.c:666:12:lv_textarea_get_label	24	static
../Core/Src/lvgl/src/widgets/textarea/lv_textarea.c:674:10:lv_textarea_get_cursor_pos	24	static
../Core/Src/lvgl/src/widgets/textarea/lv_textarea.c:682:6:lv_textarea_get_cursor_click_pos	24	static
../Core/Src/lvgl/src/widgets/textarea/lv_textarea.c:690:6:lv_textarea_get_password_mode	24	static
../Core/Src/lvgl/src/widgets/textarea/lv_textarea.c:698:14:lv_textarea_get_password_bullet	56	static
../Core/Src/lvgl/src/widgets/textarea/lv_textarea.c:716:6:lv_textarea_get_one_line	24	static
../Core/Src/lvgl/src/widgets/textarea/lv_textarea.c:724:14:lv_textarea_get_accepted_chars	24	static
../Core/Src/lvgl/src/widgets/textarea/lv_textarea.c:733:10:lv_textarea_get_max_length	24	static
../Core/Src/lvgl/src/widgets/textarea/lv_textarea.c:741:6:lv_textarea_text_is_selected	24	static
../Core/Src/lvgl/src/widgets/textarea/lv_textarea.c:761:6:lv_textarea_get_text_selection	24	static
../Core/Src/lvgl/src/widgets/textarea/lv_textarea.c:774:10:lv_textarea_get_password_show_time	24	static
../Core/Src/lvgl/src/widgets/textarea/lv_textarea.c:783:10:lv_textarea_get_current_char	32	static
../Core/Src/lvgl/src/widgets/textarea/lv_textarea.c:800:6:lv_textarea_clear_selection	24	static
../Core/Src/lvgl/src/widgets/textarea/lv_textarea.c:817:6:lv_textarea_cursor_right	24	static
../Core/Src/lvgl/src/widgets/textarea/lv_textarea.c:826:6:lv_textarea_cursor_left	24	static
../Core/Src/lvgl/src/widgets/textarea/lv_textarea.c:837:6:lv_textarea_cursor_down	56	static
../Core/Src/lvgl/src/widgets/textarea/lv_textarea.c:866:6:lv_textarea_cursor_up	56	static
../Core/Src/lvgl/src/widgets/textarea/lv_textarea.c:894:13:lv_textarea_constructor	32	static
../Core/Src/lvgl/src/widgets/textarea/lv_textarea.c:934:13:lv_textarea_destructor	24	static
../Core/Src/lvgl/src/widgets/textarea/lv_textarea.c:953:13:lv_textarea_event	40	static
../Core/Src/lvgl/src/widgets/textarea/lv_textarea.c:1008:13:label_event_cb	32	static
../Core/Src/lvgl/src/widgets/textarea/lv_textarea.c:1026:13:cursor_blink_anim_cb	40	static
../Core/Src/lvgl/src/widgets/textarea/lv_textarea.c:1048:13:pwd_char_hider_anim	16	static
../Core/Src/lvgl/src/widgets/textarea/lv_textarea.c:1058:13:pwd_char_hider_anim_completed	24	static
../Core/Src/lvgl/src/widgets/textarea/lv_textarea.c:1068:13:pwd_char_hider	48	static
../Core/Src/lvgl/src/widgets/textarea/lv_textarea.c:1104:13:char_is_accepted	40	static
../Core/Src/lvgl/src/widgets/textarea/lv_textarea.c:1125:13:start_cursor_blink	120	static
../Core/Src/lvgl/src/widgets/textarea/lv_textarea.c:1147:13:refr_cursor_area	136	static
../Core/Src/lvgl/src/widgets/textarea/lv_textarea.c:1230:13:update_cursor_position_on_click	88	static
../Core/Src/lvgl/src/widgets/textarea/lv_textarea.c:1348:20:insert_handler	16	static
../Core/Src/lvgl/src/widgets/textarea/lv_textarea.c:1368:13:draw_placeholder	176	static
../Core/Src/lvgl/src/widgets/textarea/lv_textarea.c:1400:13:draw_cursor	296	static
../Core/Src/lvgl/src/widgets/textarea/lv_textarea.c:1449:13:auto_hide_characters	120	static
../Core/Src/lvgl/src/widgets/textarea/lv_textarea.c:1469:13:auto_hide_characters_cancel	16	static
../Core/Src/lvgl/src/widgets/textarea/lv_textarea.c:1474:20:is_valid_but_non_printable_char	16	static
../Core/Src/lvgl/src/widgets/textarea/lv_textarea.c:1483:13:lv_textarea_scroll_to_cusor_pos	56	static
