Archive member included to satisfy reference by file (symbol)

D:/STM32CubeCLT_1.18.0/GNU-tools-for-STM32/bin/../lib/gcc/arm-none-eabi/13.3.1/../../../../arm-none-eabi/lib/thumb/v7-m/nofp\libg_nano.a(libc_a-atoi.o)
                              CMakeFiles/Display_Image_In_SD.dir/Core/Src/sd_functions.c.obj (atoi)
D:/STM32CubeCLT_1.18.0/GNU-tools-for-STM32/bin/../lib/gcc/arm-none-eabi/13.3.1/../../../../arm-none-eabi/lib/thumb/v7-m/nofp\libg_nano.a(libc_a-exit.o)
                              D:/STM32CubeCLT_1.18.0/GNU-tools-for-STM32/bin/../lib/gcc/arm-none-eabi/13.3.1/../../../../arm-none-eabi/lib/thumb/v7-m/nofp/crt0.o (exit)
D:/STM32CubeCLT_1.18.0/GNU-tools-for-STM32/bin/../lib/gcc/arm-none-eabi/13.3.1/../../../../arm-none-eabi/lib/thumb/v7-m/nofp\libg_nano.a(libc_a-malloc.o)
                              cmake/stm32cubemx/CMakeFiles/FatFs.dir/__/__/Middlewares/Third_Party/FatFs/src/option/syscall.c.obj (malloc)
D:/STM32CubeCLT_1.18.0/GNU-tools-for-STM32/bin/../lib/gcc/arm-none-eabi/13.3.1/../../../../arm-none-eabi/lib/thumb/v7-m/nofp\libg_nano.a(libc_a-mallocr.o)
                              D:/STM32CubeCLT_1.18.0/GNU-tools-for-STM32/bin/../lib/gcc/arm-none-eabi/13.3.1/../../../../arm-none-eabi/lib/thumb/v7-m/nofp\libg_nano.a(libc_a-malloc.o) (_malloc_r)
D:/STM32CubeCLT_1.18.0/GNU-tools-for-STM32/bin/../lib/gcc/arm-none-eabi/13.3.1/../../../../arm-none-eabi/lib/thumb/v7-m/nofp\libg_nano.a(libc_a-mlock.o)
                              D:/STM32CubeCLT_1.18.0/GNU-tools-for-STM32/bin/../lib/gcc/arm-none-eabi/13.3.1/../../../../arm-none-eabi/lib/thumb/v7-m/nofp\libg_nano.a(libc_a-mallocr.o) (__malloc_lock)
D:/STM32CubeCLT_1.18.0/GNU-tools-for-STM32/bin/../lib/gcc/arm-none-eabi/13.3.1/../../../../arm-none-eabi/lib/thumb/v7-m/nofp\libg_nano.a(libc_a-strtol.o)
                              D:/STM32CubeCLT_1.18.0/GNU-tools-for-STM32/bin/../lib/gcc/arm-none-eabi/13.3.1/../../../../arm-none-eabi/lib/thumb/v7-m/nofp\libg_nano.a(libc_a-atoi.o) (_strtol_r)
D:/STM32CubeCLT_1.18.0/GNU-tools-for-STM32/bin/../lib/gcc/arm-none-eabi/13.3.1/../../../../arm-none-eabi/lib/thumb/v7-m/nofp\libg_nano.a(libc_a-ctype_.o)
                              D:/STM32CubeCLT_1.18.0/GNU-tools-for-STM32/bin/../lib/gcc/arm-none-eabi/13.3.1/../../../../arm-none-eabi/lib/thumb/v7-m/nofp\libg_nano.a(libc_a-strtol.o) (_ctype_)
D:/STM32CubeCLT_1.18.0/GNU-tools-for-STM32/bin/../lib/gcc/arm-none-eabi/13.3.1/../../../../arm-none-eabi/lib/thumb/v7-m/nofp\libg_nano.a(libc_a-findfp.o)
                              D:/STM32CubeCLT_1.18.0/GNU-tools-for-STM32/bin/../lib/gcc/arm-none-eabi/13.3.1/../../../../arm-none-eabi/lib/thumb/v7-m/nofp\libg_nano.a(libc_a-exit.o) (__stdio_exit_handler)
D:/STM32CubeCLT_1.18.0/GNU-tools-for-STM32/bin/../lib/gcc/arm-none-eabi/13.3.1/../../../../arm-none-eabi/lib/thumb/v7-m/nofp\libg_nano.a(libc_a-fwalk.o)
                              D:/STM32CubeCLT_1.18.0/GNU-tools-for-STM32/bin/../lib/gcc/arm-none-eabi/13.3.1/../../../../arm-none-eabi/lib/thumb/v7-m/nofp\libg_nano.a(libc_a-findfp.o) (_fwalk_sglue)
D:/STM32CubeCLT_1.18.0/GNU-tools-for-STM32/bin/../lib/gcc/arm-none-eabi/13.3.1/../../../../arm-none-eabi/lib/thumb/v7-m/nofp\libg_nano.a(libc_a-printf.o)
                              CMakeFiles/Display_Image_In_SD.dir/Core/Src/sd_benchmark.c.obj (printf)
D:/STM32CubeCLT_1.18.0/GNU-tools-for-STM32/bin/../lib/gcc/arm-none-eabi/13.3.1/../../../../arm-none-eabi/lib/thumb/v7-m/nofp\libg_nano.a(libc_a-puts.o)
                              CMakeFiles/Display_Image_In_SD.dir/Core/Src/sd_benchmark.c.obj (puts)
D:/STM32CubeCLT_1.18.0/GNU-tools-for-STM32/bin/../lib/gcc/arm-none-eabi/13.3.1/../../../../arm-none-eabi/lib/thumb/v7-m/nofp\libg_nano.a(libc_a-snprintf.o)
                              CMakeFiles/Display_Image_In_SD.dir/Core/Src/sd_functions.c.obj (snprintf)
D:/STM32CubeCLT_1.18.0/GNU-tools-for-STM32/bin/../lib/gcc/arm-none-eabi/13.3.1/../../../../arm-none-eabi/lib/thumb/v7-m/nofp\libg_nano.a(libc_a-stdio.o)
                              D:/STM32CubeCLT_1.18.0/GNU-tools-for-STM32/bin/../lib/gcc/arm-none-eabi/13.3.1/../../../../arm-none-eabi/lib/thumb/v7-m/nofp\libg_nano.a(libc_a-findfp.o) (__sread)
D:/STM32CubeCLT_1.18.0/GNU-tools-for-STM32/bin/../lib/gcc/arm-none-eabi/13.3.1/../../../../arm-none-eabi/lib/thumb/v7-m/nofp\libg_nano.a(libc_a-wbuf.o)
                              D:/STM32CubeCLT_1.18.0/GNU-tools-for-STM32/bin/../lib/gcc/arm-none-eabi/13.3.1/../../../../arm-none-eabi/lib/thumb/v7-m/nofp\libg_nano.a(libc_a-puts.o) (__swbuf_r)
D:/STM32CubeCLT_1.18.0/GNU-tools-for-STM32/bin/../lib/gcc/arm-none-eabi/13.3.1/../../../../arm-none-eabi/lib/thumb/v7-m/nofp\libg_nano.a(libc_a-wsetup.o)
                              D:/STM32CubeCLT_1.18.0/GNU-tools-for-STM32/bin/../lib/gcc/arm-none-eabi/13.3.1/../../../../arm-none-eabi/lib/thumb/v7-m/nofp\libg_nano.a(libc_a-puts.o) (__swsetup_r)
[...]
Memory Configuration

Name             Origin             Length             Attributes
RAM              0x20000000         0x00005000         xrw
FLASH            0x08000000         0x00010000         xr
*default*        0x00000000         0xffffffff

Linker script and memory map

LOAD D:/STM32CubeCLT_1.18.0/GNU-tools-for-STM32/bin/../lib/gcc/arm-none-eabi/13.3.1/thumb/v7-m/nofp/crti.o
LOAD D:/STM32CubeCLT_1.18.0/GNU-tools-for-STM32/bin/../lib/gcc/arm-none-eabi/13.3.1/thumb/v7-m/nofp/crtbegin.o
LOAD D:/STM32CubeCLT_1.18.0/GNU-tools-for-STM32/bin/../lib/gcc/arm-none-eabi/13.3.1/../../../../arm-none-eabi/lib/thumb/v7-m/nofp/crt0.o
LOAD cmake/stm32cubemx/CMakeFiles/STM32_Drivers.dir/__/__/Core/Src/system_stm32f1xx.c.obj
LOAD cmake/stm32cubemx/CMakeFiles/STM32_Drivers.dir/__/__/Drivers/STM32F1xx_HAL_Driver/Src/stm32f1xx_hal_gpio_ex.c.obj
LOAD cmake/stm32cubemx/CMakeFiles/STM32_Drivers.dir/__/__/Drivers/STM32F1xx_HAL_Driver/Src/stm32f1xx_hal.c.obj
LOAD cmake/stm32cubemx/CMakeFiles/STM32_Drivers.dir/__/__/Drivers/STM32F1xx_HAL_Driver/Src/stm32f1xx_hal_rcc.c.obj
LOAD cmake/stm32cubemx/CMakeFiles/STM32_Drivers.dir/__/__/Drivers/STM32F1xx_HAL_Driver/Src/stm32f1xx_hal_rcc_ex.c.obj
LOAD cmake/stm32cubemx/CMakeFiles/STM32_Drivers.dir/__/__/Drivers/STM32F1xx_HAL_Driver/Src/stm32f1xx_hal_gpio.c.obj
LOAD cmake/stm32cubemx/CMakeFiles/STM32_Drivers.dir/__/__/Drivers/STM32F1xx_HAL_Driver/Src/stm32f1xx_hal_dma.c.obj
LOAD cmake/stm32cubemx/CMakeFiles/STM32_Drivers.dir/__/__/Drivers/STM32F1xx_HAL_Driver/Src/stm32f1xx_hal_cortex.c.obj
LOAD cmake/stm32cubemx/CMakeFiles/STM32_Drivers.dir/__/__/Drivers/STM32F1xx_HAL_Driver/Src/stm32f1xx_hal_pwr.c.obj
LOAD cmake/stm32cubemx/CMakeFiles/STM32_Drivers.dir/__/__/Drivers/STM32F1xx_HAL_Driver/Src/stm32f1xx_hal_flash.c.obj
LOAD cmake/stm32cubemx/CMakeFiles/STM32_Drivers.dir/__/__/Drivers/STM32F1xx_HAL_Driver/Src/stm32f1xx_hal_flash_ex.c.obj
LOAD cmake/stm32cubemx/CMakeFiles/STM32_Drivers.dir/__/__/Drivers/STM32F1xx_HAL_Driver/Src/stm32f1xx_hal_exti.c.obj
LOAD cmake/stm32cubemx/CMakeFiles/STM32_Drivers.dir/__/__/Drivers/STM32F1xx_HAL_Driver/Src/stm32f1xx_hal_iwdg.c.obj
LOAD cmake/stm32cubemx/CMakeFiles/STM32_Drivers.dir/__/__/Drivers/STM32F1xx_HAL_Driver/Src/stm32f1xx_hal_spi.c.obj
LOAD cmake/stm32cubemx/CMakeFiles/FatFs.dir/__/__/Middlewares/Third_Party/FatFs/src/diskio.c.obj
LOAD cmake/stm32cubemx/CMakeFiles/FatFs.dir/__/__/Middlewares/Third_Party/FatFs/src/ff.c.obj
LOAD cmake/stm32cubemx/CMakeFiles/FatFs.dir/__/__/Middlewares/Third_Party/FatFs/src/ff_gen_drv.c.obj
LOAD cmake/stm32cubemx/CMakeFiles/FatFs.dir/__/__/Middlewares/Third_Party/FatFs/src/option/syscall.c.obj
LOAD cmake/stm32cubemx/CMakeFiles/FatFs.dir/__/__/Middlewares/Third_Party/FatFs/src/option/ccsbcs.c.obj
LOAD CMakeFiles/Display_Image_In_SD.dir/FATFS/App/fatfs.c.obj
LOAD CMakeFiles/Display_Image_In_SD.dir/FATFS/Target/user_diskio.c.obj
LOAD CMakeFiles/Display_Image_In_SD.dir/Core/Src/main.c.obj
LOAD CMakeFiles/Display_Image_In_SD.dir/Core/Src/stm32f1xx_it.c.obj
LOAD CMakeFiles/Display_Image_In_SD.dir/Core/Src/stm32f1xx_hal_msp.c.obj
LOAD CMakeFiles/Display_Image_In_SD.dir/Core/Src/sysmem.c.obj
LOAD CMakeFiles/Display_Image_In_SD.dir/Core/Src/syscalls.c.obj
LOAD CMakeFiles/Display_Image_In_SD.dir/Core/Src/sd_benchmark.c.obj
LOAD CMakeFiles/Display_Image_In_SD.dir/Core/Src/sd_diskio_spi.c.obj
LOAD CMakeFiles/Display_Image_In_SD.dir/Core/Src/sd_functions.c.obj
LOAD CMakeFiles/Display_Image_In_SD.dir/Core/Src/sd_spi.c.obj
LOAD CMakeFiles/Display_Image_In_SD.dir/startup_stm32f103xb.s.obj
LOAD D:/STM32CubeCLT_1.18.0/GNU-tools-for-STM32/bin/../lib/gcc/arm-none-eabi/13.3.1/../../../../arm-none-eabi/lib/thumb/v7-m/nofp\libm.a
START GROUP
LOAD D:/STM32CubeCLT_1.18.0/GNU-tools-for-STM32/bin/../lib/gcc/arm-none-eabi/13.3.1/thumb/v7-m/nofp\libgcc.a
LOAD D:/STM32CubeCLT_1.18.0/GNU-tools-for-STM32/bin/../lib/gcc/arm-none-eabi/13.3.1/../../../../arm-none-eabi/lib/thumb/v7-m/nofp\libg_nano.a
LOAD D:/STM32CubeCLT_1.18.0/GNU-tools-for-STM32/bin/../lib/gcc/arm-none-eabi/13.3.1/../../../../arm-none-eabi/lib/thumb/v7-m/nofp\libc_nano.a
END GROUP
START GROUP
LOAD D:/STM32CubeCLT_1.18.0/GNU-tools-for-STM32/bin/../lib/gcc/arm-none-eabi/13.3.1/thumb/v7-m/nofp\libgcc.a
LOAD D:/STM32CubeCLT_1.18.0/GNU-tools-for-STM32/bin/../lib/gcc/arm-none-eabi/13.3.1/../../../../arm-none-eabi/lib/thumb/v7-m/nofp\libc_nano.a
END GROUP
LOAD D:/STM32CubeCLT_1.18.0/GNU-tools-for-STM32/bin/../lib/gcc/arm-none-eabi/13.3.1/thumb/v7-m/nofp/crtend.o
LOAD D:/STM32CubeCLT_1.18.0/GNU-tools-for-STM32/bin/../lib/gcc/arm-none-eabi/13.3.1/thumb/v7-m/nofp/crtn.o
                0x20005000                        _estack = (ORIGIN (RAM) + LENGTH (RAM))
                0x00000200                        _Min_Heap_Size = 0x200
                0x00000400                        _Min_Stack_Size = 0x400

.isr_vector     0x08000000      0x10c
                0x08000000                        . = ALIGN (0x4)
 *(.isr_vector)
 .isr_vector    0x08000000      0x10c CMakeFiles/Display_Image_In_SD.dir/startup_stm32f103xb.s.obj
                0x08000000                g_pfnVectors
                0x0800010c                        . = ALIGN (0x4)

.text           0x0800010c     0x8e38
                0x0800010c                        . = ALIGN (0x4)
 *(.text)
 .text          0x0800010c       0x40 D:/STM32CubeCLT_1.18.0/GNU-tools-for-STM32/bin/../lib/gcc/arm-none-eabi/13.3.1/thumb/v7-m/nofp/crtbegin.o
 *(.text*)
 .text.SystemInit
                0x0800014c        0xc cmake/stm32cubemx/CMakeFiles/STM32_Drivers.dir/__/__/Core/Src/system_stm32f1xx.c.obj
                0x0800014c                SystemInit
 .text.HAL_Init
                0x08000158       0x2c cmake/stm32cubemx/CMakeFiles/STM32_Drivers.dir/__/__/Drivers/STM32F1xx_HAL_Driver/Src/stm32f1xx_hal.c.obj
                0x08000158                HAL_Init
 .text.HAL_InitTick
                0x08000184       0x60 cmake/stm32cubemx/CMakeFiles/STM32_Drivers.dir/__/__/Drivers/STM32F1xx_HAL_Driver/Src/stm32f1xx_hal.c.obj
                0x08000184                HAL_InitTick
 .text.HAL_IncTick
                0x080001e4       0x24 cmake/stm32cubemx/CMakeFiles/STM32_Drivers.dir/__/__/Drivers/STM32F1xx_HAL_Driver/Src/stm32f1xx_hal.c.obj
                0x080001e4                HAL_IncTick
 .text.HAL_GetTick
                0x08000208       0x14 cmake/stm32cubemx/CMakeFiles/STM32_Drivers.dir/__/__/Drivers/STM32F1xx_HAL_Driver/Src/stm32f1xx_hal.c.obj
                0x08000208                HAL_GetTick
 .text.HAL_Delay
                0x0800021c       0x48 cmake/stm32cubemx/CMakeFiles/STM32_Drivers.dir/__/__/Drivers/STM32F1xx_HAL_Driver/Src/stm32f1xx_hal.c.obj
                0x0800021c                HAL_Delay
 .text.HAL_RCC_OscConfig
                0x08000264      0x504 cmake/stm32cubemx/CMakeFiles/STM32_Drivers.dir/__/__/Drivers/STM32F1xx_HAL_Driver/Src/stm32f1xx_hal_rcc.c.obj
                0x08000264                HAL_RCC_OscConfig
 .text.HAL_RCC_ClockConfig
                0x08000768      0x1d4 cmake/stm32cubemx/CMakeFiles/STM32_Drivers.dir/__/__/Drivers/STM32F1xx_HAL_Driver/Src/stm32f1xx_hal_rcc.c.obj
                0x08000768                HAL_RCC_ClockConfig
 .text.HAL_RCC_GetSysClockFreq
                0x0800093c       0xa8 cmake/stm32cubemx/CMakeFiles/STM32_Drivers.dir/__/__/Drivers/STM32F1xx_HAL_Driver/Src/stm32f1xx_hal_rcc.c.obj
                0x0800093c                HAL_RCC_GetSysClockFreq
 .text.RCC_Delay
                0x080009e4       0x3c cmake/stm32cubemx/CMakeFiles/STM32_Drivers.dir/__/__/Drivers/STM32F1xx_HAL_Driver/Src/stm32f1xx_hal_rcc.c.obj
 .text.HAL_GPIO_Init
                0x08000a20      0x308 cmake/stm32cubemx/CMakeFiles/STM32_Drivers.dir/__/__/Drivers/STM32F1xx_HAL_Driver/Src/stm32f1xx_hal_gpio.c.obj
                0x08000a20                HAL_GPIO_Init
 .text.HAL_GPIO_WritePin
                0x08000d28       0x30 cmake/stm32cubemx/CMakeFiles/STM32_Drivers.dir/__/__/Drivers/STM32F1xx_HAL_Driver/Src/stm32f1xx_hal_gpio.c.obj
                0x08000d28                HAL_GPIO_WritePin
 .text.HAL_DMA_Init
                0x08000d58       0xb4 cmake/stm32cubemx/CMakeFiles/STM32_Drivers.dir/__/__/Drivers/STM32F1xx_HAL_Driver/Src/stm32f1xx_hal_dma.c.obj
                0x08000d58                HAL_DMA_Init
 .text.HAL_DMA_Start_IT
                0x08000e0c       0xc0 cmake/stm32cubemx/CMakeFiles/STM32_Drivers.dir/__/__/Drivers/STM32F1xx_HAL_Driver/Src/stm32f1xx_hal_dma.c.obj
                0x08000e0c                HAL_DMA_Start_IT
 .text.HAL_DMA_IRQHandler
                0x08000ecc      0x20c cmake/stm32cubemx/CMakeFiles/STM32_Drivers.dir/__/__/Drivers/STM32F1xx_HAL_Driver/Src/stm32f1xx_hal_dma.c.obj
                0x08000ecc                HAL_DMA_IRQHandler
 .text.DMA_SetConfig
                0x080010d8       0x5a cmake/stm32cubemx/CMakeFiles/STM32_Drivers.dir/__/__/Drivers/STM32F1xx_HAL_Driver/Src/stm32f1xx_hal_dma.c.obj
 *fill*         0x08001132        0x2 
 .text.__NVIC_SetPriorityGrouping
                0x08001134       0x48 cmake/stm32cubemx/CMakeFiles/STM32_Drivers.dir/__/__/Drivers/STM32F1xx_HAL_Driver/Src/stm32f1xx_hal_cortex.c.obj
 .text.__NVIC_GetPriorityGrouping
                0x0800117c       0x1c cmake/stm32cubemx/CMakeFiles/STM32_Drivers.dir/__/__/Drivers/STM32F1xx_HAL_Driver/Src/stm32f1xx_hal_cortex.c.obj
 .text.__NVIC_EnableIRQ
                0x08001198       0x38 cmake/stm32cubemx/CMakeFiles/STM32_Drivers.dir/__/__/Drivers/STM32F1xx_HAL_Driver/Src/stm32f1xx_hal_cortex.c.obj
 .text.__NVIC_SetPriority
                0x080011d0       0x54 cmake/stm32cubemx/CMakeFiles/STM32_Drivers.dir/__/__/Drivers/STM32F1xx_HAL_Driver/Src/stm32f1xx_hal_cortex.c.obj
 .text.NVIC_EncodePriority
                0x08001224       0x64 cmake/stm32cubemx/CMakeFiles/STM32_Drivers.dir/__/__/Drivers/STM32F1xx_HAL_Driver/Src/stm32f1xx_hal_cortex.c.obj
 .text.SysTick_Config
                0x08001288       0x44 cmake/stm32cubemx/CMakeFiles/STM32_Drivers.dir/__/__/Drivers/STM32F1xx_HAL_Driver/Src/stm32f1xx_hal_cortex.c.obj
 .text.HAL_NVIC_SetPriorityGrouping
                0x080012cc       0x16 cmake/stm32cubemx/CMakeFiles/STM32_Drivers.dir/__/__/Drivers/STM32F1xx_HAL_Driver/Src/stm32f1xx_hal_cortex.c.obj
                0x080012cc                HAL_NVIC_SetPriorityGrouping
 .text.HAL_NVIC_SetPriority
                0x080012e2       0x38 cmake/stm32cubemx/CMakeFiles/STM32_Drivers.dir/__/__/Drivers/STM32F1xx_HAL_Driver/Src/stm32f1xx_hal_cortex.c.obj
                0x080012e2                HAL_NVIC_SetPriority
 .text.HAL_NVIC_EnableIRQ
                0x0800131a       0x1c cmake/stm32cubemx/CMakeFiles/STM32_Drivers.dir/__/__/Drivers/STM32F1xx_HAL_Driver/Src/stm32f1xx_hal_cortex.c.obj
                0x0800131a                HAL_NVIC_EnableIRQ
 .text.HAL_SYSTICK_Config
                0x08001336       0x18 cmake/stm32cubemx/CMakeFiles/STM32_Drivers.dir/__/__/Drivers/STM32F1xx_HAL_Driver/Src/stm32f1xx_hal_cortex.c.obj
                0x08001336                HAL_SYSTICK_Config
 .text.HAL_IWDG_Init
                0x0800134e       0x88 cmake/stm32cubemx/CMakeFiles/STM32_Drivers.dir/__/__/Drivers/STM32F1xx_HAL_Driver/Src/stm32f1xx_hal_iwdg.c.obj
                0x0800134e                HAL_IWDG_Init
 .text.HAL_IWDG_Refresh
                0x080013d6       0x1e cmake/stm32cubemx/CMakeFiles/STM32_Drivers.dir/__/__/Drivers/STM32F1xx_HAL_Driver/Src/stm32f1xx_hal_iwdg.c.obj
                0x080013d6                HAL_IWDG_Refresh
 .text.HAL_SPI_Init
                0x080013f4      0x108 cmake/stm32cubemx/CMakeFiles/STM32_Drivers.dir/__/__/Drivers/STM32F1xx_HAL_Driver/Src/stm32f1xx_hal_spi.c.obj
                0x080013f4                HAL_SPI_Init
 .text.HAL_SPI_Transmit
                0x080014fc      0x288 cmake/stm32cubemx/CMakeFiles/STM32_Drivers.dir/__/__/Drivers/STM32F1xx_HAL_Driver/Src/stm32f1xx_hal_spi.c.obj
                0x080014fc                HAL_SPI_Transmit
 .text.HAL_SPI_TransmitReceive
                0x08001784      0x352 cmake/stm32cubemx/CMakeFiles/STM32_Drivers.dir/__/__/Drivers/STM32F1xx_HAL_Driver/Src/stm32f1xx_hal_spi.c.obj
                0x08001784                HAL_SPI_TransmitReceive
 *fill*         0x08001ad6        0x2 
 .text.HAL_SPI_Transmit_DMA
                0x08001ad8      0x164 cmake/stm32cubemx/CMakeFiles/STM32_Drivers.dir/__/__/Drivers/STM32F1xx_HAL_Driver/Src/stm32f1xx_hal_spi.c.obj
                0x08001ad8                HAL_SPI_Transmit_DMA
 .text.HAL_SPI_TransmitReceive_DMA
                0x08001c3c      0x1f8 cmake/stm32cubemx/CMakeFiles/STM32_Drivers.dir/__/__/Drivers/STM32F1xx_HAL_Driver/Src/stm32f1xx_hal_spi.c.obj
                0x08001c3c                HAL_SPI_TransmitReceive_DMA
 .text.HAL_SPI_RxCpltCallback
                0x08001e34       0x12 cmake/stm32cubemx/CMakeFiles/STM32_Drivers.dir/__/__/Drivers/STM32F1xx_HAL_Driver/Src/stm32f1xx_hal_spi.c.obj
                0x08001e34                HAL_SPI_RxCpltCallback
 .text.HAL_SPI_TxHalfCpltCallback
                0x08001e46       0x12 cmake/stm32cubemx/CMakeFiles/STM32_Drivers.dir/__/__/Drivers/STM32F1xx_HAL_Driver/Src/stm32f1xx_hal_spi.c.obj
                0x08001e46                HAL_SPI_TxHalfCpltCallback
 .text.HAL_SPI_RxHalfCpltCallback
                0x08001e58       0x12 cmake/stm32cubemx/CMakeFiles/STM32_Drivers.dir/__/__/Drivers/STM32F1xx_HAL_Driver/Src/stm32f1xx_hal_spi.c.obj
                0x08001e58                HAL_SPI_RxHalfCpltCallback
 .text.HAL_SPI_TxRxHalfCpltCallback
                0x08001e6a       0x12 cmake/stm32cubemx/CMakeFiles/STM32_Drivers.dir/__/__/Drivers/STM32F1xx_HAL_Driver/Src/stm32f1xx_hal_spi.c.obj
                0x08001e6a                HAL_SPI_TxRxHalfCpltCallback
 .text.HAL_SPI_ErrorCallback
                0x08001e7c       0x12 cmake/stm32cubemx/CMakeFiles/STM32_Drivers.dir/__/__/Drivers/STM32F1xx_HAL_Driver/Src/stm32f1xx_hal_spi.c.obj
                0x08001e7c                HAL_SPI_ErrorCallback
 .text.SPI_DMATransmitCplt
                0x08001e8e       0xa6 cmake/stm32cubemx/CMakeFiles/STM32_Drivers.dir/__/__/Drivers/STM32F1xx_HAL_Driver/Src/stm32f1xx_hal_spi.c.obj
 .text.SPI_DMAReceiveCplt
                0x08001f34       0xa6 cmake/stm32cubemx/CMakeFiles/STM32_Drivers.dir/__/__/Drivers/STM32F1xx_HAL_Driver/Src/stm32f1xx_hal_spi.c.obj
 .text.SPI_DMATransmitReceiveCplt
                0x08001fda       0x8e cmake/stm32cubemx/CMakeFiles/STM32_Drivers.dir/__/__/Drivers/STM32F1xx_HAL_Driver/Src/stm32f1xx_hal_spi.c.obj
 .text.SPI_DMAHalfTransmitCplt
                0x08002068       0x1c cmake/stm32cubemx/CMakeFiles/STM32_Drivers.dir/__/__/Drivers/STM32F1xx_HAL_Driver/Src/stm32f1xx_hal_spi.c.obj
 .text.SPI_DMAHalfReceiveCplt
                0x08002084       0x1c cmake/stm32cubemx/CMakeFiles/STM32_Drivers.dir/__/__/Drivers/STM32F1xx_HAL_Driver/Src/stm32f1xx_hal_spi.c.obj
 .text.SPI_DMAHalfTransmitReceiveCplt
                0x080020a0       0x1c cmake/stm32cubemx/CMakeFiles/STM32_Drivers.dir/__/__/Drivers/STM32F1xx_HAL_Driver/Src/stm32f1xx_hal_spi.c.obj
 .text.SPI_DMAError
                0x080020bc       0x40 cmake/stm32cubemx/CMakeFiles/STM32_Drivers.dir/__/__/Drivers/STM32F1xx_HAL_Driver/Src/stm32f1xx_hal_spi.c.obj
 .text.SPI_WaitFlagStateUntilTimeout
                0x080020fc      0x110 cmake/stm32cubemx/CMakeFiles/STM32_Drivers.dir/__/__/Drivers/STM32F1xx_HAL_Driver/Src/stm32f1xx_hal_spi.c.obj
 .text.SPI_EndRxTransaction
                0x0800220c       0xa4 cmake/stm32cubemx/CMakeFiles/STM32_Drivers.dir/__/__/Drivers/STM32F1xx_HAL_Driver/Src/stm32f1xx_hal_spi.c.obj
 .text.SPI_EndRxTxTransaction
                0x080022b0       0x62 cmake/stm32cubemx/CMakeFiles/STM32_Drivers.dir/__/__/Drivers/STM32F1xx_HAL_Driver/Src/stm32f1xx_hal_spi.c.obj
 *fill*         0x08002312        0x2 
 .text.disk_status
                0x08002314       0x34 cmake/stm32cubemx/CMakeFiles/FatFs.dir/__/__/Middlewares/Third_Party/FatFs/src/diskio.c.obj
                0x08002314                disk_status
 .text.disk_initialize
                0x08002348       0x4c cmake/stm32cubemx/CMakeFiles/FatFs.dir/__/__/Middlewares/Third_Party/FatFs/src/diskio.c.obj
                0x08002348                disk_initialize
 .text.disk_read
                0x08002394       0x40 cmake/stm32cubemx/CMakeFiles/FatFs.dir/__/__/Middlewares/Third_Party/FatFs/src/diskio.c.obj
                0x08002394                disk_read
 .text.disk_write
                0x080023d4       0x40 cmake/stm32cubemx/CMakeFiles/FatFs.dir/__/__/Middlewares/Third_Party/FatFs/src/diskio.c.obj
                0x080023d4                disk_write
 .text.disk_ioctl
                0x08002414       0x3c cmake/stm32cubemx/CMakeFiles/FatFs.dir/__/__/Middlewares/Third_Party/FatFs/src/diskio.c.obj
                0x08002414                disk_ioctl
 .text.mem_cpy  0x08002450       0x3c cmake/stm32cubemx/CMakeFiles/FatFs.dir/__/__/Middlewares/Third_Party/FatFs/src/ff.c.obj
 .text.mem_set  0x0800248c       0x34 cmake/stm32cubemx/CMakeFiles/FatFs.dir/__/__/Middlewares/Third_Party/FatFs/src/ff.c.obj
 .text.mem_cmp  0x080024c0       0x4c cmake/stm32cubemx/CMakeFiles/FatFs.dir/__/__/Middlewares/Third_Party/FatFs/src/ff.c.obj
 .text.chk_chr  0x0800250c       0x34 cmake/stm32cubemx/CMakeFiles/FatFs.dir/__/__/Middlewares/Third_Party/FatFs/src/ff.c.obj
 .text.chk_lock
                0x08002540       0xe0 cmake/stm32cubemx/CMakeFiles/FatFs.dir/__/__/Middlewares/Third_Party/FatFs/src/ff.c.obj
 .text.enq_lock
                0x08002620       0x48 cmake/stm32cubemx/CMakeFiles/FatFs.dir/__/__/Middlewares/Third_Party/FatFs/src/ff.c.obj
 .text.inc_lock
                0x08002668      0x178 cmake/stm32cubemx/CMakeFiles/FatFs.dir/__/__/Middlewares/Third_Party/FatFs/src/ff.c.obj
 .text.clear_lock
                0x080027e0       0x54 cmake/stm32cubemx/CMakeFiles/FatFs.dir/__/__/Middlewares/Third_Party/FatFs/src/ff.c.obj
 .text.sync_window
                0x08002834       0xa4 cmake/stm32cubemx/CMakeFiles/FatFs.dir/__/__/Middlewares/Third_Party/FatFs/src/ff.c.obj
 .text.move_window
                0x080028d8       0x64 cmake/stm32cubemx/CMakeFiles/FatFs.dir/__/__/Middlewares/Third_Party/FatFs/src/ff.c.obj
 .text.clust2sect
                0x0800293c       0x48 cmake/stm32cubemx/CMakeFiles/FatFs.dir/__/__/Middlewares/Third_Party/FatFs/src/ff.c.obj
                0x0800293c                clust2sect
 .text.get_fat  0x08002984      0x1f8 cmake/stm32cubemx/CMakeFiles/FatFs.dir/__/__/Middlewares/Third_Party/FatFs/src/ff.c.obj
                0x08002984                get_fat
 .text.put_fat  0x08002b7c      0x2a6 cmake/stm32cubemx/CMakeFiles/FatFs.dir/__/__/Middlewares/Third_Party/FatFs/src/ff.c.obj
                0x08002b7c                put_fat
 .text.remove_chain
                0x08002e22       0xc2 cmake/stm32cubemx/CMakeFiles/FatFs.dir/__/__/Middlewares/Third_Party/FatFs/src/ff.c.obj
 .text.create_chain
                0x08002ee4      0x150 cmake/stm32cubemx/CMakeFiles/FatFs.dir/__/__/Middlewares/Third_Party/FatFs/src/ff.c.obj
 .text.clmt_clust
                0x08003034       0x80 cmake/stm32cubemx/CMakeFiles/FatFs.dir/__/__/Middlewares/Third_Party/FatFs/src/ff.c.obj
 .text.dir_sdi  0x080030b4      0x19c cmake/stm32cubemx/CMakeFiles/FatFs.dir/__/__/Middlewares/Third_Party/FatFs/src/ff.c.obj
 .text.dir_next
                0x08003250      0x294 cmake/stm32cubemx/CMakeFiles/FatFs.dir/__/__/Middlewares/Third_Party/FatFs/src/ff.c.obj
 .text.dir_alloc
                0x080034e4       0x9c cmake/stm32cubemx/CMakeFiles/FatFs.dir/__/__/Middlewares/Third_Party/FatFs/src/ff.c.obj
 .text.ld_clust
                0x08003580       0x60 cmake/stm32cubemx/CMakeFiles/FatFs.dir/__/__/Middlewares/Third_Party/FatFs/src/ff.c.obj
 .text.st_clust
                0x080035e0       0x4c cmake/stm32cubemx/CMakeFiles/FatFs.dir/__/__/Middlewares/Third_Party/FatFs/src/ff.c.obj
 .text.cmp_lfn  0x0800362c       0xdc cmake/stm32cubemx/CMakeFiles/FatFs.dir/__/__/Middlewares/Third_Party/FatFs/src/ff.c.obj
 .text.fit_lfn  0x08003708       0xe8 cmake/stm32cubemx/CMakeFiles/FatFs.dir/__/__/Middlewares/Third_Party/FatFs/src/ff.c.obj
 .text.gen_numname
                0x080037f0      0x11c cmake/stm32cubemx/CMakeFiles/FatFs.dir/__/__/Middlewares/Third_Party/FatFs/src/ff.c.obj
 .text.sum_sfn  0x0800390c       0x40 cmake/stm32cubemx/CMakeFiles/FatFs.dir/__/__/Middlewares/Third_Party/FatFs/src/ff.c.obj
 .text.dir_find
                0x0800394c      0x198 cmake/stm32cubemx/CMakeFiles/FatFs.dir/__/__/Middlewares/Third_Party/FatFs/src/ff.c.obj
 .text.dir_register
                0x08003ae4      0x248 cmake/stm32cubemx/CMakeFiles/FatFs.dir/__/__/Middlewares/Third_Party/FatFs/src/ff.c.obj
 .text.create_name
                0x08003d2c      0x37c cmake/stm32cubemx/CMakeFiles/FatFs.dir/__/__/Middlewares/Third_Party/FatFs/src/ff.c.obj
 .text.follow_path
                0x080040a8       0xec cmake/stm32cubemx/CMakeFiles/FatFs.dir/__/__/Middlewares/Third_Party/FatFs/src/ff.c.obj
 .text.get_ldnumber
                0x08004194       0x86 cmake/stm32cubemx/CMakeFiles/FatFs.dir/__/__/Middlewares/Third_Party/FatFs/src/ff.c.obj
 *fill*         0x0800421a        0x2 
 .text.check_fs
                0x0800421c       0xdc cmake/stm32cubemx/CMakeFiles/FatFs.dir/__/__/Middlewares/Third_Party/FatFs/src/ff.c.obj
 .text.find_volume
                0x080042f8      0x670 cmake/stm32cubemx/CMakeFiles/FatFs.dir/__/__/Middlewares/Third_Party/FatFs/src/ff.c.obj
 .text.validate
                0x08004968       0x76 cmake/stm32cubemx/CMakeFiles/FatFs.dir/__/__/Middlewares/Third_Party/FatFs/src/ff.c.obj
 *fill*         0x080049de        0x2 
 .text.f_mount  0x080049e0       0x94 cmake/stm32cubemx/CMakeFiles/FatFs.dir/__/__/Middlewares/Third_Party/FatFs/src/ff.c.obj
                0x080049e0                f_mount
 .text.f_open   0x08004a74      0x65a cmake/stm32cubemx/CMakeFiles/FatFs.dir/__/__/Middlewares/Third_Party/FatFs/src/ff.c.obj
                0x08004a74                f_open
 .text.f_read   0x080050ce      0x3d0 cmake/stm32cubemx/CMakeFiles/FatFs.dir/__/__/Middlewares/Third_Party/FatFs/src/ff.c.obj
                0x080050ce                f_read
 .text.f_lseek  0x0800549e      0x5e2 cmake/stm32cubemx/CMakeFiles/FatFs.dir/__/__/Middlewares/Third_Party/FatFs/src/ff.c.obj
                0x0800549e                f_lseek
 .text.f_getfree
                0x08005a80      0x1b6 cmake/stm32cubemx/CMakeFiles/FatFs.dir/__/__/Middlewares/Third_Party/FatFs/src/ff.c.obj
                0x08005a80                f_getfree
 *fill*         0x08005c36        0x2 
 .text.f_mkfs   0x08005c38      0x9e4 cmake/stm32cubemx/CMakeFiles/FatFs.dir/__/__/Middlewares/Third_Party/FatFs/src/ff.c.obj
                0x08005c38                f_mkfs
 .text.FATFS_LinkDriverEx
                0x0800661c       0x94 cmake/stm32cubemx/CMakeFiles/FatFs.dir/__/__/Middlewares/Third_Party/FatFs/src/ff_gen_drv.c.obj
                0x0800661c                FATFS_LinkDriverEx
 .text.FATFS_LinkDriver
                0x080066b0       0x1e cmake/stm32cubemx/CMakeFiles/FatFs.dir/__/__/Middlewares/Third_Party/FatFs/src/ff_gen_drv.c.obj
                0x080066b0                FATFS_LinkDriver
 .text.ff_memalloc
                0x080066ce       0x18 cmake/stm32cubemx/CMakeFiles/FatFs.dir/__/__/Middlewares/Third_Party/FatFs/src/option/syscall.c.obj
                0x080066ce                ff_memalloc
 .text.ff_memfree
                0x080066e6       0x16 cmake/stm32cubemx/CMakeFiles/FatFs.dir/__/__/Middlewares/Third_Party/FatFs/src/option/syscall.c.obj
                0x080066e6                ff_memfree
 .text.ff_convert
                0x080066fc       0x74 cmake/stm32cubemx/CMakeFiles/FatFs.dir/__/__/Middlewares/Third_Party/FatFs/src/option/ccsbcs.c.obj
                0x080066fc                ff_convert
 .text.ff_wtoupper
                0x08006770       0x5c cmake/stm32cubemx/CMakeFiles/FatFs.dir/__/__/Middlewares/Third_Party/FatFs/src/option/ccsbcs.c.obj
                0x08006770                ff_wtoupper
 .text.get_fattime
                0x080067cc        0xe CMakeFiles/Display_Image_In_SD.dir/FATFS/App/fatfs.c.obj
                0x080067cc                get_fattime
 *fill*         0x080067da        0x2 
 .text.ST7735_SendCommand
                0x080067dc       0x4c CMakeFiles/Display_Image_In_SD.dir/Core/Src/main.c.obj
                0x080067dc                ST7735_SendCommand
 .text.ST7735_SendData
                0x08006828       0x50 CMakeFiles/Display_Image_In_SD.dir/Core/Src/main.c.obj
                0x08006828                ST7735_SendData
 .text.ST7735_Reset
                0x08006878       0x30 CMakeFiles/Display_Image_In_SD.dir/Core/Src/main.c.obj
                0x08006878                ST7735_Reset
 .text.ST7735_Init
                0x080068a8       0x6c CMakeFiles/Display_Image_In_SD.dir/Core/Src/main.c.obj
                0x080068a8                ST7735_Init
 .text.ST7735_FillScreen
                0x08006914       0xc4 CMakeFiles/Display_Image_In_SD.dir/Core/Src/main.c.obj
                0x08006914                ST7735_FillScreen
 .text.ST7735_video_display
                0x080069d8       0xbc CMakeFiles/Display_Image_In_SD.dir/Core/Src/main.c.obj
                0x080069d8                ST7735_video_display
 .text.processing
                0x08006a94      0x10c CMakeFiles/Display_Image_In_SD.dir/Core/Src/main.c.obj
                0x08006a94                processing
 .text.main     0x08006ba0       0xf0 CMakeFiles/Display_Image_In_SD.dir/Core/Src/main.c.obj
                0x08006ba0                main
 .text.SystemClock_Config
                0x08006c90       0x8e CMakeFiles/Display_Image_In_SD.dir/Core/Src/main.c.obj
                0x08006c90                SystemClock_Config
 *fill*         0x08006d1e        0x2 
 .text.MX_IWDG_Init
                0x08006d20       0x34 CMakeFiles/Display_Image_In_SD.dir/Core/Src/main.c.obj
 .text.MX_SPI1_Init
                0x08006d54       0x6c CMakeFiles/Display_Image_In_SD.dir/Core/Src/main.c.obj
 .text.MX_SPI2_Init
                0x08006dc0       0x6c CMakeFiles/Display_Image_In_SD.dir/Core/Src/main.c.obj
 .text.MX_DMA_Init
                0x08006e2c       0x6c CMakeFiles/Display_Image_In_SD.dir/Core/Src/main.c.obj
 .text.MX_GPIO_Init
                0x08006e98      0x10c CMakeFiles/Display_Image_In_SD.dir/Core/Src/main.c.obj
 .text.Error_Handler
                0x08006fa4        0xc CMakeFiles/Display_Image_In_SD.dir/Core/Src/main.c.obj
                0x08006fa4                Error_Handler
 .text.NMI_Handler
                0x08006fb0        0x8 CMakeFiles/Display_Image_In_SD.dir/Core/Src/stm32f1xx_it.c.obj
                0x08006fb0                NMI_Handler
 .text.HardFault_Handler
                0x08006fb8        0x8 CMakeFiles/Display_Image_In_SD.dir/Core/Src/stm32f1xx_it.c.obj
                0x08006fb8                HardFault_Handler
 .text.MemManage_Handler
                0x08006fc0        0x8 CMakeFiles/Display_Image_In_SD.dir/Core/Src/stm32f1xx_it.c.obj
                0x08006fc0                MemManage_Handler
 .text.BusFault_Handler
                0x08006fc8        0x8 CMakeFiles/Display_Image_In_SD.dir/Core/Src/stm32f1xx_it.c.obj
                0x08006fc8                BusFault_Handler
 .text.UsageFault_Handler
                0x08006fd0        0x8 CMakeFiles/Display_Image_In_SD.dir/Core/Src/stm32f1xx_it.c.obj
                0x08006fd0                UsageFault_Handler
 .text.SVC_Handler
                0x08006fd8        0xc CMakeFiles/Display_Image_In_SD.dir/Core/Src/stm32f1xx_it.c.obj
                0x08006fd8                SVC_Handler
 .text.DebugMon_Handler
                0x08006fe4        0xc CMakeFiles/Display_Image_In_SD.dir/Core/Src/stm32f1xx_it.c.obj
                0x08006fe4                DebugMon_Handler
 .text.PendSV_Handler
                0x08006ff0        0xc CMakeFiles/Display_Image_In_SD.dir/Core/Src/stm32f1xx_it.c.obj
                0x08006ff0                PendSV_Handler
 .text.SysTick_Handler
                0x08006ffc        0xc CMakeFiles/Display_Image_In_SD.dir/Core/Src/stm32f1xx_it.c.obj
                0x08006ffc                SysTick_Handler
 .text.DMA1_Channel2_IRQHandler
                0x08007008       0x14 CMakeFiles/Display_Image_In_SD.dir/Core/Src/stm32f1xx_it.c.obj
                0x08007008                DMA1_Channel2_IRQHandler
 .text.DMA1_Channel3_IRQHandler
                0x0800701c       0x14 CMakeFiles/Display_Image_In_SD.dir/Core/Src/stm32f1xx_it.c.obj
                0x0800701c                DMA1_Channel3_IRQHandler
 .text.DMA1_Channel4_IRQHandler
                0x08007030       0x14 CMakeFiles/Display_Image_In_SD.dir/Core/Src/stm32f1xx_it.c.obj
                0x08007030                DMA1_Channel4_IRQHandler
 .text.DMA1_Channel5_IRQHandler
                0x08007044       0x14 CMakeFiles/Display_Image_In_SD.dir/Core/Src/stm32f1xx_it.c.obj
                0x08007044                DMA1_Channel5_IRQHandler
 .text.HAL_MspInit
                0x08007058       0x64 CMakeFiles/Display_Image_In_SD.dir/Core/Src/stm32f1xx_hal_msp.c.obj
                0x08007058                HAL_MspInit
 .text.HAL_SPI_MspInit
                0x080070bc      0x27c CMakeFiles/Display_Image_In_SD.dir/Core/Src/stm32f1xx_hal_msp.c.obj
                0x080070bc                HAL_SPI_MspInit
 .text._sbrk    0x08007338       0x6c CMakeFiles/Display_Image_In_SD.dir/Core/Src/sysmem.c.obj
                0x08007338                _sbrk
 .text._read    0x080073a4       0x3a CMakeFiles/Display_Image_In_SD.dir/Core/Src/syscalls.c.obj
                0x080073a4                _read
 .text._write   0x080073de       0x38 CMakeFiles/Display_Image_In_SD.dir/Core/Src/syscalls.c.obj
                0x080073de                _write
 .text._close   0x08007416       0x16 CMakeFiles/Display_Image_In_SD.dir/Core/Src/syscalls.c.obj
                0x08007416                _close
 .text._fstat   0x0800742c       0x1e CMakeFiles/Display_Image_In_SD.dir/Core/Src/syscalls.c.obj
                0x0800742c                _fstat
 .text._isatty  0x0800744a       0x14 CMakeFiles/Display_Image_In_SD.dir/Core/Src/syscalls.c.obj
                0x0800744a                _isatty
 .text._lseek   0x0800745e       0x18 CMakeFiles/Display_Image_In_SD.dir/Core/Src/syscalls.c.obj
                0x0800745e                _lseek
 .text.SD_disk_status
                0x08007476       0x20 CMakeFiles/Display_Image_In_SD.dir/Core/Src/sd_diskio_spi.c.obj
                0x08007476                SD_disk_status
 .text.SD_disk_initialize
                0x08007496       0x2c CMakeFiles/Display_Image_In_SD.dir/Core/Src/sd_diskio_spi.c.obj
                0x08007496                SD_disk_initialize
 *fill*         0x080074c2        0x2 
 .text.SD_disk_read
                0x080074c4       0x50 CMakeFiles/Display_Image_In_SD.dir/Core/Src/sd_diskio_spi.c.obj
                0x080074c4                SD_disk_read
 .text.SD_disk_write
                0x08007514       0x50 CMakeFiles/Display_Image_In_SD.dir/Core/Src/sd_diskio_spi.c.obj
                0x08007514                SD_disk_write
 .text.SD_disk_ioctl
                0x08007564       0x6c CMakeFiles/Display_Image_In_SD.dir/Core/Src/sd_diskio_spi.c.obj
                0x08007564                SD_disk_ioctl
 .text.sd_format
                0x080075d0       0x44 CMakeFiles/Display_Image_In_SD.dir/Core/Src/sd_functions.c.obj
                0x080075d0                sd_format
 .text.sd_get_space_kb
                0x08007614       0x74 CMakeFiles/Display_Image_In_SD.dir/Core/Src/sd_functions.c.obj
                0x08007614                sd_get_space_kb
 .text.sd_mount
                0x08007688      0x154 CMakeFiles/Display_Image_In_SD.dir/Core/Src/sd_functions.c.obj
                0x08007688                sd_mount
 .text.HAL_SPI_TxCpltCallback
                0x080077dc       0x50 CMakeFiles/Display_Image_In_SD.dir/Core/Src/sd_spi.c.obj
                0x080077dc                HAL_SPI_TxCpltCallback
 .text.HAL_SPI_TxRxCpltCallback
                0x0800782c       0x40 CMakeFiles/Display_Image_In_SD.dir/Core/Src/sd_spi.c.obj
                0x0800782c                HAL_SPI_TxRxCpltCallback
 .text.SD_TransmitByte
                0x0800786c       0x24 CMakeFiles/Display_Image_In_SD.dir/Core/Src/sd_spi.c.obj
 .text.SD_ReceiveByte
                0x08007890       0x30 CMakeFiles/Display_Image_In_SD.dir/Core/Src/sd_spi.c.obj
 .text.SD_TransmitBuffer
                0x080078c0       0x3c CMakeFiles/Display_Image_In_SD.dir/Core/Src/sd_spi.c.obj
 .text.SD_ReceiveBuffer
                0x080078fc       0x5c CMakeFiles/Display_Image_In_SD.dir/Core/Src/sd_spi.c.obj
 .text.SD_WaitReady
                0x08007958       0x3a CMakeFiles/Display_Image_In_SD.dir/Core/Src/sd_spi.c.obj
 .text.SD_SendCommand
                0x08007992       0x82 CMakeFiles/Display_Image_In_SD.dir/Core/Src/sd_spi.c.obj
 .text.sd_is_sdhc
                0x08007a14       0x14 CMakeFiles/Display_Image_In_SD.dir/Core/Src/sd_spi.c.obj
                0x08007a14                sd_is_sdhc
 .text.SD_SPI_Init
                0x08007a28      0x1fc CMakeFiles/Display_Image_In_SD.dir/Core/Src/sd_spi.c.obj
                0x08007a28                SD_SPI_Init
 .text.SD_ReadBlocks
                0x08007c24       0xd8 CMakeFiles/Display_Image_In_SD.dir/Core/Src/sd_spi.c.obj
                0x08007c24                SD_ReadBlocks
 .text.SD_ReadMultiBlocks
                0x08007cfc       0xe0 CMakeFiles/Display_Image_In_SD.dir/Core/Src/sd_spi.c.obj
                0x08007cfc                SD_ReadMultiBlocks
 .text.SD_WriteBlocks
                0x08007ddc       0xd4 CMakeFiles/Display_Image_In_SD.dir/Core/Src/sd_spi.c.obj
                0x08007ddc                SD_WriteBlocks
 .text.SD_WriteMultiBlocks
                0x08007eb0       0xe4 CMakeFiles/Display_Image_In_SD.dir/Core/Src/sd_spi.c.obj
                0x08007eb0                SD_WriteMultiBlocks
 .text.Reset_Handler
                0x08007f94       0x48 CMakeFiles/Display_Image_In_SD.dir/startup_stm32f103xb.s.obj
                0x08007f94                Reset_Handler
 .text.Default_Handler
                0x08007fdc        0x2 CMakeFiles/Display_Image_In_SD.dir/startup_stm32f103xb.s.obj
                0x08007fdc                RTC_Alarm_IRQHandler
                0x08007fdc                EXTI2_IRQHandler
                0x08007fdc                TIM1_CC_IRQHandler
                0x08007fdc                PVD_IRQHandler
                0x08007fdc                EXTI3_IRQHandler
                0x08007fdc                EXTI0_IRQHandler
                0x08007fdc                I2C2_EV_IRQHandler
                0x08007fdc                ADC1_2_IRQHandler
                0x08007fdc                SPI1_IRQHandler
                0x08007fdc                TAMPER_IRQHandler
                0x08007fdc                USART3_IRQHandler
                0x08007fdc                RTC_IRQHandler
                0x08007fdc                DMA1_Channel7_IRQHandler
                0x08007fdc                CAN1_RX1_IRQHandler
                0x08007fdc                TIM4_IRQHandler
                0x08007fdc                I2C1_EV_IRQHandler
                0x08007fdc                DMA1_Channel6_IRQHandler
                0x08007fdc                TIM3_IRQHandler
                0x08007fdc                RCC_IRQHandler
                0x08007fdc                TIM1_TRG_COM_IRQHandler
                0x08007fdc                DMA1_Channel1_IRQHandler
                0x08007fdc                Default_Handler
                0x08007fdc                EXTI15_10_IRQHandler
                0x08007fdc                EXTI9_5_IRQHandler
                0x08007fdc                SPI2_IRQHandler
                0x08007fdc                EXTI4_IRQHandler
                0x08007fdc                USB_LP_CAN1_RX0_IRQHandler
                0x08007fdc                USB_HP_CAN1_TX_IRQHandler
                0x08007fdc                TIM1_UP_IRQHandler
                0x08007fdc                WWDG_IRQHandler
                0x08007fdc                TIM2_IRQHandler
                0x08007fdc                TIM1_BRK_IRQHandler
                0x08007fdc                EXTI1_IRQHandler
                0x08007fdc                USART2_IRQHandler
                0x08007fdc                I2C2_ER_IRQHandler
                0x08007fdc                CAN1_SCE_IRQHandler
                0x08007fdc                FLASH_IRQHandler
                0x08007fdc                USART1_IRQHandler
                0x08007fdc                I2C1_ER_IRQHandler
                0x08007fdc                USBWakeUp_IRQHandler
 *fill*         0x08007fde        0x2 
 .text.malloc   0x08007fe0       0x10 D:/STM32CubeCLT_1.18.0/GNU-tools-for-STM32/bin/../lib/gcc/arm-none-eabi/13.3.1/../../../../arm-none-eabi/lib/thumb/v7-m/nofp\libg_nano.a(libc_a-malloc.o)
                0x08007fe0                malloc
 .text.free     0x08007ff0       0x10 D:/STM32CubeCLT_1.18.0/GNU-tools-for-STM32/bin/../lib/gcc/arm-none-eabi/13.3.1/../../../../arm-none-eabi/lib/thumb/v7-m/nofp\libg_nano.a(libc_a-malloc.o)
                0x08007ff0                free
 .text.sbrk_aligned
                0x08008000       0x44 D:/STM32CubeCLT_1.18.0/GNU-tools-for-STM32/bin/../lib/gcc/arm-none-eabi/13.3.1/../../../../arm-none-eabi/lib/thumb/v7-m/nofp\libg_nano.a(libc_a-mallocr.o)
 .text._malloc_r
                0x08008044      0x100 D:/STM32CubeCLT_1.18.0/GNU-tools-for-STM32/bin/../lib/gcc/arm-none-eabi/13.3.1/../../../../arm-none-eabi/lib/thumb/v7-m/nofp\libg_nano.a(libc_a-mallocr.o)
                0x08008044                _malloc_r
 .text.__malloc_lock
                0x08008144        0xc D:/STM32CubeCLT_1.18.0/GNU-tools-for-STM32/bin/../lib/gcc/arm-none-eabi/13.3.1/../../../../arm-none-eabi/lib/thumb/v7-m/nofp\libg_nano.a(libc_a-mlock.o)
                0x08008144                __malloc_lock
 .text.__malloc_unlock
                0x08008150        0xc D:/STM32CubeCLT_1.18.0/GNU-tools-for-STM32/bin/../lib/gcc/arm-none-eabi/13.3.1/../../../../arm-none-eabi/lib/thumb/v7-m/nofp\libg_nano.a(libc_a-mlock.o)
                0x08008150                __malloc_unlock
 .text.std      0x0800815c       0x6c D:/STM32CubeCLT_1.18.0/GNU-tools-for-STM32/bin/../lib/gcc/arm-none-eabi/13.3.1/../../../../arm-none-eabi/lib/thumb/v7-m/nofp\libg_nano.a(libc_a-findfp.o)
 .text.stdio_exit_handler
                0x080081c8       0x18 D:/STM32CubeCLT_1.18.0/GNU-tools-for-STM32/bin/../lib/gcc/arm-none-eabi/13.3.1/../../../../arm-none-eabi/lib/thumb/v7-m/nofp\libg_nano.a(libc_a-findfp.o)
 .text.cleanup_stdio
                0x080081e0       0x40 D:/STM32CubeCLT_1.18.0/GNU-tools-for-STM32/bin/../lib/gcc/arm-none-eabi/13.3.1/../../../../arm-none-eabi/lib/thumb/v7-m/nofp\libg_nano.a(libc_a-findfp.o)
 .text.global_stdio_init.part.0
                0x08008220       0x3c D:/STM32CubeCLT_1.18.0/GNU-tools-for-STM32/bin/../lib/gcc/arm-none-eabi/13.3.1/../../../../arm-none-eabi/lib/thumb/v7-m/nofp\libg_nano.a(libc_a-findfp.o)
 .text.__sfp_lock_acquire
                0x0800825c        0xc D:/STM32CubeCLT_1.18.0/GNU-tools-for-STM32/bin/../lib/gcc/arm-none-eabi/13.3.1/../../../../arm-none-eabi/lib/thumb/v7-m/nofp\libg_nano.a(libc_a-findfp.o)
                0x0800825c                __sfp_lock_acquire
 .text.__sfp_lock_release
                0x08008268        0xc D:/STM32CubeCLT_1.18.0/GNU-tools-for-STM32/bin/../lib/gcc/arm-none-eabi/13.3.1/../../../../arm-none-eabi/lib/thumb/v7-m/nofp\libg_nano.a(libc_a-findfp.o)
                0x08008268                __sfp_lock_release
 .text.__sinit  0x08008274       0x30 D:/STM32CubeCLT_1.18.0/GNU-tools-for-STM32/bin/../lib/gcc/arm-none-eabi/13.3.1/../../../../arm-none-eabi/lib/thumb/v7-m/nofp\libg_nano.a(libc_a-findfp.o)
                0x08008274                __sinit
 .text._fwalk_sglue
                0x080082a4       0x3c D:/STM32CubeCLT_1.18.0/GNU-tools-for-STM32/bin/../lib/gcc/arm-none-eabi/13.3.1/../../../../arm-none-eabi/lib/thumb/v7-m/nofp\libg_nano.a(libc_a-fwalk.o)
                0x080082a4                _fwalk_sglue
 .text.printf   0x080082e0       0x24 D:/STM32CubeCLT_1.18.0/GNU-tools-for-STM32/bin/../lib/gcc/arm-none-eabi/13.3.1/../../../../arm-none-eabi/lib/thumb/v7-m/nofp\libg_nano.a(libc_a-printf.o)
                0x080082e0                iprintf
                0x080082e0                printf
 .text._puts_r  0x08008304       0xaa D:/STM32CubeCLT_1.18.0/GNU-tools-for-STM32/bin/../lib/gcc/arm-none-eabi/13.3.1/../../../../arm-none-eabi/lib/thumb/v7-m/nofp\libg_nano.a(libc_a-puts.o)
                0x08008304                _puts_r
 *fill*         0x080083ae        0x2 
 .text.puts     0x080083b0       0x10 D:/STM32CubeCLT_1.18.0/GNU-tools-for-STM32/bin/../lib/gcc/arm-none-eabi/13.3.1/../../../../arm-none-eabi/lib/thumb/v7-m/nofp\libg_nano.a(libc_a-puts.o)
                0x080083b0                puts
 .text.__sread  0x080083c0       0x22 D:/STM32CubeCLT_1.18.0/GNU-tools-for-STM32/bin/../lib/gcc/arm-none-eabi/13.3.1/../../../../arm-none-eabi/lib/thumb/v7-m/nofp\libg_nano.a(libc_a-stdio.o)
                0x080083c0                __sread
 .text.__swrite
                0x080083e2       0x38 D:/STM32CubeCLT_1.18.0/GNU-tools-for-STM32/bin/../lib/gcc/arm-none-eabi/13.3.1/../../../../arm-none-eabi/lib/thumb/v7-m/nofp\libg_nano.a(libc_a-stdio.o)
                0x080083e2                __swrite
 .text.__sseek  0x0800841a       0x24 D:/STM32CubeCLT_1.18.0/GNU-tools-for-STM32/bin/../lib/gcc/arm-none-eabi/13.3.1/../../../../arm-none-eabi/lib/thumb/v7-m/nofp\libg_nano.a(libc_a-stdio.o)
                0x0800841a                __sseek
 .text.__sclose
                0x0800843e        0x8 D:/STM32CubeCLT_1.18.0/GNU-tools-for-STM32/bin/../lib/gcc/arm-none-eabi/13.3.1/../../../../arm-none-eabi/lib/thumb/v7-m/nofp\libg_nano.a(libc_a-stdio.o)
                0x0800843e                __sclose
 .text.__swbuf_r
                0x08008446       0x7c D:/STM32CubeCLT_1.18.0/GNU-tools-for-STM32/bin/../lib/gcc/arm-none-eabi/13.3.1/../../../../arm-none-eabi/lib/thumb/v7-m/nofp\libg_nano.a(libc_a-wbuf.o)
                0x08008446                __swbuf_r
 *fill*         0x080084c2        0x2 
 .text.__swsetup_r
                0x080084c4       0xac D:/STM32CubeCLT_1.18.0/GNU-tools-for-STM32/bin/../lib/gcc/arm-none-eabi/13.3.1/../../../../arm-none-eabi/lib/thumb/v7-m/nofp\libg_nano.a(libc_a-wsetup.o)
                0x080084c4                __swsetup_r
 .text.memset   0x08008570       0x10 D:/STM32CubeCLT_1.18.0/GNU-tools-for-STM32/bin/../lib/gcc/arm-none-eabi/13.3.1/../../../../arm-none-eabi/lib/thumb/v7-m/nofp\libg_nano.a(libc_a-memset.o)
                0x08008570                memset
 .text._close_r
                0x08008580       0x20 D:/STM32CubeCLT_1.18.0/GNU-tools-for-STM32/bin/../lib/gcc/arm-none-eabi/13.3.1/../../../../arm-none-eabi/lib/thumb/v7-m/nofp\libg_nano.a(libc_a-closer.o)
                0x08008580                _close_r
 .text._lseek_r
                0x080085a0       0x24 D:/STM32CubeCLT_1.18.0/GNU-tools-for-STM32/bin/../lib/gcc/arm-none-eabi/13.3.1/../../../../arm-none-eabi/lib/thumb/v7-m/nofp\libg_nano.a(libc_a-lseekr.o)
                0x080085a0                _lseek_r
 .text._read_r  0x080085c4       0x24 D:/STM32CubeCLT_1.18.0/GNU-tools-for-STM32/bin/../lib/gcc/arm-none-eabi/13.3.1/../../../../arm-none-eabi/lib/thumb/v7-m/nofp\libg_nano.a(libc_a-readr.o)
                0x080085c4                _read_r
 .text._sbrk_r  0x080085e8       0x20 D:/STM32CubeCLT_1.18.0/GNU-tools-for-STM32/bin/../lib/gcc/arm-none-eabi/13.3.1/../../../../arm-none-eabi/lib/thumb/v7-m/nofp\libg_nano.a(libc_a-sbrkr.o)
                0x080085e8                _sbrk_r
 .text._write_r
                0x08008608       0x24 D:/STM32CubeCLT_1.18.0/GNU-tools-for-STM32/bin/../lib/gcc/arm-none-eabi/13.3.1/../../../../arm-none-eabi/lib/thumb/v7-m/nofp\libg_nano.a(libc_a-writer.o)
                0x08008608                _write_r
 .text.__errno  0x0800862c        0xc D:/STM32CubeCLT_1.18.0/GNU-tools-for-STM32/bin/../lib/gcc/arm-none-eabi/13.3.1/../../../../arm-none-eabi/lib/thumb/v7-m/nofp\libg_nano.a(libc_a-errno.o)
                0x0800862c                __errno
 .text.__libc_init_array
                0x08008638       0x48 D:/STM32CubeCLT_1.18.0/GNU-tools-for-STM32/bin/../lib/gcc/arm-none-eabi/13.3.1/../../../../arm-none-eabi/lib/thumb/v7-m/nofp\libg_nano.a(libc_a-init.o)
                0x08008638                __libc_init_array
 .text.__retarget_lock_init_recursive
                0x08008680        0x2 D:/STM32CubeCLT_1.18.0/GNU-tools-for-STM32/bin/../lib/gcc/arm-none-eabi/13.3.1/../../../../arm-none-eabi/lib/thumb/v7-m/nofp\libg_nano.a(libc_a-lock.o)
                0x08008680                __retarget_lock_init_recursive
 .text.__retarget_lock_acquire_recursive
                0x08008682        0x2 D:/STM32CubeCLT_1.18.0/GNU-tools-for-STM32/bin/../lib/gcc/arm-none-eabi/13.3.1/../../../../arm-none-eabi/lib/thumb/v7-m/nofp\libg_nano.a(libc_a-lock.o)
                0x08008682                __retarget_lock_acquire_recursive
 .text.__retarget_lock_release_recursive
                0x08008684        0x2 D:/STM32CubeCLT_1.18.0/GNU-tools-for-STM32/bin/../lib/gcc/arm-none-eabi/13.3.1/../../../../arm-none-eabi/lib/thumb/v7-m/nofp\libg_nano.a(libc_a-lock.o)
                0x08008684                __retarget_lock_release_recursive
 *fill*         0x08008686        0x2 
 .text._free_r  0x08008688       0x90 D:/STM32CubeCLT_1.18.0/GNU-tools-for-STM32/bin/../lib/gcc/arm-none-eabi/13.3.1/../../../../arm-none-eabi/lib/thumb/v7-m/nofp\libg_nano.a(libc_a-freer.o)
                0x08008688                _free_r
 .text.__sfputc_r
                0x08008718       0x2a D:/STM32CubeCLT_1.18.0/GNU-tools-for-STM32/bin/../lib/gcc/arm-none-eabi/13.3.1/../../../../arm-none-eabi/lib/thumb/v7-m/nofp\libg_nano.a(libc_a-nano-vfprintf.o)
 .text.__sfputs_r
                0x08008742       0x24 D:/STM32CubeCLT_1.18.0/GNU-tools-for-STM32/bin/../lib/gcc/arm-none-eabi/13.3.1/../../../../arm-none-eabi/lib/thumb/v7-m/nofp\libg_nano.a(libc_a-nano-vfprintf.o)
                0x08008742                __sfputs_r
 *fill*         0x08008766        0x2 
 .text._vfprintf_r
                0x08008768      0x230 D:/STM32CubeCLT_1.18.0/GNU-tools-for-STM32/bin/../lib/gcc/arm-none-eabi/13.3.1/../../../../arm-none-eabi/lib/thumb/v7-m/nofp\libg_nano.a(libc_a-nano-vfprintf.o)
                0x08008768                _vfprintf_r
                0x08008768                _vfiprintf_r
 .text._printf_common
                0x08008998       0xe4 D:/STM32CubeCLT_1.18.0/GNU-tools-for-STM32/bin/../lib/gcc/arm-none-eabi/13.3.1/../../../../arm-none-eabi/lib/thumb/v7-m/nofp\libg_nano.a(libc_a-nano-vfprintf_i.o)
                0x08008998                _printf_common
 .text._printf_i
                0x08008a7c      0x23c D:/STM32CubeCLT_1.18.0/GNU-tools-for-STM32/bin/../lib/gcc/arm-none-eabi/13.3.1/../../../../arm-none-eabi/lib/thumb/v7-m/nofp\libg_nano.a(libc_a-nano-vfprintf_i.o)
                0x08008a7c                _printf_i
 .text.__sflush_r
                0x08008cb8      0x100 D:/STM32CubeCLT_1.18.0/GNU-tools-for-STM32/bin/../lib/gcc/arm-none-eabi/13.3.1/../../../../arm-none-eabi/lib/thumb/v7-m/nofp\libg_nano.a(libc_a-fflush.o)
                0x08008cb8                __sflush_r
 .text._fflush_r
                0x08008db8       0x50 D:/STM32CubeCLT_1.18.0/GNU-tools-for-STM32/bin/../lib/gcc/arm-none-eabi/13.3.1/../../../../arm-none-eabi/lib/thumb/v7-m/nofp\libg_nano.a(libc_a-fflush.o)
                0x08008db8                _fflush_r
 .text.__swhatbuf_r
                0x08008e08       0x4a D:/STM32CubeCLT_1.18.0/GNU-tools-for-STM32/bin/../lib/gcc/arm-none-eabi/13.3.1/../../../../arm-none-eabi/lib/thumb/v7-m/nofp\libg_nano.a(libc_a-makebuf.o)
                0x08008e08                __swhatbuf_r
 .text.__smakebuf_r
                0x08008e52       0x78 D:/STM32CubeCLT_1.18.0/GNU-tools-for-STM32/bin/../lib/gcc/arm-none-eabi/13.3.1/../../../../arm-none-eabi/lib/thumb/v7-m/nofp\libg_nano.a(libc_a-makebuf.o)
                0x08008e52                __smakebuf_r
 *fill*         0x08008eca        0x2 
 .text._fstat_r
                0x08008ecc       0x24 D:/STM32CubeCLT_1.18.0/GNU-tools-for-STM32/bin/../lib/gcc/arm-none-eabi/13.3.1/../../../../arm-none-eabi/lib/thumb/v7-m/nofp\libg_nano.a(libc_a-fstatr.o)
                0x08008ecc                _fstat_r
 .text._isatty_r
                0x08008ef0       0x20 D:/STM32CubeCLT_1.18.0/GNU-tools-for-STM32/bin/../lib/gcc/arm-none-eabi/13.3.1/../../../../arm-none-eabi/lib/thumb/v7-m/nofp\libg_nano.a(libc_a-isattyr.o)
                0x08008ef0                _isatty_r
 .text.memchr   0x08008f10       0x1c D:/STM32CubeCLT_1.18.0/GNU-tools-for-STM32/bin/../lib/gcc/arm-none-eabi/13.3.1/../../../../arm-none-eabi/lib/thumb/v7-m/nofp\libg_nano.a(libc_a-memchr-stub.o)
                0x08008f10                memchr
 *(.glue_7)
 .glue_7        0x08008f2c        0x0 linker stubs
 *(.glue_7t)
 .glue_7t       0x08008f2c        0x0 linker stubs
 *(.eh_frame)
 .eh_frame      0x08008f2c        0x0 D:/STM32CubeCLT_1.18.0/GNU-tools-for-STM32/bin/../lib/gcc/arm-none-eabi/13.3.1/thumb/v7-m/nofp/crtbegin.o
 *(.init)
 .init          0x08008f2c        0x4 D:/STM32CubeCLT_1.18.0/GNU-tools-for-STM32/bin/../lib/gcc/arm-none-eabi/13.3.1/thumb/v7-m/nofp/crti.o
                0x08008f2c                _init
 .init          0x08008f30        0x8 D:/STM32CubeCLT_1.18.0/GNU-tools-for-STM32/bin/../lib/gcc/arm-none-eabi/13.3.1/thumb/v7-m/nofp/crtn.o
 *(.fini)
 .fini          0x08008f38        0x4 D:/STM32CubeCLT_1.18.0/GNU-tools-for-STM32/bin/../lib/gcc/arm-none-eabi/13.3.1/thumb/v7-m/nofp/crti.o
                0x08008f38                _fini
 .fini          0x08008f3c        0x8 D:/STM32CubeCLT_1.18.0/GNU-tools-for-STM32/bin/../lib/gcc/arm-none-eabi/13.3.1/thumb/v7-m/nofp/crtn.o
                0x08008f44                        . = ALIGN (0x4)
                0x08008f44                        _etext = .

.vfp11_veneer   0x08008f44        0x0
 .vfp11_veneer  0x08008f44        0x0 linker stubs

.v4_bx          0x08008f44        0x0
 .v4_bx         0x08008f44        0x0 linker stubs

.iplt           0x08008f44        0x0
 .iplt          0x08008f44        0x0 D:/STM32CubeCLT_1.18.0/GNU-tools-for-STM32/bin/../lib/gcc/arm-none-eabi/13.3.1/thumb/v7-m/nofp/crtbegin.o

.rodata         0x08008f44      0xae8
                0x08008f44                        . = ALIGN (0x4)
 *(.rodata)
 .rodata        0x08008f44       0x58 cmake/stm32cubemx/CMakeFiles/FatFs.dir/__/__/Middlewares/Third_Party/FatFs/src/ff.c.obj
 .rodata        0x08008f9c       0x2e CMakeFiles/Display_Image_In_SD.dir/Core/Src/main.c.obj
 *fill*         0x08008fca        0x2 
 .rodata        0x08008fcc      0x474 CMakeFiles/Display_Image_In_SD.dir/Core/Src/sd_functions.c.obj
 *(.rodata*)
 .rodata.AHBPrescTable
                0x08009440       0x10 cmake/stm32cubemx/CMakeFiles/STM32_Drivers.dir/__/__/Core/Src/system_stm32f1xx.c.obj
                0x08009440                AHBPrescTable
 .rodata.aPLLMULFactorTable.1
                0x08009450       0x10 cmake/stm32cubemx/CMakeFiles/STM32_Drivers.dir/__/__/Drivers/STM32F1xx_HAL_Driver/Src/stm32f1xx_hal_rcc.c.obj
 .rodata.aPredivFactorTable.0
                0x08009460        0x2 cmake/stm32cubemx/CMakeFiles/STM32_Drivers.dir/__/__/Drivers/STM32F1xx_HAL_Driver/Src/stm32f1xx_hal_rcc.c.obj
 *fill*         0x08009462        0x2 
 .rodata.ExCvt  0x08009464       0x80 cmake/stm32cubemx/CMakeFiles/FatFs.dir/__/__/Middlewares/Third_Party/FatFs/src/ff.c.obj
 .rodata.LfnOfs
                0x080094e4        0xd cmake/stm32cubemx/CMakeFiles/FatFs.dir/__/__/Middlewares/Third_Party/FatFs/src/ff.c.obj
 *fill*         0x080094f1        0x3 
 .rodata.vst.1  0x080094f4       0x16 cmake/stm32cubemx/CMakeFiles/FatFs.dir/__/__/Middlewares/Third_Party/FatFs/src/ff.c.obj
 *fill*         0x0800950a        0x2 
 .rodata.cst.0  0x0800950c       0x16 cmake/stm32cubemx/CMakeFiles/FatFs.dir/__/__/Middlewares/Third_Party/FatFs/src/ff.c.obj
 *fill*         0x08009522        0x2 
 .rodata.Tbl    0x08009524      0x100 cmake/stm32cubemx/CMakeFiles/FatFs.dir/__/__/Middlewares/Third_Party/FatFs/src/option/ccsbcs.c.obj
 .rodata.tbl_lower.1
                0x08009624      0x1e0 cmake/stm32cubemx/CMakeFiles/FatFs.dir/__/__/Middlewares/Third_Party/FatFs/src/option/ccsbcs.c.obj
 .rodata.tbl_upper.0
                0x08009804      0x1e0 cmake/stm32cubemx/CMakeFiles/FatFs.dir/__/__/Middlewares/Third_Party/FatFs/src/option/ccsbcs.c.obj
 .rodata.SD_Driver
                0x080099e4       0x14 CMakeFiles/Display_Image_In_SD.dir/Core/Src/sd_diskio_spi.c.obj
                0x080099e4                SD_Driver
 .rodata._vfprintf_r.str1.1
                0x080099f8       0x33 D:/STM32CubeCLT_1.18.0/GNU-tools-for-STM32/bin/../lib/gcc/arm-none-eabi/13.3.1/../../../../arm-none-eabi/lib/thumb/v7-m/nofp\libg_nano.a(libc_a-nano-vfprintf.o)
                                 0x11 (size before relaxing)
 .rodata._printf_i.str1.1
                0x08009a2b       0x22 D:/STM32CubeCLT_1.18.0/GNU-tools-for-STM32/bin/../lib/gcc/arm-none-eabi/13.3.1/../../../../arm-none-eabi/lib/thumb/v7-m/nofp\libg_nano.a(libc_a-nano-vfprintf_i.o)
                0x08009a50                        . = ALIGN (0x4)
 *fill*         0x08009a2b        0x1 

.ARM.extab      0x08009a2c        0x0
                0x08009a2c                        . = ALIGN (0x4)
 *(.ARM.extab* .gnu.linkonce.armextab.*)
                0x08009a2c                        . = ALIGN (0x4)

.ARM            0x08009a2c        0x0
                0x08009a2c                        . = ALIGN (0x4)
                0x08009a2c                        __exidx_start = .
 *(.ARM.exidx*)
                0x08009a2c                        __exidx_end = .
                0x08009a2c                        . = ALIGN (0x4)

.preinit_array  0x08009a2c        0x0
                0x08009a2c                        . = ALIGN (0x4)
                0x08009a2c                        PROVIDE (__preinit_array_start = .)
 *(.preinit_array*)
                0x08009a2c                        PROVIDE (__preinit_array_end = .)
                0x08009a2c                        . = ALIGN (0x4)

.init_array     0x08009a2c        0x4
                0x08009a2c                        . = ALIGN (0x4)
                0x08009a2c                        PROVIDE (__init_array_start = .)
 *(SORT_BY_NAME(.init_array.*))
 *(.init_array*)
 .init_array    0x08009a2c        0x4 D:/STM32CubeCLT_1.18.0/GNU-tools-for-STM32/bin/../lib/gcc/arm-none-eabi/13.3.1/thumb/v7-m/nofp/crtbegin.o
                0x08009a30                        PROVIDE (__init_array_end = .)
                0x08009a30                        . = ALIGN (0x4)

.fini_array     0x08009a30        0x4
                0x08009a30                        . = ALIGN (0x4)
                [!provide]                        PROVIDE (__fini_array_start = .)
 *(SORT_BY_NAME(.fini_array.*))
 *(.fini_array*)
 .fini_array    0x08009a30        0x4 D:/STM32CubeCLT_1.18.0/GNU-tools-for-STM32/bin/../lib/gcc/arm-none-eabi/13.3.1/thumb/v7-m/nofp/crtbegin.o
                [!provide]                        PROVIDE (__fini_array_end = .)
                0x08009a34                        . = ALIGN (0x4)
                0x08009a34                        _sidata = LOADADDR (.data)

.rel.dyn        0x08009a34        0x0
 .rel.iplt      0x08009a34        0x0 D:/STM32CubeCLT_1.18.0/GNU-tools-for-STM32/bin/../lib/gcc/arm-none-eabi/13.3.1/thumb/v7-m/nofp/crtbegin.o

.data           0x20000000       0x6c load address 0x08009a34
                0x20000000                        . = ALIGN (0x4)
                0x20000000                        _sdata = .
 *(.data)
 *(.data*)
 .data.SystemCoreClock
                0x20000000        0x4 cmake/stm32cubemx/CMakeFiles/STM32_Drivers.dir/__/__/Core/Src/system_stm32f1xx.c.obj
                0x20000000                SystemCoreClock
 .data.uwTickPrio
                0x20000004        0x4 cmake/stm32cubemx/CMakeFiles/STM32_Drivers.dir/__/__/Drivers/STM32F1xx_HAL_Driver/Src/stm32f1xx_hal.c.obj
                0x20000004                uwTickPrio
 .data.uwTickFreq
                0x20000008        0x1 cmake/stm32cubemx/CMakeFiles/STM32_Drivers.dir/__/__/Drivers/STM32F1xx_HAL_Driver/Src/stm32f1xx_hal.c.obj
                0x20000008                uwTickFreq
 *fill*         0x20000009        0x3 
 .data.dma_tx_done_spi2
                0x2000000c        0x4 CMakeFiles/Display_Image_In_SD.dir/Core/Src/main.c.obj
                0x2000000c                dma_tx_done_spi2
 .data.__sglue  0x20000010        0xc D:/STM32CubeCLT_1.18.0/GNU-tools-for-STM32/bin/../lib/gcc/arm-none-eabi/13.3.1/../../../../arm-none-eabi/lib/thumb/v7-m/nofp\libg_nano.a(libc_a-findfp.o)
                0x20000010                __sglue
 .data._impure_ptr
                0x2000001c        0x4 D:/STM32CubeCLT_1.18.0/GNU-tools-for-STM32/bin/../lib/gcc/arm-none-eabi/13.3.1/../../../../arm-none-eabi/lib/thumb/v7-m/nofp\libg_nano.a(libc_a-impure.o)
                0x2000001c                _impure_ptr
 .data._impure_data
                0x20000020       0x4c D:/STM32CubeCLT_1.18.0/GNU-tools-for-STM32/bin/../lib/gcc/arm-none-eabi/13.3.1/../../../../arm-none-eabi/lib/thumb/v7-m/nofp\libg_nano.a(libc_a-impure.o)
                0x20000020                _impure_data
 *(.RamFunc)
 *(.RamFunc*)
                0x2000006c                        . = ALIGN (0x4)

.igot.plt       0x2000006c        0x0 load address 0x08009aa0
 .igot.plt      0x2000006c        0x0 D:/STM32CubeCLT_1.18.0/GNU-tools-for-STM32/bin/../lib/gcc/arm-none-eabi/13.3.1/thumb/v7-m/nofp/crtbegin.o

.tdata          0x2000006c        0x0 load address 0x08009aa0
 *(.tdata .tdata.* .gnu.linkonce.td.*)
                0x2000006c                        . = ALIGN (0x4)
                0x2000006c                        _edata = .
                [!provide]                        PROVIDE (__data_end = .)
                [!provide]                        PROVIDE (__tdata_end = .)
                [!provide]                        PROVIDE (__tdata_start = ADDR (.tdata))
                [!provide]                        PROVIDE (__tdata_size = (__tdata_end - __tdata_start))
                [!provide]                        PROVIDE (__data_start = ADDR (.data))
                [!provide]                        PROVIDE (__data_size = (__data_end - __data_start))
                [!provide]                        PROVIDE (__tdata_source = LOADADDR (.tdata))
                [!provide]                        PROVIDE (__tdata_source_end = (LOADADDR (.tdata) + SIZEOF (.tdata)))
                [!provide]                        PROVIDE (__tdata_source_size = (__tdata_source_end - __tdata_source))
                [!provide]                        PROVIDE (__data_source = LOADADDR (.data))
                [!provide]                        PROVIDE (__data_source_end = __tdata_source_end)
                [!provide]                        PROVIDE (__data_source_size = (__data_source_end - __data_source))

.tbss           0x2000006c        0x0 load address 0x08009aa0
                0x2000006c                        _sbss = .
                0x2000006c                        __bss_start__ = _sbss
 *(.tbss .tbss.*)
                0x2000006c                        . = ALIGN (0x4)
                [!provide]                        PROVIDE (__tbss_end = .)
                [!provide]                        PROVIDE (__tbss_start = ADDR (.tbss))
                [!provide]                        PROVIDE (__tbss_size = (__tbss_end - __tbss_start))
                [!provide]                        PROVIDE (__tbss_offset = (ADDR (.tbss) - ADDR (.tdata)))
                [!provide]                        PROVIDE (__tls_base = __tdata_start)
                [!provide]                        PROVIDE (__tls_end = __tbss_end)
                [!provide]                        PROVIDE (__tls_size = (__tls_end - __tls_base))
                [!provide]                        PROVIDE (__tls_align = MAX (ALIGNOF (.tdata), ALIGNOF (.tbss)))
                [!provide]                        PROVIDE (__tls_size_align = (((__tls_size + __tls_align) - 0x1) & ~ ((__tls_align - 0x1))))
                [!provide]                        PROVIDE (__arm32_tls_tcb_offset = MAX (0x8, __tls_align))
                [!provide]                        PROVIDE (__arm64_tls_tcb_offset = MAX (0x10, __tls_align))

.bss            0x2000006c     0x3dbc load address 0x08009aa0
 *(.bss)
 .bss           0x2000006c       0x1c D:/STM32CubeCLT_1.18.0/GNU-tools-for-STM32/bin/../lib/gcc/arm-none-eabi/13.3.1/thumb/v7-m/nofp/crtbegin.o
 *(.bss*)
 .bss.uwTick    0x20000088        0x4 cmake/stm32cubemx/CMakeFiles/STM32_Drivers.dir/__/__/Drivers/STM32F1xx_HAL_Driver/Src/stm32f1xx_hal.c.obj
                0x20000088                uwTick
 .bss.FatFs     0x2000008c        0x4 cmake/stm32cubemx/CMakeFiles/FatFs.dir/__/__/Middlewares/Third_Party/FatFs/src/ff.c.obj
 .bss.Fsid      0x20000090        0x2 cmake/stm32cubemx/CMakeFiles/FatFs.dir/__/__/Middlewares/Third_Party/FatFs/src/ff.c.obj
 *fill*         0x20000092        0x2 
 .bss.Files     0x20000094       0x18 cmake/stm32cubemx/CMakeFiles/FatFs.dir/__/__/Middlewares/Third_Party/FatFs/src/ff.c.obj
 .bss.disk      0x200000ac        0xc cmake/stm32cubemx/CMakeFiles/FatFs.dir/__/__/Middlewares/Third_Party/FatFs/src/ff_gen_drv.c.obj
                0x200000ac                disk
 .bss.hiwdg     0x200000b8        0xc CMakeFiles/Display_Image_In_SD.dir/Core/Src/main.c.obj
                0x200000b8                hiwdg
 .bss.hspi1     0x200000c4       0x58 CMakeFiles/Display_Image_In_SD.dir/Core/Src/main.c.obj
                0x200000c4                hspi1
 .bss.hspi2     0x2000011c       0x58 CMakeFiles/Display_Image_In_SD.dir/Core/Src/main.c.obj
                0x2000011c                hspi2
 .bss.hdma_spi1_rx
                0x20000174       0x44 CMakeFiles/Display_Image_In_SD.dir/Core/Src/main.c.obj
                0x20000174                hdma_spi1_rx
 .bss.hdma_spi1_tx
                0x200001b8       0x44 CMakeFiles/Display_Image_In_SD.dir/Core/Src/main.c.obj
                0x200001b8                hdma_spi1_tx
 .bss.hdma_spi2_rx
                0x200001fc       0x44 CMakeFiles/Display_Image_In_SD.dir/Core/Src/main.c.obj
                0x200001fc                hdma_spi2_rx
 .bss.hdma_spi2_tx
                0x20000240       0x44 CMakeFiles/Display_Image_In_SD.dir/Core/Src/main.c.obj
                0x20000240                hdma_spi2_tx
 .bss.dma_rx_done_spi2
                0x20000284        0x4 CMakeFiles/Display_Image_In_SD.dir/Core/Src/main.c.obj
                0x20000284                dma_rx_done_spi2
 .bss.br        0x20000288        0x4 CMakeFiles/Display_Image_In_SD.dir/Core/Src/main.c.obj
                0x20000288                br
 .bss.cnt       0x2000028c        0x4 CMakeFiles/Display_Image_In_SD.dir/Core/Src/main.c.obj
                0x2000028c                cnt
 .bss.FPS       0x20000290        0x1 CMakeFiles/Display_Image_In_SD.dir/Core/Src/main.c.obj
                0x20000290                FPS
 *fill*         0x20000291        0x3 
 .bss.my_time_TFT
                0x20000294        0x4 CMakeFiles/Display_Image_In_SD.dir/Core/Src/main.c.obj
                0x20000294                my_time_TFT
 .bss.Frame_bufferA
                0x20000298     0x1400 CMakeFiles/Display_Image_In_SD.dir/Core/Src/main.c.obj
                0x20000298                Frame_bufferA
 .bss.Frame_bufferB
                0x20001698     0x1400 CMakeFiles/Display_Image_In_SD.dir/Core/Src/main.c.obj
                0x20001698                Frame_bufferB
 .bss.__sbrk_heap_end
                0x20002a98        0x4 CMakeFiles/Display_Image_In_SD.dir/Core/Src/sysmem.c.obj
 .bss.sd_path   0x20002a9c        0x4 CMakeFiles/Display_Image_In_SD.dir/Core/Src/sd_functions.c.obj
                0x20002a9c                sd_path
 .bss.fs        0x20002aa0     0x1030 CMakeFiles/Display_Image_In_SD.dir/Core/Src/sd_functions.c.obj
                0x20002aa0                fs
 .bss.dma_tx_done
                0x20003ad0        0x4 CMakeFiles/Display_Image_In_SD.dir/Core/Src/sd_spi.c.obj
                0x20003ad0                dma_tx_done
 .bss.dma_rx_done
                0x20003ad4        0x4 CMakeFiles/Display_Image_In_SD.dir/Core/Src/sd_spi.c.obj
                0x20003ad4                dma_rx_done
 .bss.sdhc      0x20003ad8        0x1 CMakeFiles/Display_Image_In_SD.dir/Core/Src/sd_spi.c.obj
 .bss.card_initialized
                0x20003ad9        0x1 CMakeFiles/Display_Image_In_SD.dir/Core/Src/sd_spi.c.obj
                0x20003ad9                card_initialized
 *fill*         0x20003ada        0x2 
 .bss.tx_dummy.0
                0x20003adc      0x200 CMakeFiles/Display_Image_In_SD.dir/Core/Src/sd_spi.c.obj
 .bss.__malloc_sbrk_start
                0x20003cdc        0x4 D:/STM32CubeCLT_1.18.0/GNU-tools-for-STM32/bin/../lib/gcc/arm-none-eabi/13.3.1/../../../../arm-none-eabi/lib/thumb/v7-m/nofp\libg_nano.a(libc_a-mallocr.o)
                0x20003cdc                __malloc_sbrk_start
 .bss.__malloc_free_list
                0x20003ce0        0x4 D:/STM32CubeCLT_1.18.0/GNU-tools-for-STM32/bin/../lib/gcc/arm-none-eabi/13.3.1/../../../../arm-none-eabi/lib/thumb/v7-m/nofp\libg_nano.a(libc_a-mallocr.o)
                0x20003ce0                __malloc_free_list
 .bss.__sf      0x20003ce4      0x138 D:/STM32CubeCLT_1.18.0/GNU-tools-for-STM32/bin/../lib/gcc/arm-none-eabi/13.3.1/../../../../arm-none-eabi/lib/thumb/v7-m/nofp\libg_nano.a(libc_a-findfp.o)
                0x20003ce4                __sf
 .bss.__stdio_exit_handler
                0x20003e1c        0x4 D:/STM32CubeCLT_1.18.0/GNU-tools-for-STM32/bin/../lib/gcc/arm-none-eabi/13.3.1/../../../../arm-none-eabi/lib/thumb/v7-m/nofp\libg_nano.a(libc_a-findfp.o)
                0x20003e1c                __stdio_exit_handler
 .bss.errno     0x20003e20        0x4 D:/STM32CubeCLT_1.18.0/GNU-tools-for-STM32/bin/../lib/gcc/arm-none-eabi/13.3.1/../../../../arm-none-eabi/lib/thumb/v7-m/nofp\libg_nano.a(libc_a-reent.o)
                0x20003e20                errno
 .bss.__lock___malloc_recursive_mutex
                0x20003e24        0x1 D:/STM32CubeCLT_1.18.0/GNU-tools-for-STM32/bin/../lib/gcc/arm-none-eabi/13.3.1/../../../../arm-none-eabi/lib/thumb/v7-m/nofp\libg_nano.a(libc_a-lock.o)
                0x20003e24                __lock___malloc_recursive_mutex
 .bss.__lock___sfp_recursive_mutex
                0x20003e25        0x1 D:/STM32CubeCLT_1.18.0/GNU-tools-for-STM32/bin/../lib/gcc/arm-none-eabi/13.3.1/../../../../arm-none-eabi/lib/thumb/v7-m/nofp\libg_nano.a(libc_a-lock.o)
                0x20003e25                __lock___sfp_recursive_mutex
 *(COMMON)
                0x20003e28                        . = ALIGN (0x4)
 *fill*         0x20003e26        0x2 
                0x20003e28                        _ebss = .
                0x20003e28                        __bss_end__ = _ebss
                [!provide]                        PROVIDE (__bss_end = .)
                [!provide]                        PROVIDE (__non_tls_bss_start = ADDR (.bss))
                [!provide]                        PROVIDE (__bss_start = __tbss_start)
                [!provide]                        PROVIDE (__bss_size = (__bss_end - __bss_start))

._user_heap_stack
                0x20003e28      0x600 load address 0x08009aa0
                0x20003e28                        . = ALIGN (0x8)
                [!provide]                        PROVIDE (end = .)
                0x20003e28                        PROVIDE (_end = .)
                0x20004028                        . = (. + _Min_Heap_Size)
 *fill*         0x20003e28      0x200 
                0x20004428                        . = (. + _Min_Stack_Size)
 *fill*         0x20004028      0x400 
                0x20004428                        . = ALIGN (0x8)

/DISCARD/
 libc.a:*(*)
 libm.a:*(*)
 libgcc.a:*(*)
OUTPUT(Display_Image_In_SD.elf elf32-littlearm)
LOAD linker stubs

.ARM.attributes
                0x00000000       0x29
 .ARM.attributes
                0x00000000       0x1d D:/STM32CubeCLT_1.18.0/GNU-tools-for-STM32/bin/../lib/gcc/arm-none-eabi/13.3.1/thumb/v7-m/nofp/crti.o
 .ARM.attributes
                0x0000001d       0x2d D:/STM32CubeCLT_1.18.0/GNU-tools-for-STM32/bin/../lib/gcc/arm-none-eabi/13.3.1/thumb/v7-m/nofp/crtbegin.o
 .ARM.attributes
                0x0000004a       0x2d cmake/stm32cubemx/CMakeFiles/STM32_Drivers.dir/__/__/Core/Src/system_stm32f1xx.c.obj
 .ARM.attributes
                0x00000077       0x2d cmake/stm32cubemx/CMakeFiles/STM32_Drivers.dir/__/__/Drivers/STM32F1xx_HAL_Driver/Src/stm32f1xx_hal.c.obj
 .ARM.attributes
                0x000000a4       0x2d cmake/stm32cubemx/CMakeFiles/STM32_Drivers.dir/__/__/Drivers/STM32F1xx_HAL_Driver/Src/stm32f1xx_hal_rcc.c.obj
 .ARM.attributes
                0x000000d1       0x2d cmake/stm32cubemx/CMakeFiles/STM32_Drivers.dir/__/__/Drivers/STM32F1xx_HAL_Driver/Src/stm32f1xx_hal_gpio.c.obj
 .ARM.attributes
                0x000000fe       0x2d cmake/stm32cubemx/CMakeFiles/STM32_Drivers.dir/__/__/Drivers/STM32F1xx_HAL_Driver/Src/stm32f1xx_hal_dma.c.obj
 .ARM.attributes
                0x0000012b       0x2d cmake/stm32cubemx/CMakeFiles/STM32_Drivers.dir/__/__/Drivers/STM32F1xx_HAL_Driver/Src/stm32f1xx_hal_cortex.c.obj
 .ARM.attributes
                0x00000158       0x2d cmake/stm32cubemx/CMakeFiles/STM32_Drivers.dir/__/__/Drivers/STM32F1xx_HAL_Driver/Src/stm32f1xx_hal_iwdg.c.obj
 .ARM.attributes
                0x00000185       0x2d cmake/stm32cubemx/CMakeFiles/STM32_Drivers.dir/__/__/Drivers/STM32F1xx_HAL_Driver/Src/stm32f1xx_hal_spi.c.obj
 .ARM.attributes
                0x000001b2       0x2d cmake/stm32cubemx/CMakeFiles/FatFs.dir/__/__/Middlewares/Third_Party/FatFs/src/diskio.c.obj
 .ARM.attributes
                0x000001df       0x2d cmake/stm32cubemx/CMakeFiles/FatFs.dir/__/__/Middlewares/Third_Party/FatFs/src/ff.c.obj
 .ARM.attributes
                0x0000020c       0x2d cmake/stm32cubemx/CMakeFiles/FatFs.dir/__/__/Middlewares/Third_Party/FatFs/src/ff_gen_drv.c.obj
 .ARM.attributes
                0x00000239       0x2d cmake/stm32cubemx/CMakeFiles/FatFs.dir/__/__/Middlewares/Third_Party/FatFs/src/option/syscall.c.obj
 .ARM.attributes
                0x00000266       0x2d cmake/stm32cubemx/CMakeFiles/FatFs.dir/__/__/Middlewares/Third_Party/FatFs/src/option/ccsbcs.c.obj
 .ARM.attributes
                0x00000293       0x2d CMakeFiles/Display_Image_In_SD.dir/FATFS/App/fatfs.c.obj
 .ARM.attributes
                0x000002c0       0x2d CMakeFiles/Display_Image_In_SD.dir/Core/Src/main.c.obj
 .ARM.attributes
                0x000002ed       0x2d CMakeFiles/Display_Image_In_SD.dir/Core/Src/stm32f1xx_it.c.obj
 .ARM.attributes
                0x0000031a       0x2d CMakeFiles/Display_Image_In_SD.dir/Core/Src/stm32f1xx_hal_msp.c.obj
 .ARM.attributes
                0x00000347       0x2d CMakeFiles/Display_Image_In_SD.dir/Core/Src/sysmem.c.obj
 .ARM.attributes
                0x00000374       0x2d CMakeFiles/Display_Image_In_SD.dir/Core/Src/syscalls.c.obj
 .ARM.attributes
                0x000003a1       0x2d CMakeFiles/Display_Image_In_SD.dir/Core/Src/sd_diskio_spi.c.obj
 .ARM.attributes
                0x000003ce       0x2d CMakeFiles/Display_Image_In_SD.dir/Core/Src/sd_functions.c.obj
 .ARM.attributes
                0x000003fb       0x2d CMakeFiles/Display_Image_In_SD.dir/Core/Src/sd_spi.c.obj
 .ARM.attributes
                0x00000428       0x21 CMakeFiles/Display_Image_In_SD.dir/startup_stm32f103xb.s.obj
 .ARM.attributes
                0x00000449       0x2d D:/STM32CubeCLT_1.18.0/GNU-tools-for-STM32/bin/../lib/gcc/arm-none-eabi/13.3.1/../../../../arm-none-eabi/lib/thumb/v7-m/nofp\libg_nano.a(libc_a-malloc.o)
 .ARM.attributes
                0x00000476       0x2d D:/STM32CubeCLT_1.18.0/GNU-tools-for-STM32/bin/../lib/gcc/arm-none-eabi/13.3.1/../../../../arm-none-eabi/lib/thumb/v7-m/nofp\libg_nano.a(libc_a-mallocr.o)
 .ARM.attributes
                0x000004a3       0x2d D:/STM32CubeCLT_1.18.0/GNU-tools-for-STM32/bin/../lib/gcc/arm-none-eabi/13.3.1/../../../../arm-none-eabi/lib/thumb/v7-m/nofp\libg_nano.a(libc_a-mlock.o)
 .ARM.attributes
                0x000004d0       0x2d D:/STM32CubeCLT_1.18.0/GNU-tools-for-STM32/bin/../lib/gcc/arm-none-eabi/13.3.1/../../../../arm-none-eabi/lib/thumb/v7-m/nofp\libg_nano.a(libc_a-findfp.o)
 .ARM.attributes
                0x000004fd       0x2d D:/STM32CubeCLT_1.18.0/GNU-tools-for-STM32/bin/../lib/gcc/arm-none-eabi/13.3.1/../../../../arm-none-eabi/lib/thumb/v7-m/nofp\libg_nano.a(libc_a-fwalk.o)
 .ARM.attributes
                0x0000052a       0x2d D:/STM32CubeCLT_1.18.0/GNU-tools-for-STM32/bin/../lib/gcc/arm-none-eabi/13.3.1/../../../../arm-none-eabi/lib/thumb/v7-m/nofp\libg_nano.a(libc_a-printf.o)
 .ARM.attributes
                0x00000557       0x2d D:/STM32CubeCLT_1.18.0/GNU-tools-for-STM32/bin/../lib/gcc/arm-none-eabi/13.3.1/../../../../arm-none-eabi/lib/thumb/v7-m/nofp\libg_nano.a(libc_a-puts.o)
 .ARM.attributes
                0x00000584       0x2d D:/STM32CubeCLT_1.18.0/GNU-tools-for-STM32/bin/../lib/gcc/arm-none-eabi/13.3.1/../../../../arm-none-eabi/lib/thumb/v7-m/nofp\libg_nano.a(libc_a-stdio.o)
 .ARM.attributes
                0x000005b1       0x2d D:/STM32CubeCLT_1.18.0/GNU-tools-for-STM32/bin/../lib/gcc/arm-none-eabi/13.3.1/../../../../arm-none-eabi/lib/thumb/v7-m/nofp\libg_nano.a(libc_a-wbuf.o)
 .ARM.attributes
                0x000005de       0x2d D:/STM32CubeCLT_1.18.0/GNU-tools-for-STM32/bin/../lib/gcc/arm-none-eabi/13.3.1/../../../../arm-none-eabi/lib/thumb/v7-m/nofp\libg_nano.a(libc_a-wsetup.o)
 .ARM.attributes
                0x0000060b       0x2d D:/STM32CubeCLT_1.18.0/GNU-tools-for-STM32/bin/../lib/gcc/arm-none-eabi/13.3.1/../../../../arm-none-eabi/lib/thumb/v7-m/nofp\libg_nano.a(libc_a-memset.o)
 .ARM.attributes
                0x00000638       0x2d D:/STM32CubeCLT_1.18.0/GNU-tools-for-STM32/bin/../lib/gcc/arm-none-eabi/13.3.1/../../../../arm-none-eabi/lib/thumb/v7-m/nofp\libg_nano.a(libc_a-closer.o)
 .ARM.attributes
                0x00000665       0x2d D:/STM32CubeCLT_1.18.0/GNU-tools-for-STM32/bin/../lib/gcc/arm-none-eabi/13.3.1/../../../../arm-none-eabi/lib/thumb/v7-m/nofp\libg_nano.a(libc_a-reent.o)
 .ARM.attributes
                0x00000692       0x2d D:/STM32CubeCLT_1.18.0/GNU-tools-for-STM32/bin/../lib/gcc/arm-none-eabi/13.3.1/../../../../arm-none-eabi/lib/thumb/v7-m/nofp\libg_nano.a(libc_a-impure.o)
 .ARM.attributes
                0x000006bf       0x2d D:/STM32CubeCLT_1.18.0/GNU-tools-for-STM32/bin/../lib/gcc/arm-none-eabi/13.3.1/../../../../arm-none-eabi/lib/thumb/v7-m/nofp\libg_nano.a(libc_a-lseekr.o)
 .ARM.attributes
                0x000006ec       0x2d D:/STM32CubeCLT_1.18.0/GNU-tools-for-STM32/bin/../lib/gcc/arm-none-eabi/13.3.1/../../../../arm-none-eabi/lib/thumb/v7-m/nofp\libg_nano.a(libc_a-readr.o)
 .ARM.attributes
                0x00000719       0x2d D:/STM32CubeCLT_1.18.0/GNU-tools-for-STM32/bin/../lib/gcc/arm-none-eabi/13.3.1/../../../../arm-none-eabi/lib/thumb/v7-m/nofp\libg_nano.a(libc_a-sbrkr.o)
 .ARM.attributes
                0x00000746       0x2d D:/STM32CubeCLT_1.18.0/GNU-tools-for-STM32/bin/../lib/gcc/arm-none-eabi/13.3.1/../../../../arm-none-eabi/lib/thumb/v7-m/nofp\libg_nano.a(libc_a-writer.o)
 .ARM.attributes
                0x00000773       0x2d D:/STM32CubeCLT_1.18.0/GNU-tools-for-STM32/bin/../lib/gcc/arm-none-eabi/13.3.1/../../../../arm-none-eabi/lib/thumb/v7-m/nofp\libg_nano.a(libc_a-errno.o)
 .ARM.attributes
                0x000007a0       0x2d D:/STM32CubeCLT_1.18.0/GNU-tools-for-STM32/bin/../lib/gcc/arm-none-eabi/13.3.1/../../../../arm-none-eabi/lib/thumb/v7-m/nofp\libg_nano.a(libc_a-init.o)
 .ARM.attributes
                0x000007cd       0x2d D:/STM32CubeCLT_1.18.0/GNU-tools-for-STM32/bin/../lib/gcc/arm-none-eabi/13.3.1/../../../../arm-none-eabi/lib/thumb/v7-m/nofp\libg_nano.a(libc_a-lock.o)
 .ARM.attributes
                0x000007fa       0x2d D:/STM32CubeCLT_1.18.0/GNU-tools-for-STM32/bin/../lib/gcc/arm-none-eabi/13.3.1/../../../../arm-none-eabi/lib/thumb/v7-m/nofp\libg_nano.a(libc_a-freer.o)
 .ARM.attributes
                0x00000827       0x2d D:/STM32CubeCLT_1.18.0/GNU-tools-for-STM32/bin/../lib/gcc/arm-none-eabi/13.3.1/../../../../arm-none-eabi/lib/thumb/v7-m/nofp\libg_nano.a(libc_a-nano-vfprintf.o)
 .ARM.attributes
                0x00000854       0x2d D:/STM32CubeCLT_1.18.0/GNU-tools-for-STM32/bin/../lib/gcc/arm-none-eabi/13.3.1/../../../../arm-none-eabi/lib/thumb/v7-m/nofp\libg_nano.a(libc_a-nano-vfprintf_i.o)
 .ARM.attributes
                0x00000881       0x2d D:/STM32CubeCLT_1.18.0/GNU-tools-for-STM32/bin/../lib/gcc/arm-none-eabi/13.3.1/../../../../arm-none-eabi/lib/thumb/v7-m/nofp\libg_nano.a(libc_a-fflush.o)
 .ARM.attributes
                0x000008ae       0x2d D:/STM32CubeCLT_1.18.0/GNU-tools-for-STM32/bin/../lib/gcc/arm-none-eabi/13.3.1/../../../../arm-none-eabi/lib/thumb/v7-m/nofp\libg_nano.a(libc_a-makebuf.o)
 .ARM.attributes
                0x000008db       0x2d D:/STM32CubeCLT_1.18.0/GNU-tools-for-STM32/bin/../lib/gcc/arm-none-eabi/13.3.1/../../../../arm-none-eabi/lib/thumb/v7-m/nofp\libg_nano.a(libc_a-fstatr.o)
 .ARM.attributes
                0x00000908       0x2d D:/STM32CubeCLT_1.18.0/GNU-tools-for-STM32/bin/../lib/gcc/arm-none-eabi/13.3.1/../../../../arm-none-eabi/lib/thumb/v7-m/nofp\libg_nano.a(libc_a-isattyr.o)
 .ARM.attributes
                0x00000935       0x2d D:/STM32CubeCLT_1.18.0/GNU-tools-for-STM32/bin/../lib/gcc/arm-none-eabi/13.3.1/../../../../arm-none-eabi/lib/thumb/v7-m/nofp\libg_nano.a(libc_a-memchr-stub.o)
 .ARM.attributes
                0x00000962       0x1d D:/STM32CubeCLT_1.18.0/GNU-tools-for-STM32/bin/../lib/gcc/arm-none-eabi/13.3.1/thumb/v7-m/nofp/crtn.o

.comment        0x00000000       0x43
 .comment       0x00000000       0x43 cmake/stm32cubemx/CMakeFiles/STM32_Drivers.dir/__/__/Core/Src/system_stm32f1xx.c.obj
                                 0x44 (size before relaxing)
 .comment       0x00000043       0x44 cmake/stm32cubemx/CMakeFiles/STM32_Drivers.dir/__/__/Drivers/STM32F1xx_HAL_Driver/Src/stm32f1xx_hal.c.obj
 .comment       0x00000043       0x44 cmake/stm32cubemx/CMakeFiles/STM32_Drivers.dir/__/__/Drivers/STM32F1xx_HAL_Driver/Src/stm32f1xx_hal_rcc.c.obj
 .comment       0x00000043       0x44 cmake/stm32cubemx/CMakeFiles/STM32_Drivers.dir/__/__/Drivers/STM32F1xx_HAL_Driver/Src/stm32f1xx_hal_gpio.c.obj
 .comment       0x00000043       0x44 cmake/stm32cubemx/CMakeFiles/STM32_Drivers.dir/__/__/Drivers/STM32F1xx_HAL_Driver/Src/stm32f1xx_hal_dma.c.obj
 .comment       0x00000043       0x44 cmake/stm32cubemx/CMakeFiles/STM32_Drivers.dir/__/__/Drivers/STM32F1xx_HAL_Driver/Src/stm32f1xx_hal_cortex.c.obj
 .comment       0x00000043       0x44 cmake/stm32cubemx/CMakeFiles/STM32_Drivers.dir/__/__/Drivers/STM32F1xx_HAL_Driver/Src/stm32f1xx_hal_iwdg.c.obj
 .comment       0x00000043       0x44 cmake/stm32cubemx/CMakeFiles/STM32_Drivers.dir/__/__/Drivers/STM32F1xx_HAL_Driver/Src/stm32f1xx_hal_spi.c.obj
 .comment       0x00000043       0x44 cmake/stm32cubemx/CMakeFiles/FatFs.dir/__/__/Middlewares/Third_Party/FatFs/src/diskio.c.obj
 .comment       0x00000043       0x44 cmake/stm32cubemx/CMakeFiles/FatFs.dir/__/__/Middlewares/Third_Party/FatFs/src/ff.c.obj
 .comment       0x00000043       0x44 cmake/stm32cubemx/CMakeFiles/FatFs.dir/__/__/Middlewares/Third_Party/FatFs/src/ff_gen_drv.c.obj
 .comment       0x00000043       0x44 cmake/stm32cubemx/CMakeFiles/FatFs.dir/__/__/Middlewares/Third_Party/FatFs/src/option/syscall.c.obj
 .comment       0x00000043       0x44 cmake/stm32cubemx/CMakeFiles/FatFs.dir/__/__/Middlewares/Third_Party/FatFs/src/option/ccsbcs.c.obj
 .comment       0x00000043       0x44 CMakeFiles/Display_Image_In_SD.dir/FATFS/App/fatfs.c.obj
 .comment       0x00000043       0x44 CMakeFiles/Display_Image_In_SD.dir/Core/Src/main.c.obj
 .comment       0x00000043       0x44 CMakeFiles/Display_Image_In_SD.dir/Core/Src/stm32f1xx_it.c.obj
 .comment       0x00000043       0x44 CMakeFiles/Display_Image_In_SD.dir/Core/Src/stm32f1xx_hal_msp.c.obj
 .comment       0x00000043       0x44 CMakeFiles/Display_Image_In_SD.dir/Core/Src/sysmem.c.obj
 .comment       0x00000043       0x44 CMakeFiles/Display_Image_In_SD.dir/Core/Src/syscalls.c.obj
 .comment       0x00000043       0x44 CMakeFiles/Display_Image_In_SD.dir/Core/Src/sd_diskio_spi.c.obj
 .comment       0x00000043       0x44 CMakeFiles/Display_Image_In_SD.dir/Core/Src/sd_functions.c.obj
 .comment       0x00000043       0x44 CMakeFiles/Display_Image_In_SD.dir/Core/Src/sd_spi.c.obj
 .comment       0x00000043       0x44 D:/STM32CubeCLT_1.18.0/GNU-tools-for-STM32/bin/../lib/gcc/arm-none-eabi/13.3.1/../../../../arm-none-eabi/lib/thumb/v7-m/nofp\libg_nano.a(libc_a-malloc.o)
 .comment       0x00000043       0x44 D:/STM32CubeCLT_1.18.0/GNU-tools-for-STM32/bin/../lib/gcc/arm-none-eabi/13.3.1/../../../../arm-none-eabi/lib/thumb/v7-m/nofp\libg_nano.a(libc_a-mallocr.o)
 .comment       0x00000043       0x44 D:/STM32CubeCLT_1.18.0/GNU-tools-for-STM32/bin/../lib/gcc/arm-none-eabi/13.3.1/../../../../arm-none-eabi/lib/thumb/v7-m/nofp\libg_nano.a(libc_a-mlock.o)
 .comment       0x00000043       0x44 D:/STM32CubeCLT_1.18.0/GNU-tools-for-STM32/bin/../lib/gcc/arm-none-eabi/13.3.1/../../../../arm-none-eabi/lib/thumb/v7-m/nofp\libg_nano.a(libc_a-findfp.o)
 .comment       0x00000043       0x44 D:/STM32CubeCLT_1.18.0/GNU-tools-for-STM32/bin/../lib/gcc/arm-none-eabi/13.3.1/../../../../arm-none-eabi/lib/thumb/v7-m/nofp\libg_nano.a(libc_a-fwalk.o)
 .comment       0x00000043       0x44 D:/STM32CubeCLT_1.18.0/GNU-tools-for-STM32/bin/../lib/gcc/arm-none-eabi/13.3.1/../../../../arm-none-eabi/lib/thumb/v7-m/nofp\libg_nano.a(libc_a-printf.o)
 .comment       0x00000043       0x44 D:/STM32CubeCLT_1.18.0/GNU-tools-for-STM32/bin/../lib/gcc/arm-none-eabi/13.3.1/../../../../arm-none-eabi/lib/thumb/v7-m/nofp\libg_nano.a(libc_a-puts.o)
 .comment       0x00000043       0x44 D:/STM32CubeCLT_1.18.0/GNU-tools-for-STM32/bin/../lib/gcc/arm-none-eabi/13.3.1/../../../../arm-none-eabi/lib/thumb/v7-m/nofp\libg_nano.a(libc_a-stdio.o)
 .comment       0x00000043       0x44 D:/STM32CubeCLT_1.18.0/GNU-tools-for-STM32/bin/../lib/gcc/arm-none-eabi/13.3.1/../../../../arm-none-eabi/lib/thumb/v7-m/nofp\libg_nano.a(libc_a-wbuf.o)
 .comment       0x00000043       0x44 D:/STM32CubeCLT_1.18.0/GNU-tools-for-STM32/bin/../lib/gcc/arm-none-eabi/13.3.1/../../../../arm-none-eabi/lib/thumb/v7-m/nofp\libg_nano.a(libc_a-wsetup.o)
 .comment       0x00000043       0x44 D:/STM32CubeCLT_1.18.0/GNU-tools-for-STM32/bin/../lib/gcc/arm-none-eabi/13.3.1/../../../../arm-none-eabi/lib/thumb/v7-m/nofp\libg_nano.a(libc_a-memset.o)
 .comment       0x00000043       0x44 D:/STM32CubeCLT_1.18.0/GNU-tools-for-STM32/bin/../lib/gcc/arm-none-eabi/13.3.1/../../../../arm-none-eabi/lib/thumb/v7-m/nofp\libg_nano.a(libc_a-closer.o)
 .comment       0x00000043       0x44 D:/STM32CubeCLT_1.18.0/GNU-tools-for-STM32/bin/../lib/gcc/arm-none-eabi/13.3.1/../../../../arm-none-eabi/lib/thumb/v7-m/nofp\libg_nano.a(libc_a-reent.o)
 .comment       0x00000043       0x44 D:/STM32CubeCLT_1.18.0/GNU-tools-for-STM32/bin/../lib/gcc/arm-none-eabi/13.3.1/../../../../arm-none-eabi/lib/thumb/v7-m/nofp\libg_nano.a(libc_a-impure.o)
 .comment       0x00000043       0x44 D:/STM32CubeCLT_1.18.0/GNU-tools-for-STM32/bin/../lib/gcc/arm-none-eabi/13.3.1/../../../../arm-none-eabi/lib/thumb/v7-m/nofp\libg_nano.a(libc_a-lseekr.o)
 .comment       0x00000043       0x44 D:/STM32CubeCLT_1.18.0/GNU-tools-for-STM32/bin/../lib/gcc/arm-none-eabi/13.3.1/../../../../arm-none-eabi/lib/thumb/v7-m/nofp\libg_nano.a(libc_a-readr.o)
 .comment       0x00000043       0x44 D:/STM32CubeCLT_1.18.0/GNU-tools-for-STM32/bin/../lib/gcc/arm-none-eabi/13.3.1/../../../../arm-none-eabi/lib/thumb/v7-m/nofp\libg_nano.a(libc_a-sbrkr.o)
 .comment       0x00000043       0x44 D:/STM32CubeCLT_1.18.0/GNU-tools-for-STM32/bin/../lib/gcc/arm-none-eabi/13.3.1/../../../../arm-none-eabi/lib/thumb/v7-m/nofp\libg_nano.a(libc_a-writer.o)
 .comment       0x00000043       0x44 D:/STM32CubeCLT_1.18.0/GNU-tools-for-STM32/bin/../lib/gcc/arm-none-eabi/13.3.1/../../../../arm-none-eabi/lib/thumb/v7-m/nofp\libg_nano.a(libc_a-errno.o)
 .comment       0x00000043       0x44 D:/STM32CubeCLT_1.18.0/GNU-tools-for-STM32/bin/../lib/gcc/arm-none-eabi/13.3.1/../../../../arm-none-eabi/lib/thumb/v7-m/nofp\libg_nano.a(libc_a-init.o)
 .comment       0x00000043       0x44 D:/STM32CubeCLT_1.18.0/GNU-tools-for-STM32/bin/../lib/gcc/arm-none-eabi/13.3.1/../../../../arm-none-eabi/lib/thumb/v7-m/nofp\libg_nano.a(libc_a-lock.o)
 .comment       0x00000043       0x44 D:/STM32CubeCLT_1.18.0/GNU-tools-for-STM32/bin/../lib/gcc/arm-none-eabi/13.3.1/../../../../arm-none-eabi/lib/thumb/v7-m/nofp\libg_nano.a(libc_a-freer.o)
 .comment       0x00000043       0x44 D:/STM32CubeCLT_1.18.0/GNU-tools-for-STM32/bin/../lib/gcc/arm-none-eabi/13.3.1/../../../../arm-none-eabi/lib/thumb/v7-m/nofp\libg_nano.a(libc_a-nano-vfprintf.o)
 .comment       0x00000043       0x44 D:/STM32CubeCLT_1.18.0/GNU-tools-for-STM32/bin/../lib/gcc/arm-none-eabi/13.3.1/../../../../arm-none-eabi/lib/thumb/v7-m/nofp\libg_nano.a(libc_a-nano-vfprintf_i.o)
 .comment       0x00000043       0x44 D:/STM32CubeCLT_1.18.0/GNU-tools-for-STM32/bin/../lib/gcc/arm-none-eabi/13.3.1/../../../../arm-none-eabi/lib/thumb/v7-m/nofp\libg_nano.a(libc_a-fflush.o)
 .comment       0x00000043       0x44 D:/STM32CubeCLT_1.18.0/GNU-tools-for-STM32/bin/../lib/gcc/arm-none-eabi/13.3.1/../../../../arm-none-eabi/lib/thumb/v7-m/nofp\libg_nano.a(libc_a-makebuf.o)
 .comment       0x00000043       0x44 D:/STM32CubeCLT_1.18.0/GNU-tools-for-STM32/bin/../lib/gcc/arm-none-eabi/13.3.1/../../../../arm-none-eabi/lib/thumb/v7-m/nofp\libg_nano.a(libc_a-fstatr.o)
 .comment       0x00000043       0x44 D:/STM32CubeCLT_1.18.0/GNU-tools-for-STM32/bin/../lib/gcc/arm-none-eabi/13.3.1/../../../../arm-none-eabi/lib/thumb/v7-m/nofp\libg_nano.a(libc_a-isattyr.o)
 .comment       0x00000043       0x44 D:/STM32CubeCLT_1.18.0/GNU-tools-for-STM32/bin/../lib/gcc/arm-none-eabi/13.3.1/../../../../arm-none-eabi/lib/thumb/v7-m/nofp\libg_nano.a(libc_a-memchr-stub.o)

.debug_info     0x00000000    0x1a632
 .debug_info    0x00000000      0x222 cmake/stm32cubemx/CMakeFiles/STM32_Drivers.dir/__/__/Core/Src/system_stm32f1xx.c.obj
 .debug_info    0x00000222      0x704 cmake/stm32cubemx/CMakeFiles/STM32_Drivers.dir/__/__/Drivers/STM32F1xx_HAL_Driver/Src/stm32f1xx_hal.c.obj
 .debug_info    0x00000926      0x7d5 cmake/stm32cubemx/CMakeFiles/STM32_Drivers.dir/__/__/Drivers/STM32F1xx_HAL_Driver/Src/stm32f1xx_hal_rcc.c.obj
 .debug_info    0x000010fb      0x5ab cmake/stm32cubemx/CMakeFiles/STM32_Drivers.dir/__/__/Drivers/STM32F1xx_HAL_Driver/Src/stm32f1xx_hal_gpio.c.obj
 .debug_info    0x000016a6      0x6d2 cmake/stm32cubemx/CMakeFiles/STM32_Drivers.dir/__/__/Drivers/STM32F1xx_HAL_Driver/Src/stm32f1xx_hal_dma.c.obj
 .debug_info    0x00001d78      0xa87 cmake/stm32cubemx/CMakeFiles/STM32_Drivers.dir/__/__/Drivers/STM32F1xx_HAL_Driver/Src/stm32f1xx_hal_cortex.c.obj
 .debug_info    0x000027ff      0x1d9 cmake/stm32cubemx/CMakeFiles/STM32_Drivers.dir/__/__/Drivers/STM32F1xx_HAL_Driver/Src/stm32f1xx_hal_iwdg.c.obj
 .debug_info    0x000029d8     0x142d cmake/stm32cubemx/CMakeFiles/STM32_Drivers.dir/__/__/Drivers/STM32F1xx_HAL_Driver/Src/stm32f1xx_hal_spi.c.obj
 .debug_info    0x00003e05      0x3da cmake/stm32cubemx/CMakeFiles/FatFs.dir/__/__/Middlewares/Third_Party/FatFs/src/diskio.c.obj
 .debug_info    0x000041df     0x2698 cmake/stm32cubemx/CMakeFiles/FatFs.dir/__/__/Middlewares/Third_Party/FatFs/src/ff.c.obj
 .debug_info    0x00006877      0x37a cmake/stm32cubemx/CMakeFiles/FatFs.dir/__/__/Middlewares/Third_Party/FatFs/src/ff_gen_drv.c.obj
 .debug_info    0x00006bf1      0x10b cmake/stm32cubemx/CMakeFiles/FatFs.dir/__/__/Middlewares/Third_Party/FatFs/src/option/syscall.c.obj
 .debug_info    0x00006cfc      0x173 cmake/stm32cubemx/CMakeFiles/FatFs.dir/__/__/Middlewares/Third_Party/FatFs/src/option/ccsbcs.c.obj
 .debug_info    0x00006e6f      0x4dd CMakeFiles/Display_Image_In_SD.dir/FATFS/App/fatfs.c.obj
 .debug_info    0x0000734c     0x1566 CMakeFiles/Display_Image_In_SD.dir/Core/Src/main.c.obj
 .debug_info    0x000088b2      0x3aa CMakeFiles/Display_Image_In_SD.dir/Core/Src/stm32f1xx_it.c.obj
 .debug_info    0x00008c5c      0x8fd CMakeFiles/Display_Image_In_SD.dir/Core/Src/stm32f1xx_hal_msp.c.obj
 .debug_info    0x00009559      0x168 CMakeFiles/Display_Image_In_SD.dir/Core/Src/sysmem.c.obj
 .debug_info    0x000096c1      0x6b4 CMakeFiles/Display_Image_In_SD.dir/Core/Src/syscalls.c.obj
 .debug_info    0x00009d75      0x3c8 CMakeFiles/Display_Image_In_SD.dir/Core/Src/sd_diskio_spi.c.obj
 .debug_info    0x0000a13d      0xe49 CMakeFiles/Display_Image_In_SD.dir/Core/Src/sd_functions.c.obj
 .debug_info    0x0000af86      0xb61 CMakeFiles/Display_Image_In_SD.dir/Core/Src/sd_spi.c.obj
 .debug_info    0x0000bae7       0x30 CMakeFiles/Display_Image_In_SD.dir/startup_stm32f103xb.s.obj
 .debug_info    0x0000bb17      0x7a0 D:/STM32CubeCLT_1.18.0/GNU-tools-for-STM32/bin/../lib/gcc/arm-none-eabi/13.3.1/../../../../arm-none-eabi/lib/thumb/v7-m/nofp\libg_nano.a(libc_a-malloc.o)
 .debug_info    0x0000c2b7      0x9bc D:/STM32CubeCLT_1.18.0/GNU-tools-for-STM32/bin/../lib/gcc/arm-none-eabi/13.3.1/../../../../arm-none-eabi/lib/thumb/v7-m/nofp\libg_nano.a(libc_a-mallocr.o)
 .debug_info    0x0000cc73      0x76b D:/STM32CubeCLT_1.18.0/GNU-tools-for-STM32/bin/../lib/gcc/arm-none-eabi/13.3.1/../../../../arm-none-eabi/lib/thumb/v7-m/nofp\libg_nano.a(libc_a-mlock.o)
 .debug_info    0x0000d3de      0xfb5 D:/STM32CubeCLT_1.18.0/GNU-tools-for-STM32/bin/../lib/gcc/arm-none-eabi/13.3.1/../../../../arm-none-eabi/lib/thumb/v7-m/nofp\libg_nano.a(libc_a-findfp.o)
 .debug_info    0x0000e393      0x7d2 D:/STM32CubeCLT_1.18.0/GNU-tools-for-STM32/bin/../lib/gcc/arm-none-eabi/13.3.1/../../../../arm-none-eabi/lib/thumb/v7-m/nofp\libg_nano.a(libc_a-fwalk.o)
 .debug_info    0x0000eb65      0x841 D:/STM32CubeCLT_1.18.0/GNU-tools-for-STM32/bin/../lib/gcc/arm-none-eabi/13.3.1/../../../../arm-none-eabi/lib/thumb/v7-m/nofp\libg_nano.a(libc_a-printf.o)
 .debug_info    0x0000f3a6      0x950 D:/STM32CubeCLT_1.18.0/GNU-tools-for-STM32/bin/../lib/gcc/arm-none-eabi/13.3.1/../../../../arm-none-eabi/lib/thumb/v7-m/nofp\libg_nano.a(libc_a-puts.o)
 .debug_info    0x0000fcf6      0xa90 D:/STM32CubeCLT_1.18.0/GNU-tools-for-STM32/bin/../lib/gcc/arm-none-eabi/13.3.1/../../../../arm-none-eabi/lib/thumb/v7-m/nofp\libg_nano.a(libc_a-stdio.o)
 .debug_info    0x00010786      0x874 D:/STM32CubeCLT_1.18.0/GNU-tools-for-STM32/bin/../lib/gcc/arm-none-eabi/13.3.1/../../../../arm-none-eabi/lib/thumb/v7-m/nofp\libg_nano.a(libc_a-wbuf.o)
 .debug_info    0x00010ffa      0x7bb D:/STM32CubeCLT_1.18.0/GNU-tools-for-STM32/bin/../lib/gcc/arm-none-eabi/13.3.1/../../../../arm-none-eabi/lib/thumb/v7-m/nofp\libg_nano.a(libc_a-wsetup.o)
 .debug_info    0x000117b5       0xe0 D:/STM32CubeCLT_1.18.0/GNU-tools-for-STM32/bin/../lib/gcc/arm-none-eabi/13.3.1/../../../../arm-none-eabi/lib/thumb/v7-m/nofp\libg_nano.a(libc_a-memset.o)
 .debug_info    0x00011895      0x75d D:/STM32CubeCLT_1.18.0/GNU-tools-for-STM32/bin/../lib/gcc/arm-none-eabi/13.3.1/../../../../arm-none-eabi/lib/thumb/v7-m/nofp\libg_nano.a(libc_a-closer.o)
 .debug_info    0x00011ff2      0x8a1 D:/STM32CubeCLT_1.18.0/GNU-tools-for-STM32/bin/../lib/gcc/arm-none-eabi/13.3.1/../../../../arm-none-eabi/lib/thumb/v7-m/nofp\libg_nano.a(libc_a-reent.o)
 .debug_info    0x00012893      0x715 D:/STM32CubeCLT_1.18.0/GNU-tools-for-STM32/bin/../lib/gcc/arm-none-eabi/13.3.1/../../../../arm-none-eabi/lib/thumb/v7-m/nofp\libg_nano.a(libc_a-impure.o)
 .debug_info    0x00012fa8      0x7a8 D:/STM32CubeCLT_1.18.0/GNU-tools-for-STM32/bin/../lib/gcc/arm-none-eabi/13.3.1/../../../../arm-none-eabi/lib/thumb/v7-m/nofp\libg_nano.a(libc_a-lseekr.o)
 .debug_info    0x00013750      0x7bf D:/STM32CubeCLT_1.18.0/GNU-tools-for-STM32/bin/../lib/gcc/arm-none-eabi/13.3.1/../../../../arm-none-eabi/lib/thumb/v7-m/nofp\libg_nano.a(libc_a-readr.o)
 .debug_info    0x00013f0f      0x782 D:/STM32CubeCLT_1.18.0/GNU-tools-for-STM32/bin/../lib/gcc/arm-none-eabi/13.3.1/../../../../arm-none-eabi/lib/thumb/v7-m/nofp\libg_nano.a(libc_a-sbrkr.o)
 .debug_info    0x00014691      0x7c5 D:/STM32CubeCLT_1.18.0/GNU-tools-for-STM32/bin/../lib/gcc/arm-none-eabi/13.3.1/../../../../arm-none-eabi/lib/thumb/v7-m/nofp\libg_nano.a(libc_a-writer.o)
 .debug_info    0x00014e56      0x6fb D:/STM32CubeCLT_1.18.0/GNU-tools-for-STM32/bin/../lib/gcc/arm-none-eabi/13.3.1/../../../../arm-none-eabi/lib/thumb/v7-m/nofp\libg_nano.a(libc_a-errno.o)
 .debug_info    0x00015551      0x10b D:/STM32CubeCLT_1.18.0/GNU-tools-for-STM32/bin/../lib/gcc/arm-none-eabi/13.3.1/../../../../arm-none-eabi/lib/thumb/v7-m/nofp\libg_nano.a(libc_a-init.o)
 .debug_info    0x0001565c      0x218 D:/STM32CubeCLT_1.18.0/GNU-tools-for-STM32/bin/../lib/gcc/arm-none-eabi/13.3.1/../../../../arm-none-eabi/lib/thumb/v7-m/nofp\libg_nano.a(libc_a-lock.o)
 .debug_info    0x00015874      0x851 D:/STM32CubeCLT_1.18.0/GNU-tools-for-STM32/bin/../lib/gcc/arm-none-eabi/13.3.1/../../../../arm-none-eabi/lib/thumb/v7-m/nofp\libg_nano.a(libc_a-freer.o)
 .debug_info    0x000160c5     0x1094 D:/STM32CubeCLT_1.18.0/GNU-tools-for-STM32/bin/../lib/gcc/arm-none-eabi/13.3.1/../../../../arm-none-eabi/lib/thumb/v7-m/nofp\libg_nano.a(libc_a-nano-vfprintf.o)
 .debug_info    0x00017159      0xde2 D:/STM32CubeCLT_1.18.0/GNU-tools-for-STM32/bin/../lib/gcc/arm-none-eabi/13.3.1/../../../../arm-none-eabi/lib/thumb/v7-m/nofp\libg_nano.a(libc_a-nano-vfprintf_i.o)
 .debug_info    0x00017f3b      0x9ef D:/STM32CubeCLT_1.18.0/GNU-tools-for-STM32/bin/../lib/gcc/arm-none-eabi/13.3.1/../../../../arm-none-eabi/lib/thumb/v7-m/nofp\libg_nano.a(libc_a-fflush.o)
 .debug_info    0x0001892a      0xb1a D:/STM32CubeCLT_1.18.0/GNU-tools-for-STM32/bin/../lib/gcc/arm-none-eabi/13.3.1/../../../../arm-none-eabi/lib/thumb/v7-m/nofp\libg_nano.a(libc_a-makebuf.o)
 .debug_info    0x00019444      0x981 D:/STM32CubeCLT_1.18.0/GNU-tools-for-STM32/bin/../lib/gcc/arm-none-eabi/13.3.1/../../../../arm-none-eabi/lib/thumb/v7-m/nofp\libg_nano.a(libc_a-fstatr.o)
 .debug_info    0x00019dc5      0x75d D:/STM32CubeCLT_1.18.0/GNU-tools-for-STM32/bin/../lib/gcc/arm-none-eabi/13.3.1/../../../../arm-none-eabi/lib/thumb/v7-m/nofp\libg_nano.a(libc_a-isattyr.o)
 .debug_info    0x0001a522      0x110 D:/STM32CubeCLT_1.18.0/GNU-tools-for-STM32/bin/../lib/gcc/arm-none-eabi/13.3.1/../../../../arm-none-eabi/lib/thumb/v7-m/nofp\libg_nano.a(libc_a-memchr-stub.o)

.debug_abbrev   0x00000000     0x6233
 .debug_abbrev  0x00000000      0x13f cmake/stm32cubemx/CMakeFiles/STM32_Drivers.dir/__/__/Core/Src/system_stm32f1xx.c.obj
 .debug_abbrev  0x0000013f      0x201 cmake/stm32cubemx/CMakeFiles/STM32_Drivers.dir/__/__/Drivers/STM32F1xx_HAL_Driver/Src/stm32f1xx_hal.c.obj