../Core/Src/sd_functions.c:29:5:sd_format	16	static
../Core/Src/sd_functions.c:41:5:sd_get_space_kb	40	static
../Core/Src/sd_functions.c:55:5:sd_mount	16	static
../Core/Src/sd_functions.c:113:5:sd_unmount	16	static
../Core/Src/sd_functions.c:119:5:sd_write_file	4168	static
../Core/Src/sd_functions.c:131:5:sd_append_file	4168	static
../Core/Src/sd_functions.c:149:5:sd_read_file	4184	static
../Core/Src/sd_functions.c:195:5:sd_read_csv	4328	static
../Core/Src/sd_functions.c:238:5:sd_delete_file	24	static
../Core/Src/sd_functions.c:244:5:sd_rename_file	24	static
../Core/Src/sd_functions.c:250:9:sd_create_directory	24	static
../Core/Src/sd_functions.c:256:6:sd_list_directory_recursive	496	static
../Core/Src/sd_functions.c:288:6:sd_list_files	8	static
