../Core/Src/lvgl/src/draw/../misc/../stdlib/lv_string.h:73:20:lv_memzero	16	static
../Core/Src/lvgl/src/draw/lv_draw.c:61:6:lv_draw_init	4	static
../Core/Src/lvgl/src/draw/lv_draw.c:68:6:lv_draw_deinit	16	static
../Core/Src/lvgl/src/draw/lv_draw.c:85:8:lv_draw_create_unit	24	static
../Core/Src/lvgl/src/draw/lv_draw.c:99:18:lv_draw_add_task	48	static
../Core/Src/lvgl/src/draw/lv_draw.c:133:6:lv_draw_finalize_task_creation	32	static
../Core/Src/lvgl/src/draw/lv_draw.c:194:6:lv_draw_wait_for_finish	4	static
../Core/Src/lvgl/src/draw/lv_draw.c:213:6:lv_draw_dispatch	24	static
../Core/Src/lvgl/src/draw/lv_draw.c:233:6:lv_draw_dispatch_layer	48	static
../Core/Src/lvgl/src/draw/lv_draw.c:295:6:lv_draw_dispatch_wait_for_request	4	static
../Core/Src/lvgl/src/draw/lv_draw.c:307:6:lv_draw_dispatch_request	4	static
../Core/Src/lvgl/src/draw/lv_draw.c:318:10:lv_draw_get_unit_count	4	static
../Core/Src/lvgl/src/draw/lv_draw.c:323:18:lv_draw_get_available_task	24	static
../Core/Src/lvgl/src/draw/lv_draw.c:333:18:lv_draw_get_next_available_task	40	static
../Core/Src/lvgl/src/draw/lv_draw.c:367:10:lv_draw_get_dependent_count	24	static
../Core/Src/lvgl/src/draw/lv_draw.c:388:6:lv_layer_init	16	static
../Core/Src/lvgl/src/draw/lv_draw.c:395:6:lv_layer_reset	24	static
../Core/Src/lvgl/src/draw/lv_draw.c:405:14:lv_draw_layer_create	32	static
../Core/Src/lvgl/src/draw/lv_draw.c:427:6:lv_draw_layer_init	40	static
../Core/Src/lvgl/src/draw/lv_draw.c:454:8:lv_draw_layer_alloc_buf	32	static
../Core/Src/lvgl/src/draw/lv_draw.c:496:8:lv_draw_layer_go_to_xy	24	static
../Core/Src/lvgl/src/draw/lv_draw.c:501:21:lv_draw_task_get_type	16	static
../Core/Src/lvgl/src/draw/lv_draw.c:506:8:lv_draw_task_get_draw_dsc	16	static
../Core/Src/lvgl/src/draw/lv_draw.c:511:6:lv_draw_task_get_area	16	static
../Core/Src/lvgl/src/draw/lv_draw.c:527:13:is_independent	48	static
../Core/Src/lvgl/src/draw/lv_draw.c:559:22:get_draw_dsc_size	16	static
../Core/Src/lvgl/src/draw/lv_draw.c:611:13:cleanup_task	40	static
../Core/Src/lvgl/src/draw/lv_draw.c:664:25:get_first_available_task	24	static
