../Core/Src/lvgl/src/draw/../misc/../stdlib/lv_string.h:73:20:lv_memzero	16	static
../Core/Src/lvgl/src/draw/lv_image_decoder.c:59:6:lv_image_decoder_init	16	static
../Core/Src/lvgl/src/draw/lv_image_decoder.c:71:6:lv_image_decoder_deinit	8	static
../Core/Src/lvgl/src/draw/lv_image_decoder.c:79:13:lv_image_decoder_get_info	96	static
../Core/Src/lvgl/src/draw/lv_image_decoder.c:92:13:lv_image_decoder_open	32	static
../Core/Src/lvgl/src/draw/lv_image_decoder.c:150:13:lv_image_decoder_get_area	40	static
../Core/Src/lvgl/src/draw/lv_image_decoder.c:159:6:lv_image_decoder_close	16	static
../Core/Src/lvgl/src/draw/lv_image_decoder.c:175:22:lv_image_decoder_create	16	static
../Core/Src/lvgl/src/draw/lv_image_decoder.c:187:6:lv_image_decoder_delete	16	static
../Core/Src/lvgl/src/draw/lv_image_decoder.c:193:22:lv_image_decoder_get_next	16	static
../Core/Src/lvgl/src/draw/lv_image_decoder.c:201:6:lv_image_decoder_set_info_cb	16	static
../Core/Src/lvgl/src/draw/lv_image_decoder.c:206:6:lv_image_decoder_set_open_cb	16	static
../Core/Src/lvgl/src/draw/lv_image_decoder.c:211:6:lv_image_decoder_set_get_area_cb	16	static
../Core/Src/lvgl/src/draw/lv_image_decoder.c:216:6:lv_image_decoder_set_close_cb	16	static
../Core/Src/lvgl/src/draw/lv_image_decoder.c:221:20:lv_image_decoder_add_to_cache	32	static
../Core/Src/lvgl/src/draw/lv_image_decoder.c:244:17:lv_image_decoder_post_process	40	static
../Core/Src/lvgl/src/draw/lv_image_decoder.c:298:29:image_decoder_get_info	112	static
../Core/Src/lvgl/src/draw/lv_image_decoder.c:389:17:img_width_to_stride	24	static
../Core/Src/lvgl/src/draw/lv_image_decoder.c:399:20:try_cache	56	static
