../Core/Src/lvgl/src/widgets/chart/../../core/../misc/../font/../draw/../misc/lv_area.h:107:20:lv_area_copy	16	static
../Core/Src/lvgl/src/widgets/chart/../../core/../misc/../font/../draw/../misc/../stdlib/lv_string.h:73:20:lv_memzero	16	static
../Core/Src/lvgl/src/widgets/chart/../../core/lv_obj_style_gen.h:22:23:lv_obj_get_style_width	24	static
../Core/Src/lvgl/src/widgets/chart/../../core/lv_obj_style_gen.h:40:23:lv_obj_get_style_height	24	static
../Core/Src/lvgl/src/widgets/chart/../../core/lv_obj_style_gen.h:154:23:lv_obj_get_style_pad_top	24	static
../Core/Src/lvgl/src/widgets/chart/../../core/lv_obj_style_gen.h:160:23:lv_obj_get_style_pad_bottom	24	static
../Core/Src/lvgl/src/widgets/chart/../../core/lv_obj_style_gen.h:166:23:lv_obj_get_style_pad_left	24	static
../Core/Src/lvgl/src/widgets/chart/../../core/lv_obj_style_gen.h:172:23:lv_obj_get_style_pad_right	24	static
../Core/Src/lvgl/src/widgets/chart/../../core/lv_obj_style_gen.h:184:23:lv_obj_get_style_pad_column	24	static
../Core/Src/lvgl/src/widgets/chart/../../core/lv_obj_style_gen.h:334:24:lv_obj_get_style_border_opa	24	static
../Core/Src/lvgl/src/widgets/chart/../../core/lv_obj_style_gen.h:340:23:lv_obj_get_style_border_width	24	static
../Core/Src/lvgl/src/widgets/chart/../../core/lv_obj_style_gen.h:346:32:lv_obj_get_style_border_side	24	static
../Core/Src/lvgl/src/widgets/chart/../../core/lv_obj_style_gen.h:454:23:lv_obj_get_style_line_width	24	static
../Core/Src/lvgl/src/widgets/chart/lv_chart.c:74:12:lv_chart_create	24	static
../Core/Src/lvgl/src/widgets/chart/lv_chart.c:82:6:lv_chart_set_type	32	static
../Core/Src/lvgl/src/widgets/chart/lv_chart.c:111:6:lv_chart_set_point_count	24	static
../Core/Src/lvgl/src/widgets/chart/lv_chart.c:135:6:lv_chart_set_axis_min_value	32	static
../Core/Src/lvgl/src/widgets/chart/lv_chart.c:166:6:lv_chart_set_axis_max_value	32	static
../Core/Src/lvgl/src/widgets/chart/lv_chart.c:196:6:lv_chart_set_axis_range	24	static
../Core/Src/lvgl/src/widgets/chart/lv_chart.c:204:6:lv_chart_set_update_mode	24	static
../Core/Src/lvgl/src/widgets/chart/lv_chart.c:215:6:lv_chart_set_div_line_count	32	static
../Core/Src/lvgl/src/widgets/chart/lv_chart.c:228:6:lv_chart_set_hor_div_line_count	24	static
../Core/Src/lvgl/src/widgets/chart/lv_chart.c:238:6:lv_chart_set_ver_div_line_count	24	static
../Core/Src/lvgl/src/widgets/chart/lv_chart.c:248:17:lv_chart_get_type	24	static
../Core/Src/lvgl/src/widgets/chart/lv_chart.c:256:10:lv_chart_get_point_count	24	static
../Core/Src/lvgl/src/widgets/chart/lv_chart.c:264:10:lv_chart_get_x_start_point	16	static
../Core/Src/lvgl/src/widgets/chart/lv_chart.c:272:6:lv_chart_get_point_pos_by_id	128	static
../Core/Src/lvgl/src/widgets/chart/lv_chart.c:395:6:lv_chart_refresh	16	static
../Core/Src/lvgl/src/widgets/chart/lv_chart.c:406:21:lv_chart_add_series	48	static
../Core/Src/lvgl/src/widgets/chart/lv_chart.c:468:6:lv_chart_remove_series	24	static
../Core/Src/lvgl/src/widgets/chart/lv_chart.c:483:6:lv_chart_hide_series	24	static
../Core/Src/lvgl/src/widgets/chart/lv_chart.c:492:6:lv_chart_set_series_color	24	static
../Core/Src/lvgl/src/widgets/chart/lv_chart.c:501:12:lv_chart_get_series_color	24	static
../Core/Src/lvgl/src/widgets/chart/lv_chart.c:510:6:lv_chart_set_x_start_point	32	static
../Core/Src/lvgl/src/widgets/chart/lv_chart.c:520:21:lv_chart_get_series_next	24	static
../Core/Src/lvgl/src/widgets/chart/lv_chart.c:533:22:lv_chart_add_cursor	32	static
../Core/Src/lvgl/src/widgets/chart/lv_chart.c:551:6:lv_chart_set_cursor_pos	24	static
../Core/Src/lvgl/src/widgets/chart/lv_chart.c:561:6:lv_chart_set_cursor_pos_x	24	static
../Core/Src/lvgl/src/widgets/chart/lv_chart.c:571:6:lv_chart_set_cursor_pos_y	24	static
../Core/Src/lvgl/src/widgets/chart/lv_chart.c:581:6:lv_chart_set_cursor_point	24	static
../Core/Src/lvgl/src/widgets/chart/lv_chart.c:593:12:lv_chart_get_cursor_point	24	static
../Core/Src/lvgl/src/widgets/chart/lv_chart.c:605:6:lv_chart_set_all_values	32	static
../Core/Src/lvgl/src/widgets/chart/lv_chart.c:620:6:lv_chart_set_next_value	32	static
../Core/Src/lvgl/src/widgets/chart/lv_chart.c:632:6:lv_chart_set_next_value2	32	static
../Core/Src/lvgl/src/widgets/chart/lv_chart.c:650:6:lv_chart_set_series_values	32	static
../Core/Src/lvgl/src/widgets/chart/lv_chart.c:658:6:lv_chart_set_series_values2	32	static
../Core/Src/lvgl/src/widgets/chart/lv_chart.c:668:6:lv_chart_set_series_value_by_id	32	static
../Core/Src/lvgl/src/widgets/chart/lv_chart.c:679:6:lv_chart_set_series_value_by_id2	32	static
../Core/Src/lvgl/src/widgets/chart/lv_chart.c:697:6:lv_chart_set_series_ext_y_array	24	static
../Core/Src/lvgl/src/widgets/chart/lv_chart.c:708:6:lv_chart_set_series_ext_x_array	24	static
../Core/Src/lvgl/src/widgets/chart/lv_chart.c:719:11:lv_chart_get_series_y_array	16	static
../Core/Src/lvgl/src/widgets/chart/lv_chart.c:727:11:lv_chart_get_series_x_array	16	static
../Core/Src/lvgl/src/widgets/chart/lv_chart.c:735:10:lv_chart_get_pressed_point	24	static
../Core/Src/lvgl/src/widgets/chart/lv_chart.c:741:9:lv_chart_get_first_point_center_offset	40	static
../Core/Src/lvgl/src/widgets/chart/lv_chart.c:763:13:lv_chart_constructor	24	static
../Core/Src/lvgl/src/widgets/chart/lv_chart.c:792:13:lv_chart_destructor	32	static
../Core/Src/lvgl/src/widgets/chart/lv_chart.c:822:13:lv_chart_event	112	static
../Core/Src/lvgl/src/widgets/chart/lv_chart.c:883:13:draw_div_lines	144	static
../Core/Src/lvgl/src/widgets/chart/lv_chart.c:951:13:draw_series_line	312	static
../Core/Src/lvgl/src/widgets/chart/lv_chart.c:1099:13:draw_series_scatter	296	static
../Core/Src/lvgl/src/widgets/chart/lv_chart.c:1213:13:draw_series_bar	216	static
../Core/Src/lvgl/src/widgets/chart/lv_chart.c:1293:13:draw_series_stacked	272	static
../Core/Src/lvgl/src/widgets/chart/lv_chart.c:1405:13:draw_cursors	416	static
../Core/Src/lvgl/src/widgets/chart/lv_chart.c:1503:17:get_index_from_x	56	static
../Core/Src/lvgl/src/widgets/chart/lv_chart.c:1534:13:invalidate_point	96	static
../Core/Src/lvgl/src/widgets/chart/lv_chart.c:1599:13:new_points_alloc	40	static
../Core/Src/lvgl/src/widgets/chart/lv_chart.c:1653:16:value_to_y	40	static
