../Core/Src/lvgl/src/widgets/animimage/lv_animimage.c:103:12:lv_animimg_create	24	static
../Core/Src/lvgl/src/widgets/animimage/lv_animimage.c:111:6:lv_animimg_set_src	24	static
../Core/Src/lvgl/src/widgets/animimage/lv_animimage.c:116:6:lv_animimg_set_src_reverse	24	static
../Core/Src/lvgl/src/widgets/animimage/lv_animimage.c:121:6:lv_animimg_start	24	static
../Core/Src/lvgl/src/widgets/animimage/lv_animimage.c:128:6:lv_animimg_delete	24	static
../Core/Src/lvgl/src/widgets/animimage/lv_animimage.c:139:6:lv_animimg_set_duration	24	static
../Core/Src/lvgl/src/widgets/animimage/lv_animimage.c:147:6:lv_animimg_set_repeat_count	24	static
../Core/Src/lvgl/src/widgets/animimage/lv_animimage.c:154:6:lv_animimg_set_reverse_duration	24	static
../Core/Src/lvgl/src/widgets/animimage/lv_animimage.c:161:6:lv_animimg_set_reverse_delay	24	static
../Core/Src/lvgl/src/widgets/animimage/lv_animimage.c:168:6:lv_animimg_set_start_cb	24	static
../Core/Src/lvgl/src/widgets/animimage/lv_animimage.c:175:6:lv_animimg_set_completed_cb	24	static
../Core/Src/lvgl/src/widgets/animimage/lv_animimage.c:186:15:lv_animimg_get_src	24	static
../Core/Src/lvgl/src/widgets/animimage/lv_animimage.c:193:9:lv_animimg_get_src_count	24	static
../Core/Src/lvgl/src/widgets/animimage/lv_animimage.c:200:10:lv_animimg_get_duration	24	static
../Core/Src/lvgl/src/widgets/animimage/lv_animimage.c:207:10:lv_animimg_get_repeat_count	24	static
../Core/Src/lvgl/src/widgets/animimage/lv_animimage.c:214:13:lv_animimg_get_anim	24	static
../Core/Src/lvgl/src/widgets/animimage/lv_animimage.c:225:13:lv_animimg_constructor	24	static
../Core/Src/lvgl/src/widgets/animimage/lv_animimage.c:244:13:index_change	24	static
../Core/Src/lvgl/src/widgets/animimage/lv_animimage.c:258:13:lv_animimg_set_src_inner	32	static
