../Core/Src/lvgl/src/misc/../core/../draw/../misc/../font/../draw/../misc/../stdlib/lv_string.h:73:20:lv_memzero	16	static
../Core/Src/lvgl/src/misc/lv_anim.c:70:6:lv_anim_core_init	8	static
../Core/Src/lvgl/src/misc/lv_anim.c:79:6:lv_anim_core_deinit	8	static
../Core/Src/lvgl/src/misc/lv_anim.c:84:6:lv_anim_enable_vsync_mode	16	static
../Core/Src/lvgl/src/misc/lv_anim.c:108:6:lv_anim_init	16	static
../Core/Src/lvgl/src/misc/lv_anim.c:119:13:lv_anim_start	24	static
../Core/Src/lvgl/src/misc/lv_anim.c:168:10:lv_anim_get_playtime	24	static
../Core/Src/lvgl/src/misc/lv_anim.c:182:6:lv_anim_delete	24	static
../Core/Src/lvgl/src/misc/lv_anim.c:205:6:lv_anim_delete_all	8	static
../Core/Src/lvgl/src/misc/lv_anim.c:211:13:lv_anim_get	24	static
../Core/Src/lvgl/src/misc/lv_anim.c:223:14:lv_anim_get_timer	4	static
../Core/Src/lvgl/src/misc/lv_anim.c:228:10:lv_anim_count_running	16	static
../Core/Src/lvgl/src/misc/lv_anim.c:237:10:lv_anim_speed_clamped	24	static
../Core/Src/lvgl/src/misc/lv_anim.c:262:10:lv_anim_speed	16	static
../Core/Src/lvgl/src/misc/lv_anim.c:267:10:lv_anim_speed_to_time	32	static
../Core/Src/lvgl/src/misc/lv_anim.c:277:6:lv_anim_refr_now	8	static
../Core/Src/lvgl/src/misc/lv_anim.c:282:9:lv_anim_path_linear	32	static
../Core/Src/lvgl/src/misc/lv_anim.c:297:9:lv_anim_path_ease_in	24	static
../Core/Src/lvgl/src/misc/lv_anim.c:303:9:lv_anim_path_ease_out	24	static
../Core/Src/lvgl/src/misc/lv_anim.c:309:9:lv_anim_path_ease_in_out	24	static
../Core/Src/lvgl/src/misc/lv_anim.c:315:9:lv_anim_path_overshoot	24	static
../Core/Src/lvgl/src/misc/lv_anim.c:320:9:lv_anim_path_bounce	40	static
../Core/Src/lvgl/src/misc/lv_anim.c:372:9:lv_anim_path_step	16	static
../Core/Src/lvgl/src/misc/lv_anim.c:380:9:lv_anim_path_custom_bezier3	32	static
../Core/Src/lvgl/src/misc/lv_anim.c:386:6:lv_anim_set_var	16	static
../Core/Src/lvgl/src/misc/lv_anim.c:391:6:lv_anim_set_exec_cb	16	static
../Core/Src/lvgl/src/misc/lv_anim.c:396:6:lv_anim_set_duration	16	static
../Core/Src/lvgl/src/misc/lv_anim.c:401:6:lv_anim_set_delay	16	static
../Core/Src/lvgl/src/misc/lv_anim.c:406:6:lv_anim_set_values	24	static
../Core/Src/lvgl/src/misc/lv_anim.c:413:6:lv_anim_set_custom_exec_cb	16	static
../Core/Src/lvgl/src/misc/lv_anim.c:418:6:lv_anim_set_path_cb	16	static
../Core/Src/lvgl/src/misc/lv_anim.c:423:6:lv_anim_set_start_cb	16	static
../Core/Src/lvgl/src/misc/lv_anim.c:428:6:lv_anim_set_get_value_cb	16	static
../Core/Src/lvgl/src/misc/lv_anim.c:433:6:lv_anim_set_completed_cb	16	static
../Core/Src/lvgl/src/misc/lv_anim.c:438:6:lv_anim_set_deleted_cb	16	static
../Core/Src/lvgl/src/misc/lv_anim.c:443:6:lv_anim_set_reverse_duration	16	static
../Core/Src/lvgl/src/misc/lv_anim.c:448:6:lv_anim_set_reverse_time	16	static
../Core/Src/lvgl/src/misc/lv_anim.c:453:6:lv_anim_set_reverse_delay	16	static
../Core/Src/lvgl/src/misc/lv_anim.c:458:6:lv_anim_set_repeat_count	16	static
../Core/Src/lvgl/src/misc/lv_anim.c:463:6:lv_anim_set_repeat_delay	16	static
../Core/Src/lvgl/src/misc/lv_anim.c:468:6:lv_anim_set_early_apply	16	static
../Core/Src/lvgl/src/misc/lv_anim.c:473:6:lv_anim_set_user_data	16	static
../Core/Src/lvgl/src/misc/lv_anim.c:478:6:lv_anim_set_bezier3_param	32	static
../Core/Src/lvgl/src/misc/lv_anim.c:488:10:lv_anim_get_delay	16	static
../Core/Src/lvgl/src/misc/lv_anim.c:493:10:lv_anim_get_time	16	static
../Core/Src/lvgl/src/misc/lv_anim.c:498:10:lv_anim_get_repeat_count	16	static
../Core/Src/lvgl/src/misc/lv_anim.c:503:8:lv_anim_get_user_data	16	static
../Core/Src/lvgl/src/misc/lv_anim.c:508:6:lv_anim_custom_delete	16	static
../Core/Src/lvgl/src/misc/lv_anim.c:513:13:lv_anim_custom_get	16	static
../Core/Src/lvgl/src/misc/lv_anim.c:518:10:lv_anim_resolve_speed	48	static
../Core/Src/lvgl/src/misc/lv_anim.c:532:6:lv_anim_is_paused	16	static
../Core/Src/lvgl/src/misc/lv_anim.c:538:6:lv_anim_pause	16	static
../Core/Src/lvgl/src/misc/lv_anim.c:544:6:lv_anim_pause_for	16	static
../Core/Src/lvgl/src/misc/lv_anim.c:550:6:lv_anim_resume	16	static
../Core/Src/lvgl/src/misc/lv_anim.c:566:13:anim_timer	56	static
../Core/Src/lvgl/src/misc/lv_anim.c:662:13:anim_completed_handler	24	static
../Core/Src/lvgl/src/misc/lv_anim.c:711:13:anim_vsync_event	16	static
../Core/Src/lvgl/src/misc/lv_anim.c:717:13:anim_mark_list_change	8	static
../Core/Src/lvgl/src/misc/lv_anim.c:745:16:lv_anim_path_cubic_bezier	48	static
../Core/Src/lvgl/src/misc/lv_anim.c:759:13:lv_anim_pause_for_internal	16	static
../Core/Src/lvgl/src/misc/lv_anim.c:767:13:resolve_time	16	static
../Core/Src/lvgl/src/misc/lv_anim.c:781:13:remove_concurrent_anims	24	static
../Core/Src/lvgl/src/misc/lv_anim.c:816:13:remove_anim	24	static
