../Core/Src/main.c:62:6:HAL_SPI_TxCpltCallback	16	static
../Core/Src/main.c:71:6:HAL_SPI_TxRxCpltCallback	16	static
../Core/Src/main.c:97:5:_write	24	static
../Core/Src/main.c:112:5:main	4272	static
../Core/Src/main.c:261:6:SystemClock_Config	120	static
../Core/Src/main.c:320:6:PeriphCommonClock_Config	192	static
../Core/Src/main.c:339:13:MX_SDMMC1_SD_Init	8	static
../Core/Src/main.c:370:13:MX_SPI2_Init	8	static
../Core/Src/main.c:418:13:MX_USART1_UART_Init	8	static
../Core/Src/main.c:464:13:MX_DMA_Init	16	static
../Core/Src/main.c:485:13:MX_GPIO_Init	56	static
../Core/Src/main.c:542:6:MPU_Config	24	static
../Core/Src/main.c:573:6:Error_Handler	4	static,ignoring_inline_asm
