../Core/Src/lvgl/src/widgets/span/../../core/../misc/../font/../draw/../misc/../stdlib/lv_string.h:73:20:lv_memzero	16	static
../Core/Src/lvgl/src/widgets/span/../../core/lv_obj_style_gen.h:22:23:lv_obj_get_style_width	24	static
../Core/Src/lvgl/src/widgets/span/../../core/lv_obj_style_gen.h:40:23:lv_obj_get_style_height	24	static
../Core/Src/lvgl/src/widgets/span/../../core/lv_obj_style_gen.h:154:23:lv_obj_get_style_pad_top	24	static
../Core/Src/lvgl/src/widgets/span/../../core/lv_obj_style_gen.h:166:23:lv_obj_get_style_pad_left	24	static
../Core/Src/lvgl/src/widgets/span/../../core/lv_obj_style_gen.h:172:23:lv_obj_get_style_pad_right	24	static
../Core/Src/lvgl/src/widgets/span/../../core/lv_obj_style_gen.h:340:23:lv_obj_get_style_border_width	24	static
../Core/Src/lvgl/src/widgets/span/../../core/lv_obj_style_gen.h:532:26:lv_obj_get_style_text_color	24	static
../Core/Src/lvgl/src/widgets/span/../../core/lv_obj_style_gen.h:544:24:lv_obj_get_style_text_opa	24	static
../Core/Src/lvgl/src/widgets/span/../../core/lv_obj_style_gen.h:550:33:lv_obj_get_style_text_font	24	static
../Core/Src/lvgl/src/widgets/span/../../core/lv_obj_style_gen.h:556:23:lv_obj_get_style_text_letter_space	24	static
../Core/Src/lvgl/src/widgets/span/../../core/lv_obj_style_gen.h:562:23:lv_obj_get_style_text_line_space	24	static
../Core/Src/lvgl/src/widgets/span/../../core/lv_obj_style_gen.h:568:31:lv_obj_get_style_text_decor	24	static
../Core/Src/lvgl/src/widgets/span/../../core/lv_obj_style_gen.h:574:31:lv_obj_get_style_text_align	24	static
../Core/Src/lvgl/src/widgets/span/../../misc/lv_text_private.h:107:20:lv_text_is_break_char	24	static
../Core/Src/lvgl/src/widgets/span/../../misc/lv_text_private.h:128:20:lv_text_is_a_word	16	static
../Core/Src/lvgl/src/widgets/span/lv_span.c:97:6:lv_span_stack_init	16	static
../Core/Src/lvgl/src/widgets/span/lv_span.c:106:6:lv_span_stack_deinit	8	static
../Core/Src/lvgl/src/widgets/span/lv_span.c:111:12:lv_spangroup_create	24	static
../Core/Src/lvgl/src/widgets/span/lv_span.c:118:13:lv_spangroup_add_span	24	static
../Core/Src/lvgl/src/widgets/span/lv_span.c:138:6:lv_spangroup_delete_span	24	static
../Core/Src/lvgl/src/widgets/span/lv_span.c:168:6:lv_span_set_text	24	static
../Core/Src/lvgl/src/widgets/span/lv_span.c:202:6:lv_spangroup_set_span_text	24	static
../Core/Src/lvgl/src/widgets/span/lv_span.c:208:6:lv_span_set_text_static	16	static
../Core/Src/lvgl/src/widgets/span/lv_span.c:231:6:lv_spangroup_set_span_text_static	24	static
../Core/Src/lvgl/src/widgets/span/lv_span.c:237:6:lv_spangroup_set_span_style	24	static
../Core/Src/lvgl/src/widgets/span/lv_span.c:247:6:lv_spangroup_set_align	16	static
../Core/Src/lvgl/src/widgets/span/lv_span.c:254:6:lv_spangroup_set_overflow	24	static
../Core/Src/lvgl/src/widgets/span/lv_span.c:264:6:lv_spangroup_set_indent	24	static
../Core/Src/lvgl/src/widgets/span/lv_span.c:275:6:lv_spangroup_set_mode	16	static
../Core/Src/lvgl/src/widgets/span/lv_span.c:306:6:lv_spangroup_set_max_lines	24	static
../Core/Src/lvgl/src/widgets/span/lv_span.c:319:14:lv_span_get_style	16	static
../Core/Src/lvgl/src/widgets/span/lv_span.c:324:14:lv_span_get_text	16	static
../Core/Src/lvgl/src/widgets/span/lv_span.c:329:13:lv_spangroup_get_child	40	static
../Core/Src/lvgl/src/widgets/span/lv_span.c:366:10:lv_spangroup_get_span_count	24	static
../Core/Src/lvgl/src/widgets/span/lv_span.c:379:17:lv_spangroup_get_align	16	static
../Core/Src/lvgl/src/widgets/span/lv_span.c:384:20:lv_spangroup_get_overflow	24	static
../Core/Src/lvgl/src/widgets/span/lv_span.c:391:9:lv_spangroup_get_indent	24	static
../Core/Src/lvgl/src/widgets/span/lv_span.c:398:16:lv_spangroup_get_mode	16	static
../Core/Src/lvgl/src/widgets/span/lv_span.c:416:9:lv_spangroup_get_max_lines	24	static
../Core/Src/lvgl/src/widgets/span/lv_span.c:424:9:lv_spangroup_get_max_line_height	40	static
../Core/Src/lvgl/src/widgets/span/lv_span.c:442:10:lv_spangroup_get_expand_width	56	static
../Core/Src/lvgl/src/widgets/span/lv_span.c:477:9:lv_spangroup_get_expand_height	160	static
../Core/Src/lvgl/src/widgets/span/lv_span.c:599:18:lv_spangroup_get_span_coords	152	static
../Core/Src/lvgl/src/widgets/span/lv_span.c:631:13:lv_spangroup_get_span_by_point	144	static
../Core/Src/lvgl/src/widgets/span/lv_span.c:671:6:lv_spangroup_refresh	24	static
../Core/Src/lvgl/src/widgets/span/lv_span.c:683:13:lv_spangroup_constructor	24	static
../Core/Src/lvgl/src/widgets/span/lv_span.c:696:13:lv_spangroup_destructor	24	static
../Core/Src/lvgl/src/widgets/span/lv_span.c:713:13:lv_spangroup_event	48	static
../Core/Src/lvgl/src/widgets/span/lv_span.c:771:13:draw_main	24	static
../Core/Src/lvgl/src/widgets/span/lv_span.c:782:13:lv_text_get_snippet	56	static
../Core/Src/lvgl/src/widgets/span/lv_span.c:815:13:lv_snippet_push	24	static
../Core/Src/lvgl/src/widgets/span/lv_span.c:827:17:lv_get_snippet_count	4	static
../Core/Src/lvgl/src/widgets/span/lv_span.c:832:23:lv_get_snippet	16	static
../Core/Src/lvgl/src/widgets/span/lv_span.c:837:13:lv_snippet_clear	4	static
../Core/Src/lvgl/src/widgets/span/lv_span.c:842:26:lv_span_get_style_text_font	32	static
../Core/Src/lvgl/src/widgets/span/lv_span.c:856:16:lv_span_get_style_text_letter_space	32	static
../Core/Src/lvgl/src/widgets/span/lv_span.c:870:19:lv_span_get_style_text_color	24	static
../Core/Src/lvgl/src/widgets/span/lv_span.c:880:17:lv_span_get_style_text_opa	24	static
../Core/Src/lvgl/src/widgets/span/lv_span.c:894:16:lv_span_get_style_text_decor	32	static
../Core/Src/lvgl/src/widgets/span/lv_span.c:908:20:span_text_check	16	static
../Core/Src/lvgl/src/widgets/span/lv_span.c:916:16:convert_indent_pct	24	static
../Core/Src/lvgl/src/widgets/span/lv_span.c:939:13:lv_draw_span	408	static
../Core/Src/lvgl/src/widgets/span/lv_span.c:1299:25:make_span_coords	104	static
