../Core/Src/lvgl/src/widgets/roller/../../core/lv_obj_style_gen.h:112:23:lv_obj_get_style_transform_scale_x	24	static
../Core/Src/lvgl/src/widgets/roller/../../core/lv_obj_style_gen.h:118:23:lv_obj_get_style_transform_scale_y	24	static
../Core/Src/lvgl/src/widgets/roller/../../core/lv_obj_style_gen.h:124:23:lv_obj_get_style_transform_rotation	24	static
../Core/Src/lvgl/src/widgets/roller/../../core/lv_obj_style_gen.h:166:23:lv_obj_get_style_pad_left	24	static
../Core/Src/lvgl/src/widgets/roller/../../core/lv_obj_style_gen.h:172:23:lv_obj_get_style_pad_right	24	static
../Core/Src/lvgl/src/widgets/roller/../../core/lv_obj_style_gen.h:340:23:lv_obj_get_style_border_width	24	static
../Core/Src/lvgl/src/widgets/roller/../../core/lv_obj_style_gen.h:550:33:lv_obj_get_style_text_font	24	static
../Core/Src/lvgl/src/widgets/roller/../../core/lv_obj_style_gen.h:556:23:lv_obj_get_style_text_letter_space	24	static
../Core/Src/lvgl/src/widgets/roller/../../core/lv_obj_style_gen.h:562:23:lv_obj_get_style_text_line_space	24	static
../Core/Src/lvgl/src/widgets/roller/../../core/lv_obj_style_gen.h:664:24:lv_obj_get_style_anim_duration	24	static
../Core/Src/lvgl/src/widgets/roller/../../core/lv_obj_style.h:358:23:lv_obj_get_style_transform_scale_x_safe	24	static
../Core/Src/lvgl/src/widgets/roller/../../core/lv_obj_style.h:364:23:lv_obj_get_style_transform_scale_y_safe	24	static
../Core/Src/lvgl/src/widgets/roller/lv_roller.c:116:12:lv_roller_create	24	static
../Core/Src/lvgl/src/widgets/roller/lv_roller.c:128:6:lv_roller_set_options	72	static
../Core/Src/lvgl/src/widgets/roller/lv_roller.c:190:6:lv_roller_set_selected	48	static
../Core/Src/lvgl/src/widgets/roller/lv_roller.c:224:6:lv_roller_set_selected_str	48	static
../Core/Src/lvgl/src/widgets/roller/lv_roller.c:251:6:lv_roller_set_visible_row_count	32	static
../Core/Src/lvgl/src/widgets/roller/lv_roller.c:265:10:lv_roller_get_selected	24	static
../Core/Src/lvgl/src/widgets/roller/lv_roller.c:279:6:lv_roller_get_selected_str	56	static
../Core/Src/lvgl/src/widgets/roller/lv_roller.c:311:14:lv_roller_get_options	16	static
../Core/Src/lvgl/src/widgets/roller/lv_roller.c:318:10:lv_roller_get_option_count	24	static
../Core/Src/lvgl/src/widgets/roller/lv_roller.c:335:13:lv_roller_constructor	24	static
../Core/Src/lvgl/src/widgets/roller/lv_roller.c:357:13:lv_roller_event	96	static
../Core/Src/lvgl/src/widgets/roller/lv_roller.c:486:13:lv_roller_label_event	48	static
../Core/Src/lvgl/src/widgets/roller/lv_roller.c:517:13:draw_main	296	static
../Core/Src/lvgl/src/widgets/roller/lv_roller.c:604:13:draw_label	240	static
../Core/Src/lvgl/src/widgets/roller/lv_roller.c:656:13:get_sel_area	64	static
../Core/Src/lvgl/src/widgets/roller/lv_roller.c:680:13:refr_position	176	static
../Core/Src/lvgl/src/widgets/roller/lv_roller.c:740:20:release_handler	128	static
../Core/Src/lvgl/src/widgets/roller/lv_roller.c:829:13:inf_normalize	56	static
../Core/Src/lvgl/src/widgets/roller/lv_roller.c:856:19:get_label	16	static
../Core/Src/lvgl/src/widgets/roller/lv_roller.c:861:16:get_selected_label_width	56	static
../Core/Src/lvgl/src/widgets/roller/lv_roller.c:878:13:scroll_anim_completed_cb	24	static
../Core/Src/lvgl/src/widgets/roller/lv_roller.c:884:13:set_y_anim	16	static
../Core/Src/lvgl/src/widgets/roller/lv_roller.c:889:13:transform_vect_recursive	56	static
