../Core/Src/lvgl/src/themes/default/../../../src/core/../misc/lv_style.h:525:20:lv_style_set_size	24	static
../Core/Src/lvgl/src/themes/default/../../../src/core/../misc/lv_style.h:531:20:lv_style_set_pad_all	16	static
../Core/Src/lvgl/src/themes/default/../../../src/core/../misc/lv_style.h:539:20:lv_style_set_pad_hor	16	static
../Core/Src/lvgl/src/themes/default/../../../src/core/../misc/lv_style.h:545:20:lv_style_set_pad_ver	16	static
../Core/Src/lvgl/src/themes/default/../../../src/core/../misc/lv_style.h:551:20:lv_style_set_pad_gap	16	static
../Core/Src/lvgl/src/themes/default/lv_theme_default.c:197:13:style_init	104	static
../Core/Src/lvgl/src/themes/default/lv_theme_default.c:624:14:lv_theme_default_init	56	static
../Core/Src/lvgl/src/themes/default/lv_theme_default.c:678:6:lv_theme_default_is_inited	16	static
../Core/Src/lvgl/src/themes/default/lv_theme_default.c:685:14:lv_theme_default_get	8	static
../Core/Src/lvgl/src/themes/default/lv_theme_default.c:694:6:lv_theme_default_deinit	24	static
../Core/Src/lvgl/src/themes/default/lv_theme_default.c:714:13:theme_apply	32	static
../Core/Src/lvgl/src/themes/default/lv_theme_default.c:1204:13:style_init_reset	16	static
