../Core/Src/lvgl/src/stdlib/builtin/lv_string_builtin.c:56:30:lv_memcpy	48	static
../Core/Src/lvgl/src/stdlib/builtin/lv_string_builtin.c:118:28:lv_memset	40	static
../Core/Src/lvgl/src/stdlib/builtin/lv_string_builtin.c:148:30:lv_memmove	40	static
../Core/Src/lvgl/src/stdlib/builtin/lv_string_builtin.c:174:5:lv_memcmp	32	static
../Core/Src/lvgl/src/stdlib/builtin/lv_string_builtin.c:186:8:lv_strlen	24	static
../Core/Src/lvgl/src/stdlib/builtin/lv_string_builtin.c:194:8:lv_strnlen	24	static
../Core/Src/lvgl/src/stdlib/builtin/lv_string_builtin.c:202:8:lv_strlcpy	32	static
../Core/Src/lvgl/src/stdlib/builtin/lv_string_builtin.c:215:8:lv_strncpy	32	static
../Core/Src/lvgl/src/stdlib/builtin/lv_string_builtin.c:227:8:lv_strcpy	24	static
../Core/Src/lvgl/src/stdlib/builtin/lv_string_builtin.c:234:5:lv_strcmp	16	static
../Core/Src/lvgl/src/stdlib/builtin/lv_string_builtin.c:243:5:lv_strncmp	24	static
../Core/Src/lvgl/src/stdlib/builtin/lv_string_builtin.c:259:8:lv_strdup	24	static
../Core/Src/lvgl/src/stdlib/builtin/lv_string_builtin.c:269:8:lv_strndup	24	static
../Core/Src/lvgl/src/stdlib/builtin/lv_string_builtin.c:280:8:lv_strcat	16	static
../Core/Src/lvgl/src/stdlib/builtin/lv_string_builtin.c:286:8:lv_strncat	32	static
../Core/Src/lvgl/src/stdlib/builtin/lv_string_builtin.c:300:8:lv_strchr	16	static
