../Core/Src/lvgl/src/widgets/buttonmatrix/../../core/../misc/../font/../draw/../misc/lv_area.h:107:20:lv_area_copy	16	static
../Core/Src/lvgl/src/widgets/buttonmatrix/../../core/../misc/../font/../draw/../misc/../stdlib/lv_string.h:73:20:lv_memzero	16	static
../Core/Src/lvgl/src/widgets/buttonmatrix/../../core/lv_obj_style_gen.h:154:23:lv_obj_get_style_pad_top	24	static
../Core/Src/lvgl/src/widgets/buttonmatrix/../../core/lv_obj_style_gen.h:160:23:lv_obj_get_style_pad_bottom	24	static
../Core/Src/lvgl/src/widgets/buttonmatrix/../../core/lv_obj_style_gen.h:166:23:lv_obj_get_style_pad_left	24	static
../Core/Src/lvgl/src/widgets/buttonmatrix/../../core/lv_obj_style_gen.h:172:23:lv_obj_get_style_pad_right	24	static
../Core/Src/lvgl/src/widgets/buttonmatrix/../../core/lv_obj_style_gen.h:178:23:lv_obj_get_style_pad_row	24	static
../Core/Src/lvgl/src/widgets/buttonmatrix/../../core/lv_obj_style_gen.h:184:23:lv_obj_get_style_pad_column	24	static
../Core/Src/lvgl/src/widgets/buttonmatrix/../../core/lv_obj_style_gen.h:340:23:lv_obj_get_style_border_width	24	static
../Core/Src/lvgl/src/widgets/buttonmatrix/../../core/lv_obj_style_gen.h:346:32:lv_obj_get_style_border_side	24	static
../Core/Src/lvgl/src/widgets/buttonmatrix/../../core/lv_obj_style_gen.h:688:29:lv_obj_get_style_base_dir	24	static
../Core/Src/lvgl/src/widgets/buttonmatrix/../../core/lv_obj_style.h:324:23:lv_obj_get_style_space_left	32	static
../Core/Src/lvgl/src/widgets/buttonmatrix/../../core/lv_obj_style.h:340:23:lv_obj_get_style_space_top	32	static
../Core/Src/lvgl/src/widgets/buttonmatrix/lv_buttonmatrix.c:90:12:lv_buttonmatrix_create	24	static
../Core/Src/lvgl/src/widgets/buttonmatrix/lv_buttonmatrix.c:102:6:lv_buttonmatrix_set_map	24	static
../Core/Src/lvgl/src/widgets/buttonmatrix/lv_buttonmatrix.c:118:6:lv_buttonmatrix_set_ctrl_map	24	static
../Core/Src/lvgl/src/widgets/buttonmatrix/lv_buttonmatrix.c:128:6:lv_buttonmatrix_set_selected_button	24	static
../Core/Src/lvgl/src/widgets/buttonmatrix/lv_buttonmatrix.c:141:6:lv_buttonmatrix_set_button_ctrl	32	static
../Core/Src/lvgl/src/widgets/buttonmatrix/lv_buttonmatrix.c:161:6:lv_buttonmatrix_clear_button_ctrl	32	static
../Core/Src/lvgl/src/widgets/buttonmatrix/lv_buttonmatrix.c:177:6:lv_buttonmatrix_set_button_ctrl_all	24	static
../Core/Src/lvgl/src/widgets/buttonmatrix/lv_buttonmatrix.c:188:6:lv_buttonmatrix_clear_button_ctrl_all	24	static
../Core/Src/lvgl/src/widgets/buttonmatrix/lv_buttonmatrix.c:199:6:lv_buttonmatrix_set_button_width	32	static
../Core/Src/lvgl/src/widgets/buttonmatrix/lv_buttonmatrix.c:211:6:lv_buttonmatrix_set_one_checked	24	static
../Core/Src/lvgl/src/widgets/buttonmatrix/lv_buttonmatrix.c:226:22:lv_buttonmatrix_get_map	24	static
../Core/Src/lvgl/src/widgets/buttonmatrix/lv_buttonmatrix.c:234:10:lv_buttonmatrix_get_selected_button	24	static
../Core/Src/lvgl/src/widgets/buttonmatrix/lv_buttonmatrix.c:242:14:lv_buttonmatrix_get_button_text	32	static
../Core/Src/lvgl/src/widgets/buttonmatrix/lv_buttonmatrix.c:267:6:lv_buttonmatrix_has_button_ctrl	32	static
../Core/Src/lvgl/src/widgets/buttonmatrix/lv_buttonmatrix.c:277:6:lv_buttonmatrix_get_one_checked	24	static
../Core/Src/lvgl/src/widgets/buttonmatrix/lv_buttonmatrix.c:290:13:lv_buttonmatrix_constructor	24	static
../Core/Src/lvgl/src/widgets/buttonmatrix/lv_buttonmatrix.c:311:13:lv_buttonmatrix_destructor	24	static
../Core/Src/lvgl/src/widgets/buttonmatrix/lv_buttonmatrix.c:323:13:lv_buttonmatrix_event	136	static
../Core/Src/lvgl/src/widgets/buttonmatrix/lv_buttonmatrix.c:600:13:draw_main	568	static
../Core/Src/lvgl/src/widgets/buttonmatrix/lv_buttonmatrix.c:764:13:allocate_button_areas_and_controls	32	static
../Core/Src/lvgl/src/widgets/buttonmatrix/lv_buttonmatrix.c:809:17:get_button_width	24	static
../Core/Src/lvgl/src/widgets/buttonmatrix/lv_buttonmatrix.c:815:13:button_is_hidden	16	static
../Core/Src/lvgl/src/widgets/buttonmatrix/lv_buttonmatrix.c:820:13:button_is_checked	16	static
../Core/Src/lvgl/src/widgets/buttonmatrix/lv_buttonmatrix.c:825:13:button_is_repeat_disabled	16	static
../Core/Src/lvgl/src/widgets/buttonmatrix/lv_buttonmatrix.c:830:13:button_is_inactive	16	static
../Core/Src/lvgl/src/widgets/buttonmatrix/lv_buttonmatrix.c:835:13:button_is_click_trig	16	static
../Core/Src/lvgl/src/widgets/buttonmatrix/lv_buttonmatrix.c:840:13:button_is_popover	16	static
../Core/Src/lvgl/src/widgets/buttonmatrix/lv_buttonmatrix.c:845:13:button_is_checkable	16	static
../Core/Src/lvgl/src/widgets/buttonmatrix/lv_buttonmatrix.c:850:13:button_get_checked	16	static
../Core/Src/lvgl/src/widgets/buttonmatrix/lv_buttonmatrix.c:861:17:get_button_from_point	88	static
../Core/Src/lvgl/src/widgets/buttonmatrix/lv_buttonmatrix.c:914:13:invalidate_button_area	64	static
../Core/Src/lvgl/src/widgets/buttonmatrix/lv_buttonmatrix.c:957:13:make_one_button_checked	24	static
../Core/Src/lvgl/src/widgets/buttonmatrix/lv_buttonmatrix.c:972:13:has_popovers_in_top_row	32	static
../Core/Src/lvgl/src/widgets/buttonmatrix/lv_buttonmatrix.c:993:13:button_is_recolor	16	static
../Core/Src/lvgl/src/widgets/buttonmatrix/lv_buttonmatrix.c:998:13:update_map	120	static
../Core/Src/lvgl/src/widgets/buttonmatrix/lv_buttonmatrix.c:1083:13:free_map	24	static
