../Core/Src/lvgl/src/draw/sw/blend/../../../misc/../font/../draw/../misc/../stdlib/lv_string.h:73:20:lv_memzero	16	static
../Core/Src/lvgl/src/draw/sw/blend/lv_draw_sw_blend_to_argb8888_premultiplied.c:130:28:lv_draw_sw_blend_color_to_argb8888_premultiplied	112	static
../Core/Src/lvgl/src/draw/sw/blend/lv_draw_sw_blend_to_argb8888_premultiplied.c:234:28:lv_draw_sw_blend_image_to_argb8888_premultiplied	16	static
../Core/Src/lvgl/src/draw/sw/blend/lv_draw_sw_blend_to_argb8888_premultiplied.c:271:35:argb8888_image_blend	96	static
../Core/Src/lvgl/src/draw/sw/blend/lv_draw_sw_blend_to_argb8888_premultiplied.c:451:35:rgb888_image_blend	104	static
../Core/Src/lvgl/src/draw/sw/blend/lv_draw_sw_blend_to_argb8888_premultiplied.c:571:35:argb8888_premultiplied_image_blend	96	static
../Core/Src/lvgl/src/draw/sw/blend/lv_draw_sw_blend_to_argb8888_premultiplied.c:734:28:lv_color_32_32_mix_premul	32	static
../Core/Src/lvgl/src/draw/sw/blend/lv_draw_sw_blend_to_argb8888_premultiplied.c:777:13:lv_color_mix_with_alpha_cache_init	16	static
../Core/Src/lvgl/src/draw/sw/blend/lv_draw_sw_blend_to_argb8888_premultiplied.c:787:44:drawbuf_next_row	16	static
../Core/Src/lvgl/src/draw/sw/blend/lv_draw_sw_blend_to_argb8888_premultiplied.c:793:42:blend_non_normal_pixel_premultiplied	32	static
