../Core/Src/lvgl/src/draw/sw/blend/lv_draw_sw_blend_to_rgb888.c:206:28:lv_draw_sw_blend_color_to_rgb888	96	static
../Core/Src/lvgl/src/draw/sw/blend/lv_draw_sw_blend_to_rgb888.c:334:28:lv_draw_sw_blend_image_to_rgb888	16	static
../Core/Src/lvgl/src/draw/sw/blend/lv_draw_sw_blend_to_rgb888.c:386:35:i1_image_blend	72	static
../Core/Src/lvgl/src/draw/sw/blend/lv_draw_sw_blend_to_rgb888.c:476:35:al88_image_blend	80	static
../Core/Src/lvgl/src/draw/sw/blend/lv_draw_sw_blend_to_rgb888.c:562:35:l8_image_blend	80	static
../Core/Src/lvgl/src/draw/sw/blend/lv_draw_sw_blend_to_rgb888.c:650:35:rgb565_image_blend	80	static
../Core/Src/lvgl/src/draw/sw/blend/lv_draw_sw_blend_to_rgb888.c:748:35:rgb888_image_blend	96	static
../Core/Src/lvgl/src/draw/sw/blend/lv_draw_sw_blend_to_rgb888.c:848:35:argb8888_image_blend	80	static
../Core/Src/lvgl/src/draw/sw/blend/lv_draw_sw_blend_to_rgb888.c:935:42:lv_color_24_24_mix_premult	32	static
../Core/Src/lvgl/src/draw/sw/blend/lv_draw_sw_blend_to_rgb888.c:952:35:argb8888_premultiplied_image_blend	88	static
../Core/Src/lvgl/src/draw/sw/blend/lv_draw_sw_blend_to_rgb888.c:1065:42:blend_non_normal_pixel	32	static
../Core/Src/lvgl/src/draw/sw/blend/lv_draw_sw_blend_to_rgb888.c:1096:42:lv_color_8_24_mix	24	static
../Core/Src/lvgl/src/draw/sw/blend/lv_draw_sw_blend_to_rgb888.c:1114:42:lv_color_24_24_mix	32	static
../Core/Src/lvgl/src/draw/sw/blend/lv_draw_sw_blend_to_rgb888.c:1134:45:get_bit	16	static
../Core/Src/lvgl/src/draw/sw/blend/lv_draw_sw_blend_to_rgb888.c:1141:44:drawbuf_next_row	16	static
