../Core/Src/stm32f4xx_hal_msp.c:64:6:HAL_MspInit	16	static
../Core/Src/stm32f4xx_hal_msp.c:88:6:HAL_DCMI_MspInit	56	static
../Core/Src/stm32f4xx_hal_msp.c:179:6:HAL_DCMI_MspDeInit	16	static
../Core/Src/stm32f4xx_hal_msp.c:225:6:HAL_I2C_MspInit	48	static
../Core/Src/stm32f4xx_hal_msp.c:261:6:HAL_I2C_MspDeInit	16	static
../Core/Src/stm32f4xx_hal_msp.c:288:13:HAL_FSMC_MspInit	32	static
../Core/Src/stm32f4xx_hal_msp.c:346:6:HAL_SRAM_MspInit	16	static
../Core/Src/stm32f4xx_hal_msp.c:358:13:HAL_FSMC_MspDeInit	8	static
../Core/Src/stm32f4xx_hal_msp.c:404:6:HAL_SRAM_MspDeInit	16	static
