../Core/Src/lvgl/src/widgets/scale/../../core/../misc/../font/../draw/../misc/../stdlib/lv_string.h:73:20:lv_memzero	16	static
../Core/Src/lvgl/src/widgets/scale/../../core/lv_obj_style_gen.h:22:23:lv_obj_get_style_width	24	static
../Core/Src/lvgl/src/widgets/scale/../../core/lv_obj_style_gen.h:40:23:lv_obj_get_style_height	24	static
../Core/Src/lvgl/src/widgets/scale/../../core/lv_obj_style_gen.h:58:23:lv_obj_get_style_length	24	static
../Core/Src/lvgl/src/widgets/scale/../../core/lv_obj_style_gen.h:94:23:lv_obj_get_style_translate_x	24	static
../Core/Src/lvgl/src/widgets/scale/../../core/lv_obj_style_gen.h:100:23:lv_obj_get_style_translate_y	24	static
../Core/Src/lvgl/src/widgets/scale/../../core/lv_obj_style_gen.h:106:23:lv_obj_get_style_translate_radial	24	static
../Core/Src/lvgl/src/widgets/scale/../../core/lv_obj_style_gen.h:124:23:lv_obj_get_style_transform_rotation	24	static
../Core/Src/lvgl/src/widgets/scale/../../core/lv_obj_style_gen.h:154:23:lv_obj_get_style_pad_top	24	static
../Core/Src/lvgl/src/widgets/scale/../../core/lv_obj_style_gen.h:160:23:lv_obj_get_style_pad_bottom	24	static
../Core/Src/lvgl/src/widgets/scale/../../core/lv_obj_style_gen.h:166:23:lv_obj_get_style_pad_left	24	static
../Core/Src/lvgl/src/widgets/scale/../../core/lv_obj_style_gen.h:172:23:lv_obj_get_style_pad_right	24	static
../Core/Src/lvgl/src/widgets/scale/../../core/lv_obj_style_gen.h:190:23:lv_obj_get_style_pad_radial	24	static
../Core/Src/lvgl/src/widgets/scale/../../core/lv_obj_style_gen.h:340:23:lv_obj_get_style_border_width	24	static
../Core/Src/lvgl/src/widgets/scale/../../core/lv_obj_style_gen.h:454:23:lv_obj_get_style_line_width	24	static
../Core/Src/lvgl/src/widgets/scale/../../core/lv_obj_style_gen.h:478:26:lv_obj_get_style_line_color	24	static
../Core/Src/lvgl/src/widgets/scale/../../core/lv_obj_style_gen.h:490:24:lv_obj_get_style_line_opa	24	static
../Core/Src/lvgl/src/widgets/scale/../../core/lv_obj_style_gen.h:496:23:lv_obj_get_style_arc_width	24	static
../Core/Src/lvgl/src/widgets/scale/../../core/lv_obj_style_gen.h:502:20:lv_obj_get_style_arc_rounded	24	static
../Core/Src/lvgl/src/widgets/scale/../../core/lv_obj_style_gen.h:508:26:lv_obj_get_style_arc_color	24	static
../Core/Src/lvgl/src/widgets/scale/../../core/lv_obj_style_gen.h:520:24:lv_obj_get_style_arc_opa	24	static
../Core/Src/lvgl/src/widgets/scale/../../core/lv_obj_style_gen.h:526:28:lv_obj_get_style_arc_image_src	24	static
../Core/Src/lvgl/src/widgets/scale/../../core/lv_obj_style_gen.h:532:26:lv_obj_get_style_text_color	24	static
../Core/Src/lvgl/src/widgets/scale/../../core/lv_obj_style_gen.h:544:24:lv_obj_get_style_text_opa	24	static
../Core/Src/lvgl/src/widgets/scale/../../core/lv_obj_style_gen.h:550:33:lv_obj_get_style_text_font	24	static
../Core/Src/lvgl/src/widgets/scale/../../core/lv_obj_style_gen.h:556:23:lv_obj_get_style_text_letter_space	24	static
../Core/Src/lvgl/src/widgets/scale/../../core/lv_obj_style_gen.h:610:23:lv_obj_get_style_radial_offset	24	static
../Core/Src/lvgl/src/widgets/scale/lv_scale.c:95:12:lv_scale_create	24	static
../Core/Src/lvgl/src/widgets/scale/lv_scale.c:115:6:lv_scale_set_mode	24	static
../Core/Src/lvgl/src/widgets/scale/lv_scale.c:125:6:lv_scale_set_total_tick_count	24	static
../Core/Src/lvgl/src/widgets/scale/lv_scale.c:135:6:lv_scale_set_major_tick_every	24	static
../Core/Src/lvgl/src/widgets/scale/lv_scale.c:145:6:lv_scale_set_label_show	24	static
../Core/Src/lvgl/src/widgets/scale/lv_scale.c:155:6:lv_scale_set_range	32	static
../Core/Src/lvgl/src/widgets/scale/lv_scale.c:166:6:lv_scale_set_min_value	24	static
../Core/Src/lvgl/src/widgets/scale/lv_scale.c:176:6:lv_scale_set_max_value	24	static
../Core/Src/lvgl/src/widgets/scale/lv_scale.c:186:6:lv_scale_set_angle_range	24	static
../Core/Src/lvgl/src/widgets/scale/lv_scale.c:196:6:lv_scale_set_rotation	24	static
../Core/Src/lvgl/src/widgets/scale/lv_scale.c:214:6:lv_scale_set_line_needle_value	72	static
../Core/Src/lvgl/src/widgets/scale/lv_scale.c:296:6:lv_scale_set_image_needle_value	32	static
../Core/Src/lvgl/src/widgets/scale/lv_scale.c:319:6:lv_scale_set_text_src	24	static
../Core/Src/lvgl/src/widgets/scale/lv_scale.c:336:6:lv_scale_set_post_draw	24	static
../Core/Src/lvgl/src/widgets/scale/lv_scale.c:346:6:lv_scale_set_draw_ticks_on_top	24	static
../Core/Src/lvgl/src/widgets/scale/lv_scale.c:356:22:lv_scale_add_section	24	static
../Core/Src/lvgl/src/widgets/scale/lv_scale.c:377:6:lv_scale_set_section_range	24	static
../Core/Src/lvgl/src/widgets/scale/lv_scale.c:386:6:lv_scale_set_section_min_value	24	static
../Core/Src/lvgl/src/widgets/scale/lv_scale.c:396:6:lv_scale_set_section_max_value	24	static
../Core/Src/lvgl/src/widgets/scale/lv_scale.c:406:6:lv_scale_section_set_range	24	static
../Core/Src/lvgl/src/widgets/scale/lv_scale.c:415:6:lv_scale_set_section_style_main	24	static
../Core/Src/lvgl/src/widgets/scale/lv_scale.c:424:6:lv_scale_set_section_style_indicator	24	static
../Core/Src/lvgl/src/widgets/scale/lv_scale.c:433:6:lv_scale_set_section_style_items	24	static
../Core/Src/lvgl/src/widgets/scale/lv_scale.c:442:6:lv_scale_section_set_style	24	static
../Core/Src/lvgl/src/widgets/scale/lv_scale.c:468:17:lv_scale_get_mode	24	static
../Core/Src/lvgl/src/widgets/scale/lv_scale.c:474:9:lv_scale_get_total_tick_count	24	static
../Core/Src/lvgl/src/widgets/scale/lv_scale.c:480:9:lv_scale_get_major_tick_every	24	static
../Core/Src/lvgl/src/widgets/scale/lv_scale.c:486:9:lv_scale_get_rotation	24	static
../Core/Src/lvgl/src/widgets/scale/lv_scale.c:492:6:lv_scale_get_label_show	24	static
../Core/Src/lvgl/src/widgets/scale/lv_scale.c:498:10:lv_scale_get_angle_range	24	static
../Core/Src/lvgl/src/widgets/scale/lv_scale.c:504:9:lv_scale_get_range_min_value	24	static
../Core/Src/lvgl/src/widgets/scale/lv_scale.c:510:9:lv_scale_get_range_max_value	24	static
../Core/Src/lvgl/src/widgets/scale/lv_scale.c:524:13:lv_scale_constructor	24	static
../Core/Src/lvgl/src/widgets/scale/lv_scale.c:553:13:lv_scale_destructor	24	static
../Core/Src/lvgl/src/widgets/scale/lv_scale.c:570:13:lv_scale_event	32	static
../Core/Src/lvgl/src/widgets/scale/lv_scale.c:622:13:scale_draw_indicator	400	static
../Core/Src/lvgl/src/widgets/scale/lv_scale.c:721:13:scale_draw_label	288	static
../Core/Src/lvgl/src/widgets/scale/lv_scale.c:843:13:scale_calculate_main_compensation	208	static
../Core/Src/lvgl/src/widgets/scale/lv_scale.c:902:13:scale_draw_main	296	static
../Core/Src/lvgl/src/widgets/scale/lv_scale.c:1079:13:scale_get_center	56	static
../Core/Src/lvgl/src/widgets/scale/lv_scale.c:1105:13:scale_get_tick_points	240	static
../Core/Src/lvgl/src/widgets/scale/lv_scale.c:1272:13:scale_get_label_coords	64	static
../Core/Src/lvgl/src/widgets/scale/lv_scale.c:1340:13:scale_set_line_properties	40	static
../Core/Src/lvgl/src/widgets/scale/lv_scale.c:1390:13:scale_set_arc_properties	40	static
../Core/Src/lvgl/src/widgets/scale/lv_scale.c:1459:13:scale_set_indicator_label_properties	40	static
../Core/Src/lvgl/src/widgets/scale/lv_scale.c:1511:13:scale_find_section_tick_idx	56	static
../Core/Src/lvgl/src/widgets/scale/lv_scale.c:1565:13:scale_store_main_line_tick_width_compensation	40	static
../Core/Src/lvgl/src/widgets/scale/lv_scale.c:1612:13:scale_build_custom_label_text	32	static
../Core/Src/lvgl/src/widgets/scale/lv_scale.c:1644:13:scale_store_section_line_tick_width_compensation	40	static
../Core/Src/lvgl/src/widgets/scale/lv_scale.c:1711:13:scale_free_line_needle_points_cb	24	static
../Core/Src/lvgl/src/widgets/scale/lv_scale.c:1717:13:scale_is_major_tick	16	static
