../Core/Src/lvgl/src/widgets/image/../../core/lv_obj_style_gen.h:430:24:lv_obj_get_style_image_opa	24	static
../Core/Src/lvgl/src/widgets/image/../../core/lv_obj_style_gen.h:550:33:lv_obj_get_style_text_font	24	static
../Core/Src/lvgl/src/widgets/image/../../core/lv_obj_style_gen.h:556:23:lv_obj_get_style_text_letter_space	24	static
../Core/Src/lvgl/src/widgets/image/../../core/lv_obj_style_gen.h:562:23:lv_obj_get_style_text_line_space	24	static
../Core/Src/lvgl/src/widgets/image/../../core/lv_obj_style_gen.h:604:23:lv_obj_get_style_radius	24	static
../Core/Src/lvgl/src/widgets/image/lv_image.c:140:12:lv_image_create	24	static
../Core/Src/lvgl/src/widgets/image/lv_image.c:152:6:lv_image_set_src	80	static
../Core/Src/lvgl/src/widgets/image/lv_image.c:268:6:lv_image_set_offset_x	24	static
../Core/Src/lvgl/src/widgets/image/lv_image.c:278:6:lv_image_set_offset_y	24	static
../Core/Src/lvgl/src/widgets/image/lv_image.c:288:6:lv_image_set_rotation	80	static
../Core/Src/lvgl/src/widgets/image/lv_image.c:333:6:lv_image_set_pivot	88	static
../Core/Src/lvgl/src/widgets/image/lv_image.c:376:6:lv_image_set_pivot_x	24	static
../Core/Src/lvgl/src/widgets/image/lv_image.c:384:6:lv_image_set_pivot_y	24	static
../Core/Src/lvgl/src/widgets/image/lv_image.c:392:6:lv_image_set_scale	24	static
../Core/Src/lvgl/src/widgets/image/lv_image.c:408:6:lv_image_set_scale_x	24	static
../Core/Src/lvgl/src/widgets/image/lv_image.c:424:6:lv_image_set_scale_y	24	static
../Core/Src/lvgl/src/widgets/image/lv_image.c:440:6:lv_image_set_blend_mode	24	static
../Core/Src/lvgl/src/widgets/image/lv_image.c:454:6:lv_image_set_antialias	24	static
../Core/Src/lvgl/src/widgets/image/lv_image.c:465:6:lv_image_set_inner_align	24	static
../Core/Src/lvgl/src/widgets/image/lv_image.c:484:6:lv_image_set_bitmap_map_src	24	static
../Core/Src/lvgl/src/widgets/image/lv_image.c:496:14:lv_image_get_src	24	static
../Core/Src/lvgl/src/widgets/image/lv_image.c:505:9:lv_image_get_offset_x	24	static
../Core/Src/lvgl/src/widgets/image/lv_image.c:514:9:lv_image_get_offset_y	24	static
../Core/Src/lvgl/src/widgets/image/lv_image.c:523:9:lv_image_get_rotation	24	static
../Core/Src/lvgl/src/widgets/image/lv_image.c:532:6:lv_image_get_pivot	24	static
../Core/Src/lvgl/src/widgets/image/lv_image.c:542:9:lv_image_get_scale	24	static
../Core/Src/lvgl/src/widgets/image/lv_image.c:551:9:lv_image_get_scale_x	24	static
../Core/Src/lvgl/src/widgets/image/lv_image.c:560:9:lv_image_get_scale_y	24	static
../Core/Src/lvgl/src/widgets/image/lv_image.c:569:9:lv_image_get_src_width	24	static
../Core/Src/lvgl/src/widgets/image/lv_image.c:579:9:lv_image_get_src_height	24	static
../Core/Src/lvgl/src/widgets/image/lv_image.c:589:9:lv_image_get_transformed_width	80	static
../Core/Src/lvgl/src/widgets/image/lv_image.c:605:9:lv_image_get_transformed_height	80	static
../Core/Src/lvgl/src/widgets/image/lv_image.c:621:17:lv_image_get_blend_mode	24	static
../Core/Src/lvgl/src/widgets/image/lv_image.c:630:6:lv_image_get_antialias	24	static
../Core/Src/lvgl/src/widgets/image/lv_image.c:639:18:lv_image_get_inner_align	24	static
../Core/Src/lvgl/src/widgets/image/lv_image.c:648:24:lv_image_get_bitmap_map_src	24	static
../Core/Src/lvgl/src/widgets/image/lv_image.c:661:13:lv_image_constructor	24	static
../Core/Src/lvgl/src/widgets/image/lv_image.c:687:13:lv_image_destructor	24	static
../Core/Src/lvgl/src/widgets/image/lv_image.c:698:13:lv_image_event	144	static
../Core/Src/lvgl/src/widgets/image/lv_image.c:784:13:draw_image	288	static
../Core/Src/lvgl/src/widgets/image/lv_image.c:948:13:scale_update	88	static
../Core/Src/lvgl/src/widgets/image/lv_image.c:983:13:update_align	56	static
