../Core/Src/lvgl/src/indev/../core/../misc/../font/../draw/../misc/../stdlib/lv_string.h:73:20:lv_memzero	16	static
../Core/Src/lvgl/src/indev/../core/lv_obj_style_gen.h:112:23:lv_obj_get_style_transform_scale_x	24	static
../Core/Src/lvgl/src/indev/../core/lv_obj_style_gen.h:118:23:lv_obj_get_style_transform_scale_y	24	static
../Core/Src/lvgl/src/indev/../core/lv_obj_style_gen.h:124:23:lv_obj_get_style_transform_rotation	24	static
../Core/Src/lvgl/src/indev/../core/lv_obj_style_gen.h:700:24:lv_obj_get_style_rotary_sensitivity	24	static
../Core/Src/lvgl/src/indev/../core/lv_obj_style.h:358:23:lv_obj_get_style_transform_scale_x_safe	24	static
../Core/Src/lvgl/src/indev/../core/lv_obj_style.h:364:23:lv_obj_get_style_transform_scale_y_safe	24	static
../Core/Src/lvgl/src/indev/lv_indev.c:90:20:indev_scroll_throw_anim_reset	16	static
../Core/Src/lvgl/src/indev/lv_indev.c:116:14:lv_indev_create	16	static
../Core/Src/lvgl/src/indev/lv_indev.c:151:6:lv_indev_delete	16	static
../Core/Src/lvgl/src/indev/lv_indev.c:167:14:lv_indev_get_next	16	static
../Core/Src/lvgl/src/indev/lv_indev.c:175:6:indev_read_core	16	static
../Core/Src/lvgl/src/indev/lv_indev.c:210:6:lv_indev_read_timer_cb	16	static
../Core/Src/lvgl/src/indev/lv_indev.c:215:6:lv_indev_read	88	static
../Core/Src/lvgl/src/indev/lv_indev.c:284:6:lv_indev_enable	24	static
../Core/Src/lvgl/src/indev/lv_indev.c:298:14:lv_indev_active	4	static
../Core/Src/lvgl/src/indev/lv_indev.c:303:6:lv_indev_set_type	16	static
../Core/Src/lvgl/src/indev/lv_indev.c:311:6:lv_indev_set_read_cb	16	static
../Core/Src/lvgl/src/indev/lv_indev.c:318:6:lv_indev_set_user_data	16	static
../Core/Src/lvgl/src/indev/lv_indev.c:324:6:lv_indev_set_driver_data	16	static
../Core/Src/lvgl/src/indev/lv_indev.c:330:20:lv_indev_get_read_cb	16	static
../Core/Src/lvgl/src/indev/lv_indev.c:340:17:lv_indev_get_type	16	static
../Core/Src/lvgl/src/indev/lv_indev.c:347:18:lv_indev_get_state	16	static
../Core/Src/lvgl/src/indev/lv_indev.c:354:14:lv_indev_get_group	16	static
../Core/Src/lvgl/src/indev/lv_indev.c:361:16:lv_indev_get_display	16	static
../Core/Src/lvgl/src/indev/lv_indev.c:368:6:lv_indev_set_display	16	static
../Core/Src/lvgl/src/indev/lv_indev.c:375:6:lv_indev_set_long_press_time	16	static
../Core/Src/lvgl/src/indev/lv_indev.c:382:6:lv_indev_set_long_press_repeat_time	16	static
../Core/Src/lvgl/src/indev/lv_indev.c:389:6:lv_indev_set_scroll_limit	16	static
../Core/Src/lvgl/src/indev/lv_indev.c:396:6:lv_indev_set_scroll_throw	16	static
../Core/Src/lvgl/src/indev/lv_indev.c:403:8:lv_indev_get_user_data	16	static
../Core/Src/lvgl/src/indev/lv_indev.c:409:8:lv_indev_get_driver_data	16	static
../Core/Src/lvgl/src/indev/lv_indev.c:416:6:lv_indev_get_press_moved	16	static
../Core/Src/lvgl/src/indev/lv_indev.c:423:6:lv_indev_reset	24	static
../Core/Src/lvgl/src/indev/lv_indev.c:438:6:lv_indev_stop_processing	16	static
../Core/Src/lvgl/src/indev/lv_indev.c:444:6:lv_indev_reset_long_press	16	static
../Core/Src/lvgl/src/indev/lv_indev.c:450:6:lv_indev_set_cursor	24	static
../Core/Src/lvgl/src/indev/lv_indev.c:461:6:lv_indev_set_group	16	static
../Core/Src/lvgl/src/indev/lv_indev.c:468:6:lv_indev_set_button_points	16	static
../Core/Src/lvgl/src/indev/lv_indev.c:475:6:lv_indev_get_point	16	static
../Core/Src/lvgl/src/indev/lv_indev.c:491:10:lv_indev_get_gesture_dir	16	static
../Core/Src/lvgl/src/indev/lv_indev.c:496:10:lv_indev_get_key	24	static
../Core/Src/lvgl/src/indev/lv_indev.c:506:9:lv_indev_get_short_click_streak	16	static
../Core/Src/lvgl/src/indev/lv_indev.c:511:10:lv_indev_get_scroll_dir	16	static
../Core/Src/lvgl/src/indev/lv_indev.c:518:12:lv_indev_get_scroll_obj	16	static
../Core/Src/lvgl/src/indev/lv_indev.c:525:6:lv_indev_get_vect	16	static
../Core/Src/lvgl/src/indev/lv_indev.c:538:12:lv_indev_get_cursor	16	static
../Core/Src/lvgl/src/indev/lv_indev.c:544:6:lv_indev_wait_release	16	static
../Core/Src/lvgl/src/indev/lv_indev.c:550:12:lv_indev_get_active_obj	4	static
../Core/Src/lvgl/src/indev/lv_indev.c:555:14:lv_indev_get_read_timer	16	static
../Core/Src/lvgl/src/indev/lv_indev.c:565:17:lv_indev_get_mode	16	static
../Core/Src/lvgl/src/indev/lv_indev.c:571:6:lv_indev_set_mode	16	static
../Core/Src/lvgl/src/indev/lv_indev.c:589:12:lv_indev_search_obj	72	static
../Core/Src/lvgl/src/indev/lv_indev.c:625:6:lv_indev_add_event_cb	24	static
../Core/Src/lvgl/src/indev/lv_indev.c:632:10:lv_indev_get_event_count	16	static
../Core/Src/lvgl/src/indev/lv_indev.c:638:18:lv_indev_get_event_dsc	16	static
../Core/Src/lvgl/src/indev/lv_indev.c:645:6:lv_indev_remove_event	16	static
../Core/Src/lvgl/src/indev/lv_indev.c:652:10:lv_indev_remove_event_cb_with_user_data	40	static
../Core/Src/lvgl/src/indev/lv_indev.c:671:13:lv_indev_send_event	56	static
../Core/Src/lvgl/src/indev/lv_indev.c:699:13:indev_pointer_proc	24	static
../Core/Src/lvgl/src/indev/lv_indev.c:767:13:indev_keypad_proc	32	static
../Core/Src/lvgl/src/indev/lv_indev.c:911:13:indev_encoder_proc	40	static
../Core/Src/lvgl/src/indev/lv_indev.c:1140:13:indev_button_proc	24	static
../Core/Src/lvgl/src/indev/lv_indev.c:1196:16:indev_scroll_throw_decay	16	static
../Core/Src/lvgl/src/indev/lv_indev.c:1207:13:indev_proc_press	40	static
../Core/Src/lvgl/src/indev/lv_indev.c:1410:13:indev_proc_release	80	static
../Core/Src/lvgl/src/indev/lv_indev.c:1542:20:indev_proc_short_click	32	static
../Core/Src/lvgl/src/indev/lv_indev.c:1576:13:indev_proc_pointer_diff	56	static
../Core/Src/lvgl/src/indev/lv_indev.c:1610:19:pointer_search_obj	16	static
../Core/Src/lvgl/src/indev/lv_indev.c:1633:13:indev_proc_reset_query_handler	16	static
../Core/Src/lvgl/src/indev/lv_indev.c:1662:13:indev_click_focus	24	static
../Core/Src/lvgl/src/indev/lv_indev.c:1730:6:indev_gesture	24	static
../Core/Src/lvgl/src/indev/lv_indev.c:1785:13:indev_reset_check	16	static
../Core/Src/lvgl/src/indev/lv_indev.c:1799:13:indev_stop_processing_check	16	static
../Core/Src/lvgl/src/indev/lv_indev.c:1809:13:indev_reset_core	24	static
../Core/Src/lvgl/src/indev/lv_indev.c:1849:20:send_event	24	static
../Core/Src/lvgl/src/indev/lv_indev.c:1876:13:indev_scroll_throw_anim_cb	24	static
../Core/Src/lvgl/src/indev/lv_indev.c:1892:13:indev_scroll_throw_anim_completed_cb	16	static
../Core/Src/lvgl/src/indev/lv_indev.c:1899:13:indev_scroll_throw_anim_start	112	static
../Core/Src/lvgl/src/indev/lv_indev.c:1920:13:indev_init_gesture_recognizers	16	static
