../Core/Src/lvgl/src/draw/sw/lv_draw_sw_utils.c:129:6:lv_draw_sw_i1_to_argb8888	56	static
../Core/Src/lvgl/src/draw/sw/lv_draw_sw_utils.c:149:6:lv_draw_sw_rgb565_swap	32	static
../Core/Src/lvgl/src/draw/sw/lv_draw_sw_utils.c:192:6:lv_draw_sw_i1_invert	32	static
../Core/Src/lvgl/src/draw/sw/lv_draw_sw_utils.c:223:6:lv_draw_sw_i1_convert_to_vtiled	56	static
../Core/Src/lvgl/src/draw/sw/lv_draw_sw_utils.c:252:6:lv_draw_sw_rotate	32	static
../Core/Src/lvgl/src/draw/sw/lv_draw_sw_utils.c:352:13:rotate270_argb8888	40	static
../Core/Src/lvgl/src/draw/sw/lv_draw_sw_utils.c:373:13:rotate180_argb8888	40	static
../Core/Src/lvgl/src/draw/sw/lv_draw_sw_utils.c:393:13:rotate90_argb8888	40	static
../Core/Src/lvgl/src/draw/sw/lv_draw_sw_utils.c:417:13:rotate90_rgb888	40	static
../Core/Src/lvgl/src/draw/sw/lv_draw_sw_utils.c:436:13:rotate180_rgb888	40	static
../Core/Src/lvgl/src/draw/sw/lv_draw_sw_utils.c:454:13:rotate270_rgb888	40	static
../Core/Src/lvgl/src/draw/sw/lv_draw_sw_utils.c:476:13:rotate270_rgb565	40	static
../Core/Src/lvgl/src/draw/sw/lv_draw_sw_utils.c:497:13:rotate180_rgb565	40	static
../Core/Src/lvgl/src/draw/sw/lv_draw_sw_utils.c:516:13:rotate90_rgb565	40	static
../Core/Src/lvgl/src/draw/sw/lv_draw_sw_utils.c:542:13:rotate90_l8	40	static
../Core/Src/lvgl/src/draw/sw/lv_draw_sw_utils.c:560:13:rotate180_l8	40	static
../Core/Src/lvgl/src/draw/sw/lv_draw_sw_utils.c:576:13:rotate270_l8	40	static
