../Core/Src/lvgl/src/core/../misc/../font/../draw/../misc/../stdlib/lv_string.h:73:20:lv_memzero	16	static
../Core/Src/lvgl/src/core/../misc/lv_bidi.h:71:20:lv_bidi_calculate_align	24	static
../Core/Src/lvgl/src/core/../misc/lv_style.h:372:20:lv_style_is_const	16	static
../Core/Src/lvgl/src/core/../misc/lv_style.h:467:30:lv_style_get_prop_inlined	48	static
../Core/Src/lvgl/src/core/../misc/lv_style.h:507:24:lv_style_get_prop_group	24	static
../Core/Src/lvgl/src/core/../misc/lv_style.h:593:20:lv_style_prop_has_flag	16	static
../Core/Src/lvgl/src/core/lv_obj_style.h:252:26:lv_obj_style_get_selector_state	16	static
../Core/Src/lvgl/src/core/lv_obj_style.h:257:25:lv_obj_style_get_selector_part	16	static
../Core/Src/lvgl/src/core/lv_obj_style_gen.h:22:23:lv_obj_get_style_width	24	static
../Core/Src/lvgl/src/core/lv_obj_style_gen.h:40:23:lv_obj_get_style_height	24	static
../Core/Src/lvgl/src/core/lv_obj_style_gen.h:112:23:lv_obj_get_style_transform_scale_x	24	static
../Core/Src/lvgl/src/core/lv_obj_style_gen.h:118:23:lv_obj_get_style_transform_scale_y	24	static
../Core/Src/lvgl/src/core/lv_obj_style_gen.h:124:23:lv_obj_get_style_transform_rotation	24	static
../Core/Src/lvgl/src/core/lv_obj_style_gen.h:142:23:lv_obj_get_style_transform_skew_x	24	static
../Core/Src/lvgl/src/core/lv_obj_style_gen.h:148:23:lv_obj_get_style_transform_skew_y	24	static
../Core/Src/lvgl/src/core/lv_obj_style_gen.h:574:31:lv_obj_get_style_text_align	24	static
../Core/Src/lvgl/src/core/lv_obj_style_gen.h:622:24:lv_obj_get_style_opa	24	static
../Core/Src/lvgl/src/core/lv_obj_style_gen.h:628:24:lv_obj_get_style_opa_layered	24	static
../Core/Src/lvgl/src/core/lv_obj_style_gen.h:646:26:lv_obj_get_style_recolor	24	static
../Core/Src/lvgl/src/core/lv_obj_style_gen.h:652:24:lv_obj_get_style_recolor_opa	24	static
../Core/Src/lvgl/src/core/lv_obj_style_gen.h:676:31:lv_obj_get_style_blend_mode	24	static
../Core/Src/lvgl/src/core/lv_obj_style_gen.h:688:29:lv_obj_get_style_base_dir	24	static
../Core/Src/lvgl/src/core/lv_obj_style_gen.h:694:28:lv_obj_get_style_bitmap_mask_src	24	static
../Core/Src/lvgl/src/core/lv_obj_style.c:84:6:lv_obj_style_init	8	static
../Core/Src/lvgl/src/core/lv_obj_style.c:89:6:lv_obj_style_deinit	8	static
../Core/Src/lvgl/src/core/lv_obj_style.c:98:6:lv_obj_add_style	40	static
../Core/Src/lvgl/src/core/lv_obj_style.c:157:6:lv_obj_replace_style	48	static
../Core/Src/lvgl/src/core/lv_obj_style.c:203:6:lv_obj_remove_style	56	static
../Core/Src/lvgl/src/core/lv_obj_style.c:256:6:lv_obj_remove_style_all	16	static
../Core/Src/lvgl/src/core/lv_obj_style.c:261:6:lv_obj_report_style_change	24	static
../Core/Src/lvgl/src/core/lv_obj_style.c:275:6:lv_obj_refresh_style	32	static
../Core/Src/lvgl/src/core/lv_obj_style.c:323:6:lv_obj_style_set_disabled	32	static
../Core/Src/lvgl/src/core/lv_obj_style.c:340:6:lv_obj_style_get_disabled	32	static
../Core/Src/lvgl/src/core/lv_obj_style.c:354:6:lv_obj_enable_style_refresh	16	static
../Core/Src/lvgl/src/core/lv_obj_style.c:359:18:lv_obj_get_style_prop	40	static
../Core/Src/lvgl/src/core/lv_obj_style.c:373:6:lv_obj_has_style_prop	32	static
../Core/Src/lvgl/src/core/lv_obj_style.c:386:6:lv_obj_set_local_style_prop	32	static
../Core/Src/lvgl/src/core/lv_obj_style.c:415:16:lv_obj_get_local_style_prop	32	static
../Core/Src/lvgl/src/core/lv_obj_style.c:429:6:lv_obj_remove_local_style_prop	32	static
../Core/Src/lvgl/src/core/lv_obj_style.c:454:6:lv_obj_style_create_transition	144	static
../Core/Src/lvgl/src/core/lv_obj_style.c:509:18:lv_obj_style_apply_color_filter	32	static
../Core/Src/lvgl/src/core/lv_obj_style.c:526:22:lv_obj_style_state_compare	40	static
../Core/Src/lvgl/src/core/lv_obj_style.c:587:6:lv_obj_fade_in	120	static
../Core/Src/lvgl/src/core/lv_obj_style.c:600:6:lv_obj_fade_out	120	static
../Core/Src/lvgl/src/core/lv_obj_style.c:612:17:lv_obj_calculate_style_text_align	32	static
../Core/Src/lvgl/src/core/lv_obj_style.c:620:10:lv_obj_get_style_opa_recursive	24	static
../Core/Src/lvgl/src/core/lv_obj_style.c:668:6:lv_obj_update_layer_type	24	static
../Core/Src/lvgl/src/core/lv_obj_style.c:678:14:lv_obj_style_apply_recolor	40	static
../Core/Src/lvgl/src/core/lv_obj_style.c:689:14:lv_obj_get_style_recolor_recursive	32	static
../Core/Src/lvgl/src/core/lv_obj_style.c:724:21:get_local_style	32	static
../Core/Src/lvgl/src/core/lv_obj_style.c:762:25:get_trans_style	32	static
../Core/Src/lvgl/src/core/lv_obj_style.c:789:23:get_prop_core	72	static
../Core/Src/lvgl/src/core/lv_obj_style.c:850:13:report_style_change_core	24	static
../Core/Src/lvgl/src/core/lv_obj_style.c:872:13:refresh_children_style	32	static
../Core/Src/lvgl/src/core/lv_obj_style.c:895:13:trans_delete	40	static
../Core/Src/lvgl/src/core/lv_obj_style.c:929:13:trans_anim_cb	40	static
../Core/Src/lvgl/src/core/lv_obj_style.c:994:13:trans_anim_start_cb	40	static
../Core/Src/lvgl/src/core/lv_obj_style.c:1017:13:trans_anim_completed_cb	48	static
../Core/Src/lvgl/src/core/lv_obj_style.c:1055:24:calculate_layer_type	16	static
../Core/Src/lvgl/src/core/lv_obj_style.c:1071:13:full_cache_refresh	16	static
../Core/Src/lvgl/src/core/lv_obj_style.c:1124:13:fade_anim_cb	16	static
../Core/Src/lvgl/src/core/lv_obj_style.c:1129:13:fade_in_anim_completed	16	static
../Core/Src/lvgl/src/core/lv_obj_style.c:1134:13:style_has_flag	32	static
../Core/Src/lvgl/src/core/lv_obj_style.c:1157:23:get_selector_style_prop	40	static
